Archive member included to satisfy reference by file (symbol)

c:/st/stm32cubeide_1.1.0/stm32cubeide/plugins/com.st.stm32cube.ide.mcu.externaltools.gnu-tools-for-stm32.10.3-2021.10.win32_1.0.0.202111181127/tools/bin/../lib/gcc/arm-none-eabi/10.3.1/../../../../arm-none-eabi/lib/thumb/v7e-m/nofp\libc_nano.a(lib_a-errno.o)
                              ./Bsw/MCal/Mcu/syscalls.o (__errno)
c:/st/stm32cubeide_1.1.0/stm32cubeide/plugins/com.st.stm32cube.ide.mcu.externaltools.gnu-tools-for-stm32.10.3-2021.10.win32_1.0.0.202111181127/tools/bin/../lib/gcc/arm-none-eabi/10.3.1/../../../../arm-none-eabi/lib/thumb/v7e-m/nofp\libc_nano.a(lib_a-exit.o)
                              c:/st/stm32cubeide_1.1.0/stm32cubeide/plugins/com.st.stm32cube.ide.mcu.externaltools.gnu-tools-for-stm32.10.3-2021.10.win32_1.0.0.202111181127/tools/bin/../lib/gcc/arm-none-eabi/10.3.1/../../../../arm-none-eabi/lib/thumb/v7e-m/nofp/crt0.o (exit)
c:/st/stm32cubeide_1.1.0/stm32cubeide/plugins/com.st.stm32cube.ide.mcu.externaltools.gnu-tools-for-stm32.10.3-2021.10.win32_1.0.0.202111181127/tools/bin/../lib/gcc/arm-none-eabi/10.3.1/../../../../arm-none-eabi/lib/thumb/v7e-m/nofp\libc_nano.a(lib_a-impure.o)
                              c:/st/stm32cubeide_1.1.0/stm32cubeide/plugins/com.st.stm32cube.ide.mcu.externaltools.gnu-tools-for-stm32.10.3-2021.10.win32_1.0.0.202111181127/tools/bin/../lib/gcc/arm-none-eabi/10.3.1/../../../../arm-none-eabi/lib/thumb/v7e-m/nofp\libc_nano.a(lib_a-exit.o) (_global_impure_ptr)
c:/st/stm32cubeide_1.1.0/stm32cubeide/plugins/com.st.stm32cube.ide.mcu.externaltools.gnu-tools-for-stm32.10.3-2021.10.win32_1.0.0.202111181127/tools/bin/../lib/gcc/arm-none-eabi/10.3.1/../../../../arm-none-eabi/lib/thumb/v7e-m/nofp\libc_nano.a(lib_a-init.o)
                              c:/st/stm32cubeide_1.1.0/stm32cubeide/plugins/com.st.stm32cube.ide.mcu.externaltools.gnu-tools-for-stm32.10.3-2021.10.win32_1.0.0.202111181127/tools/bin/../lib/gcc/arm-none-eabi/10.3.1/../../../../arm-none-eabi/lib/thumb/v7e-m/nofp/crt0.o (__libc_init_array)
c:/st/stm32cubeide_1.1.0/stm32cubeide/plugins/com.st.stm32cube.ide.mcu.externaltools.gnu-tools-for-stm32.10.3-2021.10.win32_1.0.0.202111181127/tools/bin/../lib/gcc/arm-none-eabi/10.3.1/../../../../arm-none-eabi/lib/thumb/v7e-m/nofp\libc_nano.a(lib_a-memset.o)
                              c:/st/stm32cubeide_1.1.0/stm32cubeide/plugins/com.st.stm32cube.ide.mcu.externaltools.gnu-tools-for-stm32.10.3-2021.10.win32_1.0.0.202111181127/tools/bin/../lib/gcc/arm-none-eabi/10.3.1/../../../../arm-none-eabi/lib/thumb/v7e-m/nofp/crt0.o (memset)
c:/st/stm32cubeide_1.1.0/stm32cubeide/plugins/com.st.stm32cube.ide.mcu.externaltools.gnu-tools-for-stm32.10.3-2021.10.win32_1.0.0.202111181127/tools/bin/../lib/gcc/arm-none-eabi/10.3.1/../../../../arm-none-eabi/lib/thumb/v7e-m/nofp\libc_nano.a(lib_a-sprintf.o)
                              ./Rte/Rte.o (sprintf)
c:/st/stm32cubeide_1.1.0/stm32cubeide/plugins/com.st.stm32cube.ide.mcu.externaltools.gnu-tools-for-stm32.10.3-2021.10.win32_1.0.0.202111181127/tools/bin/../lib/gcc/arm-none-eabi/10.3.1/../../../../arm-none-eabi/lib/thumb/v7e-m/nofp\libc_nano.a(lib_a-strlen.o)
                              ./Rte/Rte.o (strlen)
c:/st/stm32cubeide_1.1.0/stm32cubeide/plugins/com.st.stm32cube.ide.mcu.externaltools.gnu-tools-for-stm32.10.3-2021.10.win32_1.0.0.202111181127/tools/bin/../lib/gcc/arm-none-eabi/10.3.1/../../../../arm-none-eabi/lib/thumb/v7e-m/nofp\libc_nano.a(lib_a-nano-svfprintf.o)
                              c:/st/stm32cubeide_1.1.0/stm32cubeide/plugins/com.st.stm32cube.ide.mcu.externaltools.gnu-tools-for-stm32.10.3-2021.10.win32_1.0.0.202111181127/tools/bin/../lib/gcc/arm-none-eabi/10.3.1/../../../../arm-none-eabi/lib/thumb/v7e-m/nofp\libc_nano.a(lib_a-sprintf.o) (_svfprintf_r)
c:/st/stm32cubeide_1.1.0/stm32cubeide/plugins/com.st.stm32cube.ide.mcu.externaltools.gnu-tools-for-stm32.10.3-2021.10.win32_1.0.0.202111181127/tools/bin/../lib/gcc/arm-none-eabi/10.3.1/../../../../arm-none-eabi/lib/thumb/v7e-m/nofp\libc_nano.a(lib_a-nano-vfprintf_i.o)
                              c:/st/stm32cubeide_1.1.0/stm32cubeide/plugins/com.st.stm32cube.ide.mcu.externaltools.gnu-tools-for-stm32.10.3-2021.10.win32_1.0.0.202111181127/tools/bin/../lib/gcc/arm-none-eabi/10.3.1/../../../../arm-none-eabi/lib/thumb/v7e-m/nofp\libc_nano.a(lib_a-nano-svfprintf.o) (_printf_i)
c:/st/stm32cubeide_1.1.0/stm32cubeide/plugins/com.st.stm32cube.ide.mcu.externaltools.gnu-tools-for-stm32.10.3-2021.10.win32_1.0.0.202111181127/tools/bin/../lib/gcc/arm-none-eabi/10.3.1/../../../../arm-none-eabi/lib/thumb/v7e-m/nofp\libc_nano.a(lib_a-memchr.o)
                              c:/st/stm32cubeide_1.1.0/stm32cubeide/plugins/com.st.stm32cube.ide.mcu.externaltools.gnu-tools-for-stm32.10.3-2021.10.win32_1.0.0.202111181127/tools/bin/../lib/gcc/arm-none-eabi/10.3.1/../../../../arm-none-eabi/lib/thumb/v7e-m/nofp\libc_nano.a(lib_a-nano-svfprintf.o) (memchr)
[...]
Memory Configuration

Name             Origin             Length             Attributes
CCMRAM           0x0000000010000000 0x0000000000004000 xrw
RAM              0x0000000020000000 0x0000000000010000 xrw
FLASH            0x0000000008000000 0x0000000000080000 xr
*default*        0x0000000000000000 0xffffffffffffffff

Linker script and memory map

LOAD c:/st/stm32cubeide_1.1.0/stm32cubeide/plugins/com.st.stm32cube.ide.mcu.externaltools.gnu-tools-for-stm32.10.3-2021.10.win32_1.0.0.202111181127/tools/bin/../lib/gcc/arm-none-eabi/10.3.1/thumb/v7e-m/nofp/crti.o
LOAD c:/st/stm32cubeide_1.1.0/stm32cubeide/plugins/com.st.stm32cube.ide.mcu.externaltools.gnu-tools-for-stm32.10.3-2021.10.win32_1.0.0.202111181127/tools/bin/../lib/gcc/arm-none-eabi/10.3.1/thumb/v7e-m/nofp/crtbegin.o
LOAD c:/st/stm32cubeide_1.1.0/stm32cubeide/plugins/com.st.stm32cube.ide.mcu.externaltools.gnu-tools-for-stm32.10.3-2021.10.win32_1.0.0.202111181127/tools/bin/../lib/gcc/arm-none-eabi/10.3.1/../../../../arm-none-eabi/lib/thumb/v7e-m/nofp/crt0.o
LOAD ./Asw/Access/Access.o
LOAD ./Asw/Brakes/Brakes.o
LOAD ./Asw/Engine/Engine.o
LOAD ./Asw/LED/LED.o
LOAD ./Asw/Steering/Steering.o
LOAD ./Bsw/Cdd/Cdd_Servo/Cdd_Servo.o
LOAD ./Bsw/MCal/Adc/stm32f3xx_hal_adc.o
LOAD ./Bsw/MCal/Adc/stm32f3xx_hal_adc_ex.o
LOAD ./Bsw/MCal/Dio/stm32f3xx_hal_gpio.o
LOAD ./Bsw/MCal/Dma/stm32f3xx_hal_dma.o
LOAD ./Bsw/MCal/Fls/stm32f3xx_hal_flash.o
LOAD ./Bsw/MCal/Fls/stm32f3xx_hal_flash_ex.o
LOAD ./Bsw/MCal/Gpt/Gpt.o
LOAD ./Bsw/MCal/Gpt/stm32f3xx_hal_tim.o
LOAD ./Bsw/MCal/Gpt/stm32f3xx_hal_tim_ex.o
LOAD ./Bsw/MCal/I2c/stm32f3xx_hal_i2c.o
LOAD ./Bsw/MCal/I2c/stm32f3xx_hal_i2c_ex.o
LOAD ./Bsw/MCal/Int/Int.o
LOAD ./Bsw/MCal/Mcu/mcu.o
LOAD ./Bsw/MCal/Mcu/stm32f3xx_hal.o
LOAD ./Bsw/MCal/Mcu/stm32f3xx_hal_cortex.o
LOAD ./Bsw/MCal/Mcu/stm32f3xx_hal_exti.o
LOAD ./Bsw/MCal/Mcu/stm32f3xx_hal_msp.o
LOAD ./Bsw/MCal/Mcu/stm32f3xx_hal_rcc.o
LOAD ./Bsw/MCal/Mcu/stm32f3xx_hal_rcc_ex.o
LOAD ./Bsw/MCal/Mcu/stm32f3xx_it.o
LOAD ./Bsw/MCal/Mcu/syscalls.o
LOAD ./Bsw/MCal/Mcu/sysmem.o
LOAD ./Bsw/MCal/Pwr/stm32f3xx_hal_pwr.o
LOAD ./Bsw/MCal/Pwr/stm32f3xx_hal_pwr_ex.o
LOAD ./Bsw/MCal/Spi/stm32f3xx_hal_spi.o
LOAD ./Bsw/MCal/Spi/stm32f3xx_hal_spi_ex.o
LOAD ./Bsw/MCal/Uart/stm32f3xx_hal_uart.o
LOAD ./Bsw/MCal/Uart/stm32f3xx_hal_uart_ex.o
LOAD ./Bsw/Sys/BswM/BswM.o
LOAD ./Bsw/Sys/EcuM/EcuM.o
LOAD ./Bsw/Sys/Os/Os.o
LOAD ./Bsw/Sys/Os/Os_scheduler.o
LOAD ./Bsw/Sys/Os/Os_task.o
LOAD ./Bsw/Sys/Tm/Tm.o
LOAD ./Config/startup_stm32f303retx.o
LOAD ./Rte/Rte.o
START GROUP
LOAD c:/st/stm32cubeide_1.1.0/stm32cubeide/plugins/com.st.stm32cube.ide.mcu.externaltools.gnu-tools-for-stm32.10.3-2021.10.win32_1.0.0.202111181127/tools/bin/../lib/gcc/arm-none-eabi/10.3.1/../../../../arm-none-eabi/lib/thumb/v7e-m/nofp\libc_nano.a
LOAD c:/st/stm32cubeide_1.1.0/stm32cubeide/plugins/com.st.stm32cube.ide.mcu.externaltools.gnu-tools-for-stm32.10.3-2021.10.win32_1.0.0.202111181127/tools/bin/../lib/gcc/arm-none-eabi/10.3.1/../../../../arm-none-eabi/lib/thumb/v7e-m/nofp\libm.a
END GROUP
START GROUP
LOAD c:/st/stm32cubeide_1.1.0/stm32cubeide/plugins/com.st.stm32cube.ide.mcu.externaltools.gnu-tools-for-stm32.10.3-2021.10.win32_1.0.0.202111181127/tools/bin/../lib/gcc/arm-none-eabi/10.3.1/thumb/v7e-m/nofp\libgcc.a
LOAD c:/st/stm32cubeide_1.1.0/stm32cubeide/plugins/com.st.stm32cube.ide.mcu.externaltools.gnu-tools-for-stm32.10.3-2021.10.win32_1.0.0.202111181127/tools/bin/../lib/gcc/arm-none-eabi/10.3.1/../../../../arm-none-eabi/lib/thumb/v7e-m/nofp\libc_nano.a
END GROUP
START GROUP
LOAD c:/st/stm32cubeide_1.1.0/stm32cubeide/plugins/com.st.stm32cube.ide.mcu.externaltools.gnu-tools-for-stm32.10.3-2021.10.win32_1.0.0.202111181127/tools/bin/../lib/gcc/arm-none-eabi/10.3.1/thumb/v7e-m/nofp\libgcc.a
LOAD c:/st/stm32cubeide_1.1.0/stm32cubeide/plugins/com.st.stm32cube.ide.mcu.externaltools.gnu-tools-for-stm32.10.3-2021.10.win32_1.0.0.202111181127/tools/bin/../lib/gcc/arm-none-eabi/10.3.1/../../../../arm-none-eabi/lib/thumb/v7e-m/nofp\libc_nano.a
LOAD c:/st/stm32cubeide_1.1.0/stm32cubeide/plugins/com.st.stm32cube.ide.mcu.externaltools.gnu-tools-for-stm32.10.3-2021.10.win32_1.0.0.202111181127/tools/bin/../lib/gcc/arm-none-eabi/10.3.1/../../../../arm-none-eabi/lib/thumb/v7e-m/nofp\libnosys.a
END GROUP
START GROUP
LOAD c:/st/stm32cubeide_1.1.0/stm32cubeide/plugins/com.st.stm32cube.ide.mcu.externaltools.gnu-tools-for-stm32.10.3-2021.10.win32_1.0.0.202111181127/tools/bin/../lib/gcc/arm-none-eabi/10.3.1/thumb/v7e-m/nofp\libgcc.a
LOAD c:/st/stm32cubeide_1.1.0/stm32cubeide/plugins/com.st.stm32cube.ide.mcu.externaltools.gnu-tools-for-stm32.10.3-2021.10.win32_1.0.0.202111181127/tools/bin/../lib/gcc/arm-none-eabi/10.3.1/../../../../arm-none-eabi/lib/thumb/v7e-m/nofp\libc_nano.a
LOAD c:/st/stm32cubeide_1.1.0/stm32cubeide/plugins/com.st.stm32cube.ide.mcu.externaltools.gnu-tools-for-stm32.10.3-2021.10.win32_1.0.0.202111181127/tools/bin/../lib/gcc/arm-none-eabi/10.3.1/../../../../arm-none-eabi/lib/thumb/v7e-m/nofp\libnosys.a
END GROUP
LOAD c:/st/stm32cubeide_1.1.0/stm32cubeide/plugins/com.st.stm32cube.ide.mcu.externaltools.gnu-tools-for-stm32.10.3-2021.10.win32_1.0.0.202111181127/tools/bin/../lib/gcc/arm-none-eabi/10.3.1/thumb/v7e-m/nofp/crtend.o
LOAD c:/st/stm32cubeide_1.1.0/stm32cubeide/plugins/com.st.stm32cube.ide.mcu.externaltools.gnu-tools-for-stm32.10.3-2021.10.win32_1.0.0.202111181127/tools/bin/../lib/gcc/arm-none-eabi/10.3.1/thumb/v7e-m/nofp/crtn.o
                0x0000000020010000                _estack = (ORIGIN (RAM) + LENGTH (RAM))
                0x0000000000000200                _Min_Heap_Size = 0x200
                0x0000000000000400                _Min_Stack_Size = 0x400

.isr_vector     0x0000000008000000      0x194
                0x0000000008000000                . = ALIGN (0x4)
 *(.isr_vector)
 .isr_vector    0x0000000008000000      0x194 ./Config/startup_stm32f303retx.o
                0x0000000008000000                g_pfnVectors
                0x0000000008000194                . = ALIGN (0x4)

.text           0x00000000080001a0     0x8c48
                0x00000000080001a0                . = ALIGN (0x4)
 *(.text)
 .text          0x00000000080001a0       0x40 c:/st/stm32cubeide_1.1.0/stm32cubeide/plugins/com.st.stm32cube.ide.mcu.externaltools.gnu-tools-for-stm32.10.3-2021.10.win32_1.0.0.202111181127/tools/bin/../lib/gcc/arm-none-eabi/10.3.1/thumb/v7e-m/nofp/crtbegin.o
 .text          0x00000000080001e0       0x10 c:/st/stm32cubeide_1.1.0/stm32cubeide/plugins/com.st.stm32cube.ide.mcu.externaltools.gnu-tools-for-stm32.10.3-2021.10.win32_1.0.0.202111181127/tools/bin/../lib/gcc/arm-none-eabi/10.3.1/../../../../arm-none-eabi/lib/thumb/v7e-m/nofp\libc_nano.a(lib_a-strlen.o)
                0x00000000080001e0                strlen
 .text          0x00000000080001f0       0xa0 c:/st/stm32cubeide_1.1.0/stm32cubeide/plugins/com.st.stm32cube.ide.mcu.externaltools.gnu-tools-for-stm32.10.3-2021.10.win32_1.0.0.202111181127/tools/bin/../lib/gcc/arm-none-eabi/10.3.1/../../../../arm-none-eabi/lib/thumb/v7e-m/nofp\libc_nano.a(lib_a-memchr.o)
                0x00000000080001f0                memchr
 .text          0x0000000008000290      0x378 c:/st/stm32cubeide_1.1.0/stm32cubeide/plugins/com.st.stm32cube.ide.mcu.externaltools.gnu-tools-for-stm32.10.3-2021.10.win32_1.0.0.202111181127/tools/bin/../lib/gcc/arm-none-eabi/10.3.1/thumb/v7e-m/nofp\libgcc.a(_arm_addsubdf3.o)
                0x0000000008000290                __aeabi_drsub
                0x0000000008000298                __aeabi_dsub
                0x0000000008000298                __subdf3
                0x000000000800029c                __aeabi_dadd
                0x000000000800029c                __adddf3
                0x0000000008000514                __floatunsidf
                0x0000000008000514                __aeabi_ui2d
                0x0000000008000534                __floatsidf
                0x0000000008000534                __aeabi_i2d
                0x0000000008000558                __aeabi_f2d
                0x0000000008000558                __extendsfdf2
                0x000000000800059c                __floatundidf
                0x000000000800059c                __aeabi_ul2d
                0x00000000080005ac                __floatdidf
                0x00000000080005ac                __aeabi_l2d
 .text          0x0000000008000608      0x424 c:/st/stm32cubeide_1.1.0/stm32cubeide/plugins/com.st.stm32cube.ide.mcu.externaltools.gnu-tools-for-stm32.10.3-2021.10.win32_1.0.0.202111181127/tools/bin/../lib/gcc/arm-none-eabi/10.3.1/thumb/v7e-m/nofp\libgcc.a(_arm_muldivdf3.o)
                0x0000000008000608                __aeabi_dmul
                0x0000000008000608                __muldf3
                0x000000000800085c                __divdf3
                0x000000000800085c                __aeabi_ddiv
 .text          0x0000000008000a2c       0x40 c:/st/stm32cubeide_1.1.0/stm32cubeide/plugins/com.st.stm32cube.ide.mcu.externaltools.gnu-tools-for-stm32.10.3-2021.10.win32_1.0.0.202111181127/tools/bin/../lib/gcc/arm-none-eabi/10.3.1/thumb/v7e-m/nofp\libgcc.a(_arm_fixunsdfsi.o)
                0x0000000008000a2c                __aeabi_d2uiz
                0x0000000008000a2c                __fixunsdfsi
 *(.text*)
 .text.Access_Init
                0x0000000008000a6c       0x18 ./Asw/Access/Access.o
                0x0000000008000a6c                Access_Init
 .text.Access_MainFunction
                0x0000000008000a84        0xc ./Asw/Access/Access.o
                0x0000000008000a84                Access_MainFunction
 .text.Brakes_Init
                0x0000000008000a90       0x18 ./Asw/Brakes/Brakes.o
                0x0000000008000a90                Brakes_Init
 .text.Brakes_MainFunction
                0x0000000008000aa8        0xc ./Asw/Brakes/Brakes.o
                0x0000000008000aa8                Brakes_MainFunction
 .text.Engine_Init
                0x0000000008000ab4       0x18 ./Asw/Engine/Engine.o
                0x0000000008000ab4                Engine_Init
 .text.Engine_MainFunction
                0x0000000008000acc        0xc ./Asw/Engine/Engine.o
                0x0000000008000acc                Engine_MainFunction
 .text.LED_UpdatePulseDirection
                0x0000000008000ad8       0x34 ./Asw/LED/LED.o
 .text.LED_UpdatePulseWidth
                0x0000000008000b0c       0x50 ./Asw/LED/LED.o
 .text.LED_Init
                0x0000000008000b5c       0x18 ./Asw/LED/LED.o
                0x0000000008000b5c                LED_Init
 .text.LED_MainFunction
                0x0000000008000b74       0x38 ./Asw/LED/LED.o
                0x0000000008000b74                LED_MainFunction
 .text.Steering_Init
                0x0000000008000bac       0x18 ./Asw/Steering/Steering.o
                0x0000000008000bac                Steering_Init
 .text.Steering_MainFunction
                0x0000000008000bc4        0xc ./Asw/Steering/Steering.o
                0x0000000008000bc4                Steering_MainFunction
 .text.Cdd_Servo_Init
                0x0000000008000bd0      0x39c ./Bsw/Cdd/Cdd_Servo/Cdd_Servo.o
                0x0000000008000bd0                Cdd_Servo_Init
 .text.Cdd_Servo_RawMove
                0x0000000008000f6c       0x38 ./Bsw/Cdd/Cdd_Servo/Cdd_Servo.o
                0x0000000008000f6c                Cdd_Servo_RawMove
 .text.Cdd_Servo_MainFunction
                0x0000000008000fa4        0xc ./Bsw/Cdd/Cdd_Servo/Cdd_Servo.o
                0x0000000008000fa4                Cdd_Servo_MainFunction
 .text.HAL_ADC_LevelOutOfWindowCallback
                0x0000000008000fb0       0x12 ./Bsw/MCal/Adc/stm32f3xx_hal_adc.o
                0x0000000008000fb0                HAL_ADC_LevelOutOfWindowCallback
 .text.HAL_ADC_ErrorCallback
                0x0000000008000fc2       0x12 ./Bsw/MCal/Adc/stm32f3xx_hal_adc.o
                0x0000000008000fc2                HAL_ADC_ErrorCallback
 .text.HAL_ADC_Init
                0x0000000008000fd4      0x3f4 ./Bsw/MCal/Adc/stm32f3xx_hal_adc_ex.o
                0x0000000008000fd4                HAL_ADC_Init
 .text.HAL_ADC_Start_IT
                0x00000000080013c8      0x280 ./Bsw/MCal/Adc/stm32f3xx_hal_adc_ex.o
                0x00000000080013c8                HAL_ADC_Start_IT
 .text.HAL_ADC_GetValue
                0x0000000008001648       0x18 ./Bsw/MCal/Adc/stm32f3xx_hal_adc_ex.o
                0x0000000008001648                HAL_ADC_GetValue
 .text.HAL_ADC_IRQHandler
                0x0000000008001660      0x620 ./Bsw/MCal/Adc/stm32f3xx_hal_adc_ex.o
                0x0000000008001660                HAL_ADC_IRQHandler
 .text.HAL_ADCEx_InjectedConvCpltCallback
                0x0000000008001c80       0x12 ./Bsw/MCal/Adc/stm32f3xx_hal_adc_ex.o
                0x0000000008001c80                HAL_ADCEx_InjectedConvCpltCallback
 .text.HAL_ADCEx_InjectedQueueOverflowCallback
                0x0000000008001c92       0x12 ./Bsw/MCal/Adc/stm32f3xx_hal_adc_ex.o
                0x0000000008001c92                HAL_ADCEx_InjectedQueueOverflowCallback
 .text.HAL_ADCEx_LevelOutOfWindow2Callback
                0x0000000008001ca4       0x12 ./Bsw/MCal/Adc/stm32f3xx_hal_adc_ex.o
                0x0000000008001ca4                HAL_ADCEx_LevelOutOfWindow2Callback
 .text.HAL_ADCEx_LevelOutOfWindow3Callback
                0x0000000008001cb6       0x12 ./Bsw/MCal/Adc/stm32f3xx_hal_adc_ex.o
                0x0000000008001cb6                HAL_ADCEx_LevelOutOfWindow3Callback
 .text.HAL_ADC_ConfigChannel
                0x0000000008001cc8      0x5d8 ./Bsw/MCal/Adc/stm32f3xx_hal_adc_ex.o
                0x0000000008001cc8                HAL_ADC_ConfigChannel
 .text.HAL_ADCEx_MultiModeConfigChannel
                0x00000000080022a0      0x1e0 ./Bsw/MCal/Adc/stm32f3xx_hal_adc_ex.o
                0x00000000080022a0                HAL_ADCEx_MultiModeConfigChannel
 .text.ADC_Enable
                0x0000000008002480       0xc8 ./Bsw/MCal/Adc/stm32f3xx_hal_adc_ex.o
 .text.ADC_Disable
                0x0000000008002548       0xcc ./Bsw/MCal/Adc/stm32f3xx_hal_adc_ex.o
 .text.HAL_GPIO_Init
                0x0000000008002614      0x314 ./Bsw/MCal/Dio/stm32f3xx_hal_gpio.o
                0x0000000008002614                HAL_GPIO_Init
 .text.HAL_GPIO_ReadPin
                0x0000000008002928       0x2e ./Bsw/MCal/Dio/stm32f3xx_hal_gpio.o
                0x0000000008002928                HAL_GPIO_ReadPin
 .text.HAL_GPIO_WritePin
                0x0000000008002956       0x2e ./Bsw/MCal/Dio/stm32f3xx_hal_gpio.o
                0x0000000008002956                HAL_GPIO_WritePin
 .text.HAL_GPIO_EXTI_IRQHandler
                0x0000000008002984       0x30 ./Bsw/MCal/Dio/stm32f3xx_hal_gpio.o
                0x0000000008002984                HAL_GPIO_EXTI_IRQHandler
 .text.HAL_DMA_Abort
                0x00000000080029b4       0x70 ./Bsw/MCal/Dma/stm32f3xx_hal_dma.o
                0x00000000080029b4                HAL_DMA_Abort
 .text.HAL_DMA_Abort_IT
                0x0000000008002a24       0x7c ./Bsw/MCal/Dma/stm32f3xx_hal_dma.o
                0x0000000008002a24                HAL_DMA_Abort_IT
 .text.Gpt_Init
                0x0000000008002aa0       0x18 ./Bsw/MCal/Gpt/Gpt.o
                0x0000000008002aa0                Gpt_Init
 .text.Gpt_TIM3_Start_IT
                0x0000000008002ab8       0x20 ./Bsw/MCal/Gpt/Gpt.o
                0x0000000008002ab8                Gpt_TIM3_Start_IT
 .text.HAL_TIM_PeriodElapsedCallback
                0x0000000008002ad8      0x150 ./Bsw/MCal/Gpt/Gpt.o
                0x0000000008002ad8                HAL_TIM_PeriodElapsedCallback
 .text.Gpt_TIM3_Init
                0x0000000008002c28       0x9c ./Bsw/MCal/Gpt/Gpt.o
 .text.Gpt_Error_Handler
                0x0000000008002cc4        0xa ./Bsw/MCal/Gpt/Gpt.o
 .text.HAL_TIM_Base_Init
                0x0000000008002cce       0xae ./Bsw/MCal/Gpt/stm32f3xx_hal_tim.o
                0x0000000008002cce                HAL_TIM_Base_Init
 .text.HAL_TIM_Base_Start_IT
                0x0000000008002d7c       0xe0 ./Bsw/MCal/Gpt/stm32f3xx_hal_tim.o
                0x0000000008002d7c                HAL_TIM_Base_Start_IT
 .text.HAL_TIM_PWM_Init
                0x0000000008002e5c       0xae ./Bsw/MCal/Gpt/stm32f3xx_hal_tim.o
                0x0000000008002e5c                HAL_TIM_PWM_Init
 .text.HAL_TIM_PWM_MspInit
                0x0000000008002f0a       0x12 ./Bsw/MCal/Gpt/stm32f3xx_hal_tim.o
                0x0000000008002f0a                HAL_TIM_PWM_MspInit
 .text.HAL_TIM_PWM_Start
                0x0000000008002f1c      0x218 ./Bsw/MCal/Gpt/stm32f3xx_hal_tim.o
                0x0000000008002f1c                HAL_TIM_PWM_Start
 .text.HAL_TIM_IRQHandler
                0x0000000008003134      0x23e ./Bsw/MCal/Gpt/stm32f3xx_hal_tim.o
                0x0000000008003134                HAL_TIM_IRQHandler
 *fill*         0x0000000008003372        0x2 
 .text.HAL_TIM_PWM_ConfigChannel
                0x0000000008003374      0x228 ./Bsw/MCal/Gpt/stm32f3xx_hal_tim.o
                0x0000000008003374                HAL_TIM_PWM_ConfigChannel
 .text.HAL_TIM_ConfigClockSource
                0x000000000800359c      0x192 ./Bsw/MCal/Gpt/stm32f3xx_hal_tim.o
                0x000000000800359c                HAL_TIM_ConfigClockSource
 .text.HAL_TIM_OC_DelayElapsedCallback
                0x000000000800372e       0x12 ./Bsw/MCal/Gpt/stm32f3xx_hal_tim.o
                0x000000000800372e                HAL_TIM_OC_DelayElapsedCallback
 .text.HAL_TIM_IC_CaptureCallback
                0x0000000008003740       0x12 ./Bsw/MCal/Gpt/stm32f3xx_hal_tim.o
                0x0000000008003740                HAL_TIM_IC_CaptureCallback
 .text.HAL_TIM_PWM_PulseFinishedCallback
                0x0000000008003752       0x12 ./Bsw/MCal/Gpt/stm32f3xx_hal_tim.o
                0x0000000008003752                HAL_TIM_PWM_PulseFinishedCallback
 .text.HAL_TIM_TriggerCallback
                0x0000000008003764       0x12 ./Bsw/MCal/Gpt/stm32f3xx_hal_tim.o
                0x0000000008003764                HAL_TIM_TriggerCallback
 *fill*         0x0000000008003776        0x2 
 .text.TIM_Base_SetConfig
                0x0000000008003778      0x138 ./Bsw/MCal/Gpt/stm32f3xx_hal_tim.o
                0x0000000008003778                TIM_Base_SetConfig
 .text.TIM_OC1_SetConfig
                0x00000000080038b0      0x134 ./Bsw/MCal/Gpt/stm32f3xx_hal_tim.o
 .text.TIM_OC2_SetConfig
                0x00000000080039e4      0x124 ./Bsw/MCal/Gpt/stm32f3xx_hal_tim.o
                0x00000000080039e4                TIM_OC2_SetConfig
 .text.TIM_OC3_SetConfig
                0x0000000008003b08      0x124 ./Bsw/MCal/Gpt/stm32f3xx_hal_tim.o
 .text.TIM_OC4_SetConfig
                0x0000000008003c2c       0xdc ./Bsw/MCal/Gpt/stm32f3xx_hal_tim.o
 .text.TIM_OC5_SetConfig
                0x0000000008003d08       0xd4 ./Bsw/MCal/Gpt/stm32f3xx_hal_tim.o
 .text.TIM_OC6_SetConfig
                0x0000000008003ddc       0xd4 ./Bsw/MCal/Gpt/stm32f3xx_hal_tim.o
 .text.TIM_TI1_ConfigInputStage
                0x0000000008003eb0       0x5c ./Bsw/MCal/Gpt/stm32f3xx_hal_tim.o
 .text.TIM_TI2_ConfigInputStage
                0x0000000008003f0c       0x5e ./Bsw/MCal/Gpt/stm32f3xx_hal_tim.o
 .text.TIM_ITRx_SetConfig
                0x0000000008003f6a       0x34 ./Bsw/MCal/Gpt/stm32f3xx_hal_tim.o
 .text.TIM_ETR_SetConfig
                0x0000000008003f9e       0x3e ./Bsw/MCal/Gpt/stm32f3xx_hal_tim.o
                0x0000000008003f9e                TIM_ETR_SetConfig
 .text.TIM_CCxChannelCmd
                0x0000000008003fdc       0x48 ./Bsw/MCal/Gpt/stm32f3xx_hal_tim.o
                0x0000000008003fdc                TIM_CCxChannelCmd
 .text.HAL_TIMEx_MasterConfigSynchronization
                0x0000000008004024      0x118 ./Bsw/MCal/Gpt/stm32f3xx_hal_tim_ex.o
                0x0000000008004024                HAL_TIMEx_MasterConfigSynchronization
 .text.HAL_TIMEx_CommutCallback
                0x000000000800413c       0x12 ./Bsw/MCal/Gpt/stm32f3xx_hal_tim_ex.o
                0x000000000800413c                HAL_TIMEx_CommutCallback
 .text.HAL_TIMEx_BreakCallback
                0x000000000800414e       0x12 ./Bsw/MCal/Gpt/stm32f3xx_hal_tim_ex.o
                0x000000000800414e                HAL_TIMEx_BreakCallback
 .text.HAL_TIMEx_Break2Callback
                0x0000000008004160       0x12 ./Bsw/MCal/Gpt/stm32f3xx_hal_tim_ex.o
                0x0000000008004160                HAL_TIMEx_Break2Callback
 *fill*         0x0000000008004172        0x2 
 .text.HAL_I2C_Init
                0x0000000008004174      0x198 ./Bsw/MCal/I2c/stm32f3xx_hal_i2c.o
                0x0000000008004174                HAL_I2C_Init
 .text.HAL_I2C_EV_IRQHandler
                0x000000000800430c       0x34 ./Bsw/MCal/I2c/stm32f3xx_hal_i2c.o
                0x000000000800430c                HAL_I2C_EV_IRQHandler
 .text.HAL_I2C_MasterTxCpltCallback
                0x0000000008004340       0x12 ./Bsw/MCal/I2c/stm32f3xx_hal_i2c.o
                0x0000000008004340                HAL_I2C_MasterTxCpltCallback
 .text.HAL_I2C_MasterRxCpltCallback
                0x0000000008004352       0x12 ./Bsw/MCal/I2c/stm32f3xx_hal_i2c.o
                0x0000000008004352                HAL_I2C_MasterRxCpltCallback
 .text.HAL_I2C_SlaveTxCpltCallback
                0x0000000008004364       0x12 ./Bsw/MCal/I2c/stm32f3xx_hal_i2c.o
                0x0000000008004364                HAL_I2C_SlaveTxCpltCallback
 .text.HAL_I2C_SlaveRxCpltCallback
                0x0000000008004376       0x12 ./Bsw/MCal/I2c/stm32f3xx_hal_i2c.o
                0x0000000008004376                HAL_I2C_SlaveRxCpltCallback
 .text.HAL_I2C_AddrCallback
                0x0000000008004388       0x1a ./Bsw/MCal/I2c/stm32f3xx_hal_i2c.o
                0x0000000008004388                HAL_I2C_AddrCallback
 .text.HAL_I2C_ListenCpltCallback
                0x00000000080043a2       0x12 ./Bsw/MCal/I2c/stm32f3xx_hal_i2c.o
                0x00000000080043a2                HAL_I2C_ListenCpltCallback
 .text.HAL_I2C_MemTxCpltCallback
                0x00000000080043b4       0x12 ./Bsw/MCal/I2c/stm32f3xx_hal_i2c.o
                0x00000000080043b4                HAL_I2C_MemTxCpltCallback
 .text.HAL_I2C_MemRxCpltCallback
                0x00000000080043c6       0x12 ./Bsw/MCal/I2c/stm32f3xx_hal_i2c.o
                0x00000000080043c6                HAL_I2C_MemRxCpltCallback
 .text.HAL_I2C_ErrorCallback
                0x00000000080043d8       0x12 ./Bsw/MCal/I2c/stm32f3xx_hal_i2c.o
                0x00000000080043d8                HAL_I2C_ErrorCallback
 .text.HAL_I2C_AbortCpltCallback
                0x00000000080043ea       0x12 ./Bsw/MCal/I2c/stm32f3xx_hal_i2c.o
                0x00000000080043ea                HAL_I2C_AbortCpltCallback
 .text.HAL_I2CEx_ConfigAnalogFilter
                0x00000000080043fc       0x94 ./Bsw/MCal/I2c/stm32f3xx_hal_i2c_ex.o
                0x00000000080043fc                HAL_I2CEx_ConfigAnalogFilter
 .text.HAL_I2CEx_ConfigDigitalFilter
                0x0000000008004490       0x96 ./Bsw/MCal/I2c/stm32f3xx_hal_i2c_ex.o
                0x0000000008004490                HAL_I2CEx_ConfigDigitalFilter
 *fill*         0x0000000008004526        0x2 
 .text.HAL_GPIO_EXTI_Callback
                0x0000000008004528       0x3c ./Bsw/MCal/Int/Int.o
                0x0000000008004528                HAL_GPIO_EXTI_Callback
 .text.SystemInit
                0x0000000008004564        0xc ./Bsw/MCal/Mcu/mcu.o
                0x0000000008004564                SystemInit
 .text.HAL_Init
                0x0000000008004570       0x2c ./Bsw/MCal/Mcu/stm32f3xx_hal.o
                0x0000000008004570                HAL_Init
 .text.HAL_InitTick
                0x000000000800459c       0x60 ./Bsw/MCal/Mcu/stm32f3xx_hal.o
                0x000000000800459c                HAL_InitTick
 .text.HAL_GetTick
                0x00000000080045fc       0x14 ./Bsw/MCal/Mcu/stm32f3xx_hal.o
                0x00000000080045fc                HAL_GetTick
 .text.__NVIC_SetPriorityGrouping
                0x0000000008004610       0x48 ./Bsw/MCal/Mcu/stm32f3xx_hal_cortex.o
 .text.__NVIC_GetPriorityGrouping
                0x0000000008004658       0x1c ./Bsw/MCal/Mcu/stm32f3xx_hal_cortex.o
 .text.__NVIC_EnableIRQ
                0x0000000008004674       0x38 ./Bsw/MCal/Mcu/stm32f3xx_hal_cortex.o
 .text.__NVIC_SetPriority
                0x00000000080046ac       0x54 ./Bsw/MCal/Mcu/stm32f3xx_hal_cortex.o
 .text.NVIC_EncodePriority
                0x0000000008004700       0x64 ./Bsw/MCal/Mcu/stm32f3xx_hal_cortex.o
 .text.SysTick_Config
                0x0000000008004764       0x44 ./Bsw/MCal/Mcu/stm32f3xx_hal_cortex.o
 .text.HAL_NVIC_SetPriorityGrouping
                0x00000000080047a8       0x16 ./Bsw/MCal/Mcu/stm32f3xx_hal_cortex.o
                0x00000000080047a8                HAL_NVIC_SetPriorityGrouping
 .text.HAL_NVIC_SetPriority
                0x00000000080047be       0x38 ./Bsw/MCal/Mcu/stm32f3xx_hal_cortex.o
                0x00000000080047be                HAL_NVIC_SetPriority
 .text.HAL_NVIC_EnableIRQ
                0x00000000080047f6       0x1c ./Bsw/MCal/Mcu/stm32f3xx_hal_cortex.o
                0x00000000080047f6                HAL_NVIC_EnableIRQ
 .text.HAL_SYSTICK_Config
                0x0000000008004812       0x18 ./Bsw/MCal/Mcu/stm32f3xx_hal_cortex.o
                0x0000000008004812                HAL_SYSTICK_Config
 *fill*         0x000000000800482a        0x2 
 .text.HAL_MspInit
                0x000000000800482c       0x44 ./Bsw/MCal/Mcu/stm32f3xx_hal_msp.o
                0x000000000800482c                HAL_MspInit
 .text.HAL_ADC_MspInit
                0x0000000008004870       0x8c ./Bsw/MCal/Mcu/stm32f3xx_hal_msp.o
                0x0000000008004870                HAL_ADC_MspInit
 .text.HAL_I2C_MspInit
                0x00000000080048fc       0x98 ./Bsw/MCal/Mcu/stm32f3xx_hal_msp.o
                0x00000000080048fc                HAL_I2C_MspInit
 .text.HAL_SPI_MspInit
                0x0000000008004994       0x98 ./Bsw/MCal/Mcu/stm32f3xx_hal_msp.o
                0x0000000008004994                HAL_SPI_MspInit
 .text.HAL_TIM_Base_MspInit
                0x0000000008004a2c       0x4c ./Bsw/MCal/Mcu/stm32f3xx_hal_msp.o
                0x0000000008004a2c                HAL_TIM_Base_MspInit
 .text.HAL_UART_MspInit
                0x0000000008004a78      0x108 ./Bsw/MCal/Mcu/stm32f3xx_hal_msp.o
                0x0000000008004a78                HAL_UART_MspInit
 .text.HAL_RCC_OscConfig
                0x0000000008004b80     0x10a8 ./Bsw/MCal/Mcu/stm32f3xx_hal_rcc.o
                0x0000000008004b80                HAL_RCC_OscConfig
 .text.HAL_RCC_ClockConfig
                0x0000000008005c28      0x2f8 ./Bsw/MCal/Mcu/stm32f3xx_hal_rcc.o
                0x0000000008005c28                HAL_RCC_ClockConfig
 .text.HAL_RCC_GetSysClockFreq
                0x0000000008005f20       0xd4 ./Bsw/MCal/Mcu/stm32f3xx_hal_rcc.o
                0x0000000008005f20                HAL_RCC_GetSysClockFreq
 .text.HAL_RCC_GetHCLKFreq
                0x0000000008005ff4       0x14 ./Bsw/MCal/Mcu/stm32f3xx_hal_rcc.o
                0x0000000008005ff4                HAL_RCC_GetHCLKFreq
 .text.HAL_RCC_GetPCLK1Freq
                0x0000000008006008       0x44 ./Bsw/MCal/Mcu/stm32f3xx_hal_rcc.o
                0x0000000008006008                HAL_RCC_GetPCLK1Freq
 .text.HAL_RCC_GetPCLK2Freq
                0x000000000800604c       0x44 ./Bsw/MCal/Mcu/stm32f3xx_hal_rcc.o
                0x000000000800604c                HAL_RCC_GetPCLK2Freq
 .text.HAL_RCCEx_PeriphCLKConfig
                0x0000000008006090      0x43c ./Bsw/MCal/Mcu/stm32f3xx_hal_rcc_ex.o
                0x0000000008006090                HAL_RCCEx_PeriphCLKConfig
 .text.NMI_Handler
                0x00000000080064cc        0x6 ./Bsw/MCal/Mcu/stm32f3xx_it.o
                0x00000000080064cc                NMI_Handler
 .text.HardFault_Handler
                0x00000000080064d2        0x6 ./Bsw/MCal/Mcu/stm32f3xx_it.o
                0x00000000080064d2                HardFault_Handler
 .text.MemManage_Handler
                0x00000000080064d8        0x6 ./Bsw/MCal/Mcu/stm32f3xx_it.o
                0x00000000080064d8                MemManage_Handler
 .text.BusFault_Handler
                0x00000000080064de        0x6 ./Bsw/MCal/Mcu/stm32f3xx_it.o
                0x00000000080064de                BusFault_Handler
 .text.UsageFault_Handler
                0x00000000080064e4        0x6 ./Bsw/MCal/Mcu/stm32f3xx_it.o
                0x00000000080064e4                UsageFault_Handler
 .text.SVC_Handler
                0x00000000080064ea        0xc ./Bsw/MCal/Mcu/stm32f3xx_it.o
                0x00000000080064ea                SVC_Handler
 .text.DebugMon_Handler
                0x00000000080064f6        0xc ./Bsw/MCal/Mcu/stm32f3xx_it.o
                0x00000000080064f6                DebugMon_Handler
 .text.PendSV_Handler
                0x0000000008006502        0xc ./Bsw/MCal/Mcu/stm32f3xx_it.o
                0x0000000008006502                PendSV_Handler
 *fill*         0x000000000800650e        0x2 
 .text.ADC1_2_IRQHandler
                0x0000000008006510       0x14 ./Bsw/MCal/Mcu/stm32f3xx_it.o
                0x0000000008006510                ADC1_2_IRQHandler
 .text.TIM3_IRQHandler
                0x0000000008006524       0x14 ./Bsw/MCal/Mcu/stm32f3xx_it.o
                0x0000000008006524                TIM3_IRQHandler
 .text.I2C1_EV_IRQHandler
                0x0000000008006538       0x14 ./Bsw/MCal/Mcu/stm32f3xx_it.o
                0x0000000008006538                I2C1_EV_IRQHandler
 .text.USART1_IRQHandler
                0x000000000800654c       0x14 ./Bsw/MCal/Mcu/stm32f3xx_it.o
                0x000000000800654c                USART1_IRQHandler
 .text.USART2_IRQHandler
                0x0000000008006560       0x14 ./Bsw/MCal/Mcu/stm32f3xx_it.o
                0x0000000008006560                USART2_IRQHandler
 .text.EXTI15_10_IRQHandler
                0x0000000008006574       0x10 ./Bsw/MCal/Mcu/stm32f3xx_it.o
                0x0000000008006574                EXTI15_10_IRQHandler
 .text.SPI3_IRQHandler
                0x0000000008006584       0x14 ./Bsw/MCal/Mcu/stm32f3xx_it.o
                0x0000000008006584                SPI3_IRQHandler
 .text._sbrk    0x0000000008006598       0x6c ./Bsw/MCal/Mcu/sysmem.o
                0x0000000008006598                _sbrk
 .text.HAL_SPI_Init
                0x0000000008006604      0x1c4 ./Bsw/MCal/Spi/stm32f3xx_hal_spi.o
                0x0000000008006604                HAL_SPI_Init
 .text.HAL_SPI_IRQHandler
                0x00000000080067c8      0x200 ./Bsw/MCal/Spi/stm32f3xx_hal_spi.o
                0x00000000080067c8                HAL_SPI_IRQHandler
 .text.HAL_SPI_TxCpltCallback
                0x00000000080069c8       0x12 ./Bsw/MCal/Spi/stm32f3xx_hal_spi.o
                0x00000000080069c8                HAL_SPI_TxCpltCallback
 .text.HAL_SPI_RxCpltCallback
                0x00000000080069da       0x12 ./Bsw/MCal/Spi/stm32f3xx_hal_spi.o
                0x00000000080069da                HAL_SPI_RxCpltCallback
 .text.HAL_SPI_TxRxCpltCallback
                0x00000000080069ec       0x12 ./Bsw/MCal/Spi/stm32f3xx_hal_spi.o
                0x00000000080069ec                HAL_SPI_TxRxCpltCallback
 .text.HAL_SPI_TxHalfCpltCallback
                0x00000000080069fe       0x12 ./Bsw/MCal/Spi/stm32f3xx_hal_spi.o
                0x00000000080069fe                HAL_SPI_TxHalfCpltCallback
 .text.HAL_SPI_RxHalfCpltCallback
                0x0000000008006a10       0x12 ./Bsw/MCal/Spi/stm32f3xx_hal_spi.o
                0x0000000008006a10                HAL_SPI_RxHalfCpltCallback
 .text.HAL_SPI_TxRxHalfCpltCallback
                0x0000000008006a22       0x12 ./Bsw/MCal/Spi/stm32f3xx_hal_spi.o
                0x0000000008006a22                HAL_SPI_TxRxHalfCpltCallback
 .text.HAL_SPI_ErrorCallback
                0x0000000008006a34       0x12 ./Bsw/MCal/Spi/stm32f3xx_hal_spi.o
                0x0000000008006a34                HAL_SPI_ErrorCallback
 .text.HAL_SPI_AbortCpltCallback
                0x0000000008006a46       0x12 ./Bsw/MCal/Spi/stm32f3xx_hal_spi.o
                0x0000000008006a46                HAL_SPI_AbortCpltCallback
 .text.SPI_DMAAbortOnError
                0x0000000008006a58       0x2c ./Bsw/MCal/Spi/stm32f3xx_hal_spi.o
 .text.HAL_UART_Init
                0x0000000008006a84       0x9c ./Bsw/MCal/Uart/stm32f3xx_hal_uart.o
                0x0000000008006a84                HAL_UART_Init
 .text.HAL_UART_Transmit
                0x0000000008006b20      0x128 ./Bsw/MCal/Uart/stm32f3xx_hal_uart.o
                0x0000000008006b20                HAL_UART_Transmit
 .text.HAL_UART_IRQHandler
                0x0000000008006c48      0x5bc ./Bsw/MCal/Uart/stm32f3xx_hal_uart.o
                0x0000000008006c48                HAL_UART_IRQHandler
 .text.HAL_UART_TxCpltCallback
                0x0000000008007204       0x12 ./Bsw/MCal/Uart/stm32f3xx_hal_uart.o
                0x0000000008007204                HAL_UART_TxCpltCallback
 .text.HAL_UART_ErrorCallback
                0x0000000008007216       0x12 ./Bsw/MCal/Uart/stm32f3xx_hal_uart.o
                0x0000000008007216                HAL_UART_ErrorCallback
 .text.HAL_UARTEx_RxEventCallback
                0x0000000008007228       0x16 ./Bsw/MCal/Uart/stm32f3xx_hal_uart.o
                0x0000000008007228                HAL_UARTEx_RxEventCallback
 *fill*         0x000000000800723e        0x2 
 .text.UART_SetConfig
                0x0000000008007240      0x3ac ./Bsw/MCal/Uart/stm32f3xx_hal_uart.o
                0x0000000008007240                UART_SetConfig
 .text.UART_AdvFeatureConfig
                0x00000000080075ec      0x142 ./Bsw/MCal/Uart/stm32f3xx_hal_uart.o
                0x00000000080075ec                UART_AdvFeatureConfig
 .text.UART_CheckIdleState
                0x000000000800772e       0x92 ./Bsw/MCal/Uart/stm32f3xx_hal_uart.o
                0x000000000800772e                UART_CheckIdleState
 .text.UART_WaitOnFlagUntilTimeout
                0x00000000080077c0      0x188 ./Bsw/MCal/Uart/stm32f3xx_hal_uart.o
                0x00000000080077c0                UART_WaitOnFlagUntilTimeout
 .text.UART_EndRxTransfer
                0x0000000008007948       0xc4 ./Bsw/MCal/Uart/stm32f3xx_hal_uart.o
 .text.UART_DMAAbortOnError
                0x0000000008007a0c       0x2c ./Bsw/MCal/Uart/stm32f3xx_hal_uart.o
 .text.UART_EndTransmit_IT
                0x0000000008007a38       0x54 ./Bsw/MCal/Uart/stm32f3xx_hal_uart.o
 .text.HAL_UARTEx_WakeupCallback
                0x0000000008007a8c       0x12 ./Bsw/MCal/Uart/stm32f3xx_hal_uart_ex.o
                0x0000000008007a8c                HAL_UARTEx_WakeupCallback
 .text.BswM_Init
                0x0000000008007a9e       0x2c ./Bsw/Sys/BswM/BswM.o
                0x0000000008007a9e                BswM_Init
 *fill*         0x0000000008007aca        0x2 
 .text.BswM_MainFunction
                0x0000000008007acc       0x14 ./Bsw/Sys/BswM/BswM.o
                0x0000000008007acc                BswM_MainFunction
 .text.HAL_ADC_ConvCpltCallback
                0x0000000008007ae0       0x4c ./Bsw/Sys/BswM/BswM.o
                0x0000000008007ae0                HAL_ADC_ConvCpltCallback
 .text.SystemClock_Config
                0x0000000008007b2c       0xca ./Bsw/Sys/BswM/BswM.o
 *fill*         0x0000000008007bf6        0x2 
 .text.MX_ADC1_Init
                0x0000000008007bf8       0xe0 ./Bsw/Sys/BswM/BswM.o
 .text.MX_I2C1_Init
                0x0000000008007cd8       0x80 ./Bsw/Sys/BswM/BswM.o
 .text.MX_SPI3_Init
                0x0000000008007d58       0x7c ./Bsw/Sys/BswM/BswM.o
 .text.MX_USART1_UART_Init
                0x0000000008007dd4       0x60 ./Bsw/Sys/BswM/BswM.o
 .text.MX_USART2_UART_Init
                0x0000000008007e34       0x60 ./Bsw/Sys/BswM/BswM.o
 .text.MX_GPIO_Init
                0x0000000008007e94       0xa8 ./Bsw/Sys/BswM/BswM.o
 .text.Error_Handler
                0x0000000008007f3c        0xa ./Bsw/Sys/BswM/BswM.o
 .text.EcuM_StartUp_Two
                0x0000000008007f46       0x10 ./Bsw/Sys/EcuM/EcuM.o
                0x0000000008007f46                EcuM_StartUp_Two
 .text.EcuM_Init
                0x0000000008007f56       0x12 ./Bsw/Sys/EcuM/EcuM.o
                0x0000000008007f56                EcuM_Init
 .text.Os_Start
                0x0000000008007f68       0x12 ./Bsw/Sys/Os/Os.o
                0x0000000008007f68                Os_Start
 *fill*         0x0000000008007f7a        0x2 
 .text.SysTick_Handler
                0x0000000008007f7c       0x34 ./Bsw/Sys/Os/Os_scheduler.o
                0x0000000008007f7c                SysTick_Handler
 .text.Os_Scheduler_Init
                0x0000000008007fb0      0x144 ./Bsw/Sys/Os/Os_scheduler.o
                0x0000000008007fb0                Os_Scheduler_Init
 .text.Os_Scheduler_Start
                0x00000000080080f4       0x2c ./Bsw/Sys/Os/Os_scheduler.o
                0x00000000080080f4                Os_Scheduler_Start
 .text.Os_Task_StartUp_0
                0x0000000008008120        0xc ./Bsw/Sys/Os/Os_scheduler.o
                0x0000000008008120                Os_Task_StartUp_0
 .text.Task5ms_0
                0x000000000800812c       0x38 ./Bsw/Sys/Os/Os_scheduler.o
                0x000000000800812c                Task5ms_0
 .text.Task10ms_0
                0x0000000008008164       0x38 ./Bsw/Sys/Os/Os_scheduler.o
                0x0000000008008164                Task10ms_0
 .text.Task20ms_0
                0x000000000800819c       0x38 ./Bsw/Sys/Os/Os_scheduler.o
                0x000000000800819c                Task20ms_0
 .text.Task50ms_0
                0x00000000080081d4       0x38 ./Bsw/Sys/Os/Os_scheduler.o
                0x00000000080081d4                Task50ms_0
 .text.Task100ms_0
                0x000000000800820c       0x38 ./Bsw/Sys/Os/Os_scheduler.o
                0x000000000800820c                Task100ms_0
 .text.Task500ms_0
                0x0000000008008244       0x38 ./Bsw/Sys/Os/Os_scheduler.o
                0x0000000008008244                Task500ms_0
 .text.Os_Task_StartUp
                0x000000000800827c        0xc ./Bsw/Sys/Os/Os_task.o
                0x000000000800827c                Os_Task_StartUp
 .text.Os_Task_5ms
                0x0000000008008288        0xc ./Bsw/Sys/Os/Os_task.o
                0x0000000008008288                Os_Task_5ms
 .text.Os_Task_10ms
                0x0000000008008294        0xc ./Bsw/Sys/Os/Os_task.o
                0x0000000008008294                Os_Task_10ms
 .text.Os_Task_20ms
                0x00000000080082a0        0xc ./Bsw/Sys/Os/Os_task.o
                0x00000000080082a0                Os_Task_20ms
 .text.Os_Task_50ms
                0x00000000080082ac        0xc ./Bsw/Sys/Os/Os_task.o
                0x00000000080082ac                Os_Task_50ms
 .text.Os_Task_100ms
                0x00000000080082b8        0xc ./Bsw/Sys/Os/Os_task.o
                0x00000000080082b8                Os_Task_100ms
 .text.Os_Task_500ms
                0x00000000080082c4        0xc ./Bsw/Sys/Os/Os_task.o
                0x00000000080082c4                Os_Task_500ms
 .text.Tm_Init  0x00000000080082d0        0xc ./Bsw/Sys/Tm/Tm.o
                0x00000000080082d0                Tm_Init
 .text.Reset_Handler
                0x00000000080082dc       0x50 ./Config/startup_stm32f303retx.o
                0x00000000080082dc                Reset_Handler
 .text.Default_Handler
                0x000000000800832c        0x2 ./Config/startup_stm32f303retx.o
                0x000000000800832c                RTC_Alarm_IRQHandler
                0x000000000800832c                TIM8_TRG_COM_IRQHandler
                0x000000000800832c                TIM8_CC_IRQHandler
                0x000000000800832c                SPI4_IRQHandler
                0x000000000800832c                TIM1_CC_IRQHandler
                0x000000000800832c                USB_HP_IRQHandler
                0x000000000800832c                PVD_IRQHandler
                0x000000000800832c                TAMP_STAMP_IRQHandler
                0x000000000800832c                EXTI3_IRQHandler
                0x000000000800832c                I2C3_ER_IRQHandler
                0x000000000800832c                USB_HP_CAN_TX_IRQHandler
                0x000000000800832c                EXTI0_IRQHandler
                0x000000000800832c                I2C2_EV_IRQHandler
                0x000000000800832c                FPU_IRQHandler
                0x000000000800832c                TIM1_UP_TIM16_IRQHandler
                0x000000000800832c                SPI1_IRQHandler
                0x000000000800832c                CAN_SCE_IRQHandler
                0x000000000800832c                TIM6_DAC_IRQHandler
                0x000000000800832c                TIM8_UP_IRQHandler
                0x000000000800832c                DMA2_Channel2_IRQHandler
                0x000000000800832c                DMA1_Channel4_IRQHandler
                0x000000000800832c                TIM20_TRG_COM_IRQHandler
                0x000000000800832c                USART3_IRQHandler
                0x000000000800832c                DMA1_Channel7_IRQHandler
                0x000000000800832c                UART5_IRQHandler
                0x000000000800832c                ADC3_IRQHandler
                0x000000000800832c                TIM4_IRQHandler
                0x000000000800832c                CAN_RX1_IRQHandler
                0x000000000800832c                DMA2_Channel1_IRQHandler
                0x000000000800832c                DMA1_Channel6_IRQHandler
                0x000000000800832c                UART4_IRQHandler
                0x000000000800832c                DMA2_Channel4_IRQHandler
                0x000000000800832c                RCC_IRQHandler
                0x000000000800832c                TIM20_UP_IRQHandler
                0x000000000800832c                DMA1_Channel1_IRQHandler
                0x000000000800832c                Default_Handler
                0x000000000800832c                USBWakeUp_RMP_IRQHandler
                0x000000000800832c                TIM7_IRQHandler
                0x000000000800832c                I2C3_EV_IRQHandler
                0x000000000800832c                EXTI9_5_IRQHandler
                0x000000000800832c                RTC_WKUP_IRQHandler
                0x000000000800832c                SPI2_IRQHandler
                0x000000000800832c                USB_LP_CAN_RX0_IRQHandler
                0x000000000800832c                DMA2_Channel5_IRQHandler
                0x000000000800832c                DMA1_Channel5_IRQHandler
                0x000000000800832c                USB_LP_IRQHandler
                0x000000000800832c                EXTI4_IRQHandler
                0x000000000800832c                TIM1_TRG_COM_TIM17_IRQHandler
                0x000000000800832c                DMA1_Channel3_IRQHandler
                0x000000000800832c                ADC4_IRQHandler
                0x000000000800832c                WWDG_IRQHandler
                0x000000000800832c                TIM2_IRQHandler
                0x000000000800832c                COMP7_IRQHandler
                0x000000000800832c                COMP1_2_3_IRQHandler
                0x000000000800832c                EXTI1_IRQHandler
                0x000000000800832c                COMP4_5_6_IRQHandler
                0x000000000800832c                TIM20_BRK_IRQHandler
                0x000000000800832c                I2C2_ER_IRQHandler
                0x000000000800832c                DMA1_Channel2_IRQHandler
                0x000000000800832c                TIM8_BRK_IRQHandler
                0x000000000800832c                FLASH_IRQHandler
                0x000000000800832c                TIM20_CC_IRQHandler
                0x000000000800832c                I2C1_ER_IRQHandler
                0x000000000800832c                FMC_IRQHandler
                0x000000000800832c                USBWakeUp_IRQHandler
                0x000000000800832c                DMA2_Channel3_IRQHandler
                0x000000000800832c                EXTI2_TSC_IRQHandler
                0x000000000800832c                TIM1_BRK_TIM15_IRQHandler
 *fill*         0x000000000800832e        0x2 
 .text.Rte_Init
                0x0000000008008330       0x24 ./Rte/Rte.o
                0x0000000008008330                Rte_Init
 .text.Rte_Task_StartUp
                0x0000000008008354       0x28 ./Rte/Rte.o
                0x0000000008008354                Rte_Task_StartUp
 .text.Rte_Task_5ms
                0x000000000800837c        0xc ./Rte/Rte.o
                0x000000000800837c                Rte_Task_5ms
 .text.Rte_Task_10ms
                0x0000000008008388       0x24 ./Rte/Rte.o
                0x0000000008008388                Rte_Task_10ms
 .text.Rte_Task_20ms
                0x00000000080083ac        0xc ./Rte/Rte.o
                0x00000000080083ac                Rte_Task_20ms
 .text.Rte_Task_50ms
                0x00000000080083b8        0xc ./Rte/Rte.o
                0x00000000080083b8                Rte_Task_50ms
 .text.Rte_Task_100ms
                0x00000000080083c4        0xc ./Rte/Rte.o
                0x00000000080083c4                Rte_Task_100ms
 .text.Rte_Task_500ms
                0x00000000080083d0       0x68 ./Rte/Rte.o
                0x00000000080083d0                Rte_Task_500ms
 .text.Rte_Read_PC13_Pin_State
                0x0000000008008438       0x20 ./Rte/Rte.o
                0x0000000008008438                Rte_Read_PC13_Pin_State
 .text.Rte_Write_PC13_Pin_State
                0x0000000008008458       0x20 ./Rte/Rte.o
                0x0000000008008458                Rte_Write_PC13_Pin_State
 .text.Rte_Cdd_Servo_RawMove
                0x0000000008008478       0x1a ./Rte/Rte.o
                0x0000000008008478                Rte_Cdd_Servo_RawMove
 *fill*         0x0000000008008492        0x2 
 .text.__errno  0x0000000008008494        0xc c:/st/stm32cubeide_1.1.0/stm32cubeide/plugins/com.st.stm32cube.ide.mcu.externaltools.gnu-tools-for-stm32.10.3-2021.10.win32_1.0.0.202111181127/tools/bin/../lib/gcc/arm-none-eabi/10.3.1/../../../../arm-none-eabi/lib/thumb/v7e-m/nofp\libc_nano.a(lib_a-errno.o)
                0x0000000008008494                __errno
 .text.__libc_init_array
                0x00000000080084a0       0x48 c:/st/stm32cubeide_1.1.0/stm32cubeide/plugins/com.st.stm32cube.ide.mcu.externaltools.gnu-tools-for-stm32.10.3-2021.10.win32_1.0.0.202111181127/tools/bin/../lib/gcc/arm-none-eabi/10.3.1/../../../../arm-none-eabi/lib/thumb/v7e-m/nofp\libc_nano.a(lib_a-init.o)
                0x00000000080084a0                __libc_init_array
 .text.memset   0x00000000080084e8       0x10 c:/st/stm32cubeide_1.1.0/stm32cubeide/plugins/com.st.stm32cube.ide.mcu.externaltools.gnu-tools-for-stm32.10.3-2021.10.win32_1.0.0.202111181127/tools/bin/../lib/gcc/arm-none-eabi/10.3.1/../../../../arm-none-eabi/lib/thumb/v7e-m/nofp\libc_nano.a(lib_a-memset.o)
                0x00000000080084e8                memset
 .text.sprintf  0x00000000080084f8       0x40 c:/st/stm32cubeide_1.1.0/stm32cubeide/plugins/com.st.stm32cube.ide.mcu.externaltools.gnu-tools-for-stm32.10.3-2021.10.win32_1.0.0.202111181127/tools/bin/../lib/gcc/arm-none-eabi/10.3.1/../../../../arm-none-eabi/lib/thumb/v7e-m/nofp\libc_nano.a(lib_a-sprintf.o)
                0x00000000080084f8                siprintf
                0x00000000080084f8                sprintf
 .text.__ssputs_r
                0x0000000008008538       0xb6 c:/st/stm32cubeide_1.1.0/stm32cubeide/plugins/com.st.stm32cube.ide.mcu.externaltools.gnu-tools-for-stm32.10.3-2021.10.win32_1.0.0.202111181127/tools/bin/../lib/gcc/arm-none-eabi/10.3.1/../../../../arm-none-eabi/lib/thumb/v7e-m/nofp\libc_nano.a(lib_a-nano-svfprintf.o)
                0x0000000008008538                __ssputs_r
 *fill*         0x00000000080085ee        0x2 
 .text._svfprintf_r
                0x00000000080085f0      0x200 c:/st/stm32cubeide_1.1.0/stm32cubeide/plugins/com.st.stm32cube.ide.mcu.externaltools.gnu-tools-for-stm32.10.3-2021.10.win32_1.0.0.202111181127/tools/bin/../lib/gcc/arm-none-eabi/10.3.1/../../../../arm-none-eabi/lib/thumb/v7e-m/nofp\libc_nano.a(lib_a-nano-svfprintf.o)
                0x00000000080085f0                _svfiprintf_r
                0x00000000080085f0                _svfprintf_r
 .text._printf_common
                0x00000000080087f0       0xda c:/st/stm32cubeide_1.1.0/stm32cubeide/plugins/com.st.stm32cube.ide.mcu.externaltools.gnu-tools-for-stm32.10.3-2021.10.win32_1.0.0.202111181127/tools/bin/../lib/gcc/arm-none-eabi/10.3.1/../../../../arm-none-eabi/lib/thumb/v7e-m/nofp\libc_nano.a(lib_a-nano-vfprintf_i.o)
                0x00000000080087f0                _printf_common
 *fill*         0x00000000080088ca        0x2 
 .text._printf_i
                0x00000000080088cc      0x24c c:/st/stm32cubeide_1.1.0/stm32cubeide/plugins/com.st.stm32cube.ide.mcu.externaltools.gnu-tools-for-stm32.10.3-2021.10.win32_1.0.0.202111181127/tools/bin/../lib/gcc/arm-none-eabi/10.3.1/../../../../arm-none-eabi/lib/thumb/v7e-m/nofp\libc_nano.a(lib_a-nano-vfprintf_i.o)
                0x00000000080088cc                _printf_i
 .text.memcpy   0x0000000008008b18       0x1c c:/st/stm32cubeide_1.1.0/stm32cubeide/plugins/com.st.stm32cube.ide.mcu.externaltools.gnu-tools-for-stm32.10.3-2021.10.win32_1.0.0.202111181127/tools/bin/../lib/gcc/arm-none-eabi/10.3.1/../../../../arm-none-eabi/lib/thumb/v7e-m/nofp\libc_nano.a(lib_a-memcpy-stub.o)
                0x0000000008008b18                memcpy
 .text.memmove  0x0000000008008b34       0x34 c:/st/stm32cubeide_1.1.0/stm32cubeide/plugins/com.st.stm32cube.ide.mcu.externaltools.gnu-tools-for-stm32.10.3-2021.10.win32_1.0.0.202111181127/tools/bin/../lib/gcc/arm-none-eabi/10.3.1/../../../../arm-none-eabi/lib/thumb/v7e-m/nofp\libc_nano.a(lib_a-memmove.o)
                0x0000000008008b34                memmove
 .text._free_r  0x0000000008008b68       0x94 c:/st/stm32cubeide_1.1.0/stm32cubeide/plugins/com.st.stm32cube.ide.mcu.externaltools.gnu-tools-for-stm32.10.3-2021.10.win32_1.0.0.202111181127/tools/bin/../lib/gcc/arm-none-eabi/10.3.1/../../../../arm-none-eabi/lib/thumb/v7e-m/nofp\libc_nano.a(lib_a-nano-freer.o)
                0x0000000008008b68                _free_r
 .text.sbrk_aligned
                0x0000000008008bfc       0x40 c:/st/stm32cubeide_1.1.0/stm32cubeide/plugins/com.st.stm32cube.ide.mcu.externaltools.gnu-tools-for-stm32.10.3-2021.10.win32_1.0.0.202111181127/tools/bin/../lib/gcc/arm-none-eabi/10.3.1/../../../../arm-none-eabi/lib/thumb/v7e-m/nofp\libc_nano.a(lib_a-nano-mallocr.o)
 .text._malloc_r
                0x0000000008008c3c       0xe8 c:/st/stm32cubeide_1.1.0/stm32cubeide/plugins/com.st.stm32cube.ide.mcu.externaltools.gnu-tools-for-stm32.10.3-2021.10.win32_1.0.0.202111181127/tools/bin/../lib/gcc/arm-none-eabi/10.3.1/../../../../arm-none-eabi/lib/thumb/v7e-m/nofp\libc_nano.a(lib_a-nano-mallocr.o)
                0x0000000008008c3c                _malloc_r
 .text._realloc_r
                0x0000000008008d24       0x5e c:/st/stm32cubeide_1.1.0/stm32cubeide/plugins/com.st.stm32cube.ide.mcu.externaltools.gnu-tools-for-stm32.10.3-2021.10.win32_1.0.0.202111181127/tools/bin/../lib/gcc/arm-none-eabi/10.3.1/../../../../arm-none-eabi/lib/thumb/v7e-m/nofp\libc_nano.a(lib_a-nano-reallocr.o)
                0x0000000008008d24                _realloc_r
 *fill*         0x0000000008008d82        0x2 
 .text._sbrk_r  0x0000000008008d84       0x20 c:/st/stm32cubeide_1.1.0/stm32cubeide/plugins/com.st.stm32cube.ide.mcu.externaltools.gnu-tools-for-stm32.10.3-2021.10.win32_1.0.0.202111181127/tools/bin/../lib/gcc/arm-none-eabi/10.3.1/../../../../arm-none-eabi/lib/thumb/v7e-m/nofp\libc_nano.a(lib_a-sbrkr.o)
                0x0000000008008d84                _sbrk_r
 .text.__malloc_lock
                0x0000000008008da4        0xc c:/st/stm32cubeide_1.1.0/stm32cubeide/plugins/com.st.stm32cube.ide.mcu.externaltools.gnu-tools-for-stm32.10.3-2021.10.win32_1.0.0.202111181127/tools/bin/../lib/gcc/arm-none-eabi/10.3.1/../../../../arm-none-eabi/lib/thumb/v7e-m/nofp\libc_nano.a(lib_a-mlock.o)
                0x0000000008008da4                __malloc_lock
 .text.__malloc_unlock
                0x0000000008008db0        0xc c:/st/stm32cubeide_1.1.0/stm32cubeide/plugins/com.st.stm32cube.ide.mcu.externaltools.gnu-tools-for-stm32.10.3-2021.10.win32_1.0.0.202111181127/tools/bin/../lib/gcc/arm-none-eabi/10.3.1/../../../../arm-none-eabi/lib/thumb/v7e-m/nofp\libc_nano.a(lib_a-mlock.o)
                0x0000000008008db0                __malloc_unlock
 .text._malloc_usable_size_r
                0x0000000008008dbc       0x10 c:/st/stm32cubeide_1.1.0/stm32cubeide/plugins/com.st.stm32cube.ide.mcu.externaltools.gnu-tools-for-stm32.10.3-2021.10.win32_1.0.0.202111181127/tools/bin/../lib/gcc/arm-none-eabi/10.3.1/../../../../arm-none-eabi/lib/thumb/v7e-m/nofp\libc_nano.a(lib_a-nano-msizer.o)
                0x0000000008008dbc                _malloc_usable_size_r
 .text.__retarget_lock_acquire_recursive
                0x0000000008008dcc        0x2 c:/st/stm32cubeide_1.1.0/stm32cubeide/plugins/com.st.stm32cube.ide.mcu.externaltools.gnu-tools-for-stm32.10.3-2021.10.win32_1.0.0.202111181127/tools/bin/../lib/gcc/arm-none-eabi/10.3.1/../../../../arm-none-eabi/lib/thumb/v7e-m/nofp\libc_nano.a(lib_a-lock.o)
                0x0000000008008dcc                __retarget_lock_acquire_recursive
 .text.__retarget_lock_release_recursive
                0x0000000008008dce        0x2 c:/st/stm32cubeide_1.1.0/stm32cubeide/plugins/com.st.stm32cube.ide.mcu.externaltools.gnu-tools-for-stm32.10.3-2021.10.win32_1.0.0.202111181127/tools/bin/../lib/gcc/arm-none-eabi/10.3.1/../../../../arm-none-eabi/lib/thumb/v7e-m/nofp\libc_nano.a(lib_a-lock.o)
                0x0000000008008dce                __retarget_lock_release_recursive
 *(.glue_7)
 .glue_7        0x0000000008008dd0        0x0 linker stubs
 *(.glue_7t)
 .glue_7t       0x0000000008008dd0        0x0 linker stubs
 *(.eh_frame)
 .eh_frame      0x0000000008008dd0        0x0 c:/st/stm32cubeide_1.1.0/stm32cubeide/plugins/com.st.stm32cube.ide.mcu.externaltools.gnu-tools-for-stm32.10.3-2021.10.win32_1.0.0.202111181127/tools/bin/../lib/gcc/arm-none-eabi/10.3.1/thumb/v7e-m/nofp/crtbegin.o
 *(.init)
 .init          0x0000000008008dd0        0x4 c:/st/stm32cubeide_1.1.0/stm32cubeide/plugins/com.st.stm32cube.ide.mcu.externaltools.gnu-tools-for-stm32.10.3-2021.10.win32_1.0.0.202111181127/tools/bin/../lib/gcc/arm-none-eabi/10.3.1/thumb/v7e-m/nofp/crti.o
                0x0000000008008dd0                _init
 .init          0x0000000008008dd4        0x8 c:/st/stm32cubeide_1.1.0/stm32cubeide/plugins/com.st.stm32cube.ide.mcu.externaltools.gnu-tools-for-stm32.10.3-2021.10.win32_1.0.0.202111181127/tools/bin/../lib/gcc/arm-none-eabi/10.3.1/thumb/v7e-m/nofp/crtn.o
 *(.fini)
 .fini          0x0000000008008ddc        0x4 c:/st/stm32cubeide_1.1.0/stm32cubeide/plugins/com.st.stm32cube.ide.mcu.externaltools.gnu-tools-for-stm32.10.3-2021.10.win32_1.0.0.202111181127/tools/bin/../lib/gcc/arm-none-eabi/10.3.1/thumb/v7e-m/nofp/crti.o
                0x0000000008008ddc                _fini
 .fini          0x0000000008008de0        0x8 c:/st/stm32cubeide_1.1.0/stm32cubeide/plugins/com.st.stm32cube.ide.mcu.externaltools.gnu-tools-for-stm32.10.3-2021.10.win32_1.0.0.202111181127/tools/bin/../lib/gcc/arm-none-eabi/10.3.1/thumb/v7e-m/nofp/crtn.o
                0x0000000008008de8                . = ALIGN (0x4)
                0x0000000008008de8                _etext = .

.vfp11_veneer   0x0000000008008de8        0x0
 .vfp11_veneer  0x0000000008008de8        0x0 linker stubs

.v4_bx          0x0000000008008de8        0x0
 .v4_bx         0x0000000008008de8        0x0 linker stubs

.iplt           0x0000000008008de8        0x0
 .iplt          0x0000000008008de8        0x0 c:/st/stm32cubeide_1.1.0/stm32cubeide/plugins/com.st.stm32cube.ide.mcu.externaltools.gnu-tools-for-stm32.10.3-2021.10.win32_1.0.0.202111181127/tools/bin/../lib/gcc/arm-none-eabi/10.3.1/thumb/v7e-m/nofp/crtbegin.o

.rodata         0x0000000008008de8       0x74
                0x0000000008008de8                . = ALIGN (0x4)
 *(.rodata)
 .rodata        0x0000000008008de8        0x6 ./Rte/Rte.o
 *(.rodata*)
 *fill*         0x0000000008008dee        0x2 
 .rodata.AHBPrescTable
                0x0000000008008df0       0x10 ./Bsw/MCal/Mcu/mcu.o
                0x0000000008008df0                AHBPrescTable
 .rodata.APBPrescTable
                0x0000000008008e00        0x8 ./Bsw/MCal/Mcu/mcu.o
                0x0000000008008e00                APBPrescTable
 .rodata.aPLLMULFactorTable
                0x0000000008008e08       0x10 ./Bsw/MCal/Mcu/stm32f3xx_hal_rcc.o
                0x0000000008008e08                aPLLMULFactorTable
 .rodata.aPredivFactorTable
                0x0000000008008e18       0x10 ./Bsw/MCal/Mcu/stm32f3xx_hal_rcc.o
                0x0000000008008e18                aPredivFactorTable
 .rodata._svfprintf_r.str1.1
                0x0000000008008e28       0x11 c:/st/stm32cubeide_1.1.0/stm32cubeide/plugins/com.st.stm32cube.ide.mcu.externaltools.gnu-tools-for-stm32.10.3-2021.10.win32_1.0.0.202111181127/tools/bin/../lib/gcc/arm-none-eabi/10.3.1/../../../../arm-none-eabi/lib/thumb/v7e-m/nofp\libc_nano.a(lib_a-nano-svfprintf.o)
 .rodata._printf_i.str1.1
                0x0000000008008e39       0x22 c:/st/stm32cubeide_1.1.0/stm32cubeide/plugins/com.st.stm32cube.ide.mcu.externaltools.gnu-tools-for-stm32.10.3-2021.10.win32_1.0.0.202111181127/tools/bin/../lib/gcc/arm-none-eabi/10.3.1/../../../../arm-none-eabi/lib/thumb/v7e-m/nofp\libc_nano.a(lib_a-nano-vfprintf_i.o)
                0x0000000008008e5c                . = ALIGN (0x4)
 *fill*         0x0000000008008e5b        0x1 

.rel.dyn        0x0000000008008e5c        0x0
 .rel.iplt      0x0000000008008e5c        0x0 c:/st/stm32cubeide_1.1.0/stm32cubeide/plugins/com.st.stm32cube.ide.mcu.externaltools.gnu-tools-for-stm32.10.3-2021.10.win32_1.0.0.202111181127/tools/bin/../lib/gcc/arm-none-eabi/10.3.1/thumb/v7e-m/nofp/crtbegin.o

.ARM.extab      0x0000000008008e5c        0x0
                0x0000000008008e5c                . = ALIGN (0x4)
 *(.ARM.extab* .gnu.linkonce.armextab.*)
                0x0000000008008e5c                . = ALIGN (0x4)

.ARM            0x0000000008008e5c        0x0
                0x0000000008008e5c                . = ALIGN (0x4)
                0x0000000008008e5c                __exidx_start = .
 *(.ARM.exidx*)
                0x0000000008008e5c                __exidx_end = .
                0x0000000008008e5c                . = ALIGN (0x4)

.preinit_array  0x0000000008008e5c        0x0
                0x0000000008008e5c                . = ALIGN (0x4)
                0x0000000008008e5c                PROVIDE (__preinit_array_start = .)
 *(.preinit_array*)
                0x0000000008008e5c                PROVIDE (__preinit_array_end = .)
                0x0000000008008e5c                . = ALIGN (0x4)

.init_array     0x0000000008008e5c        0x4
                0x0000000008008e5c                . = ALIGN (0x4)
                0x0000000008008e5c                PROVIDE (__init_array_start = .)
 *(SORT_BY_NAME(.init_array.*))
 *(.init_array*)
 .init_array    0x0000000008008e5c        0x4 c:/st/stm32cubeide_1.1.0/stm32cubeide/plugins/com.st.stm32cube.ide.mcu.externaltools.gnu-tools-for-stm32.10.3-2021.10.win32_1.0.0.202111181127/tools/bin/../lib/gcc/arm-none-eabi/10.3.1/thumb/v7e-m/nofp/crtbegin.o
                0x0000000008008e60                PROVIDE (__init_array_end = .)
                0x0000000008008e60                . = ALIGN (0x4)

.fini_array     0x0000000008008e60        0x4
                0x0000000008008e60                . = ALIGN (0x4)
                [!provide]                        PROVIDE (__fini_array_start = .)
 *(SORT_BY_NAME(.fini_array.*))
 *(.fini_array*)
 .fini_array    0x0000000008008e60        0x4 c:/st/stm32cubeide_1.1.0/stm32cubeide/plugins/com.st.stm32cube.ide.mcu.externaltools.gnu-tools-for-stm32.10.3-2021.10.win32_1.0.0.202111181127/tools/bin/../lib/gcc/arm-none-eabi/10.3.1/thumb/v7e-m/nofp/crtbegin.o
                [!provide]                        PROVIDE (__fini_array_end = .)
                0x0000000008008e64                . = ALIGN (0x4)
                0x0000000008008e64                _sidata = LOADADDR (.data)

.data           0x0000000020000000       0x74 load address 0x0000000008008e64
                0x0000000020000000                . = ALIGN (0x4)
                0x0000000020000000                _sdata = .
 *(.data)
 *(.data*)
 .data.SystemCoreClock
                0x0000000020000000        0x4 ./Bsw/MCal/Mcu/mcu.o
                0x0000000020000000                SystemCoreClock
 .data.uwTickPrio
                0x0000000020000004        0x4 ./Bsw/MCal/Mcu/stm32f3xx_hal.o
                0x0000000020000004                uwTickPrio
 .data.uwTickFreq
                0x0000000020000008        0x1 ./Bsw/MCal/Mcu/stm32f3xx_hal.o
                0x0000000020000008                uwTickFreq
 *fill*         0x0000000020000009        0x3 
 .data.crlf     0x000000002000000c        0x1 ./Rte/Rte.o
                0x000000002000000c                crlf
 *fill*         0x000000002000000d        0x3 
 .data._impure_ptr
                0x0000000020000010        0x4 c:/st/stm32cubeide_1.1.0/stm32cubeide/plugins/com.st.stm32cube.ide.mcu.externaltools.gnu-tools-for-stm32.10.3-2021.10.win32_1.0.0.202111181127/tools/bin/../lib/gcc/arm-none-eabi/10.3.1/../../../../arm-none-eabi/lib/thumb/v7e-m/nofp\libc_nano.a(lib_a-impure.o)
                0x0000000020000010                _impure_ptr
 .data.impure_data
                0x0000000020000014       0x60 c:/st/stm32cubeide_1.1.0/stm32cubeide/plugins/com.st.stm32cube.ide.mcu.externaltools.gnu-tools-for-stm32.10.3-2021.10.win32_1.0.0.202111181127/tools/bin/../lib/gcc/arm-none-eabi/10.3.1/../../../../arm-none-eabi/lib/thumb/v7e-m/nofp\libc_nano.a(lib_a-impure.o)
 *(.RamFunc)
 *(.RamFunc*)
                0x0000000020000074                . = ALIGN (0x4)
                0x0000000020000074                _edata = .
                0x0000000008008ed8                _siccmram = LOADADDR (.ccmram)

.igot.plt       0x0000000020000074        0x0 load address 0x0000000008008ed8
 .igot.plt      0x0000000020000074        0x0 c:/st/stm32cubeide_1.1.0/stm32cubeide/plugins/com.st.stm32cube.ide.mcu.externaltools.gnu-tools-for-stm32.10.3-2021.10.win32_1.0.0.202111181127/tools/bin/../lib/gcc/arm-none-eabi/10.3.1/thumb/v7e-m/nofp/crtbegin.o

.ccmram         0x0000000010000000        0x0 load address 0x0000000008008ed8
                0x0000000010000000                . = ALIGN (0x4)
                0x0000000010000000                _sccmram = .
 *(.ccmram)
 *(.ccmram*)
                0x0000000010000000                . = ALIGN (0x4)
                0x0000000010000000                _eccmram = .
                0x0000000010000000                . = ALIGN (0x4)

.bss            0x0000000020000074     0x2914
                0x0000000020000074                _sbss = .
                0x0000000020000074                __bss_start__ = _sbss
 *(.bss)
 .bss           0x0000000020000074       0x1c c:/st/stm32cubeide_1.1.0/stm32cubeide/plugins/com.st.stm32cube.ide.mcu.externaltools.gnu-tools-for-stm32.10.3-2021.10.win32_1.0.0.202111181127/tools/bin/../lib/gcc/arm-none-eabi/10.3.1/thumb/v7e-m/nofp/crtbegin.o
 *(.bss*)
 .bss.Access_InitDone_b
                0x0000000020000090        0x1 ./Asw/Access/Access.o
 .bss.Brakes_InitDone_b
                0x0000000020000091        0x1 ./Asw/Brakes/Brakes.o
 .bss.Engine_InitDone_b
                0x0000000020000092        0x1 ./Asw/Engine/Engine.o
 .bss.LED_InitDone_b
                0x0000000020000093        0x1 ./Asw/LED/LED.o
 .bss.LED_ButtonState_b
                0x0000000020000094        0x1 ./Asw/LED/LED.o
 *fill*         0x0000000020000095        0x1 
 .bss.LED_Pulse_u16
                0x0000000020000096        0x2 ./Asw/LED/LED.o
 .bss.LED_Pulse_Direction_u8
                0x0000000020000098        0x1 ./Asw/LED/LED.o
 .bss.Steering_InitDone_b
                0x0000000020000099        0x1 ./Asw/Steering/Steering.o
 *fill*         0x000000002000009a        0x2 
 .bss.gs_SERVO_info
                0x000000002000009c        0x4 ./Bsw/Cdd/Cdd_Servo/Cdd_Servo.o
 .bss.tim3_count
                0x00000000200000a0        0x4 ./Bsw/MCal/Gpt/Gpt.o
                0x00000000200000a0                tim3_count
 .bss.tim3_5count
                0x00000000200000a4        0x4 ./Bsw/MCal/Gpt/Gpt.o
                0x00000000200000a4                tim3_5count
 .bss.tim3_10count
                0x00000000200000a8        0x4 ./Bsw/MCal/Gpt/Gpt.o
                0x00000000200000a8                tim3_10count
 .bss.tim3_20count
                0x00000000200000ac        0x4 ./Bsw/MCal/Gpt/Gpt.o
                0x00000000200000ac                tim3_20count
 .bss.tim3_50count
                0x00000000200000b0        0x4 ./Bsw/MCal/Gpt/Gpt.o
                0x00000000200000b0                tim3_50count
 .bss.tim3_100count
                0x00000000200000b4        0x4 ./Bsw/MCal/Gpt/Gpt.o
                0x00000000200000b4                tim3_100count
 .bss.tim3_500count
                0x00000000200000b8        0x4 ./Bsw/MCal/Gpt/Gpt.o
                0x00000000200000b8                tim3_500count
 .bss.htim3     0x00000000200000bc       0x4c ./Bsw/MCal/Gpt/Gpt.o
                0x00000000200000bc                htim3
 .bss.Gpt_InitDone
                0x0000000020000108        0x1 ./Bsw/MCal/Gpt/Gpt.o
 *fill*         0x0000000020000109        0x3 
 .bss.uwTick    0x000000002000010c        0x4 ./Bsw/MCal/Mcu/stm32f3xx_hal.o
                0x000000002000010c                uwTick
 .bss.__sbrk_heap_end
                0x0000000020000110        0x4 ./Bsw/MCal/Mcu/sysmem.o
 .bss.hadc1     0x0000000020000114       0x50 ./Bsw/Sys/BswM/BswM.o
                0x0000000020000114                hadc1
 .bss.hi2c1     0x0000000020000164       0x7c ./Bsw/Sys/BswM/BswM.o
                0x0000000020000164                hi2c1
 .bss.hspi3     0x00000000200001e0       0x8c ./Bsw/Sys/BswM/BswM.o
                0x00000000200001e0                hspi3
 .bss.huart1    0x000000002000026c       0x84 ./Bsw/Sys/BswM/BswM.o
                0x000000002000026c                huart1
 .bss.huart2    0x00000000200002f0       0x84 ./Bsw/Sys/BswM/BswM.o
                0x00000000200002f0                huart2
 .bss.adc_val   0x0000000020000374        0x4 ./Bsw/Sys/BswM/BswM.o
                0x0000000020000374                adc_val
 .bss.ADC_AN0_Voltage
                0x0000000020000378        0x2 ./Bsw/Sys/BswM/BswM.o
                0x0000000020000378                ADC_AN0_Voltage
 *fill*         0x000000002000037a        0x2 
 .bss.tcbs      0x000000002000037c       0x30 ./Bsw/Sys/Os/Os_scheduler.o
                0x000000002000037c                tcbs
 .bss.pCurntTcb
                0x00000000200003ac        0x4 ./Bsw/Sys/Os/Os_scheduler.o
                0x00000000200003ac                pCurntTcb
 .bss.TCB_STACK
                0x00000000200003b0     0x2580 ./Bsw/Sys/Os/Os_scheduler.o
                0x00000000200003b0                TCB_STACK
 .bss.Os_Task5ms_0_cnt
                0x0000000020002930        0x4 ./Bsw/Sys/Os/Os_scheduler.o
                0x0000000020002930                Os_Task5ms_0_cnt
 .bss.task5ms_cnt
                0x0000000020002934        0x4 ./Bsw/Sys/Os/Os_scheduler.o
                0x0000000020002934                task5ms_cnt
 .bss.Os_Task10ms_0_cnt
                0x0000000020002938        0x4 ./Bsw/Sys/Os/Os_scheduler.o
                0x0000000020002938                Os_Task10ms_0_cnt
 .bss.task10ms_cnt
                0x000000002000293c        0x4 ./Bsw/Sys/Os/Os_scheduler.o
                0x000000002000293c                task10ms_cnt
 .bss.Os_Task20ms_0_cnt
                0x0000000020002940        0x4 ./Bsw/Sys/Os/Os_scheduler.o
                0x0000000020002940                Os_Task20ms_0_cnt
 .bss.task20ms_cnt
                0x0000000020002944        0x4 ./Bsw/Sys/Os/Os_scheduler.o
                0x0000000020002944                task20ms_cnt
 .bss.Os_Task50ms_0_cnt
                0x0000000020002948        0x4 ./Bsw/Sys/Os/Os_scheduler.o
                0x0000000020002948                Os_Task50ms_0_cnt
 .bss.task50ms_cnt
                0x000000002000294c        0x4 ./Bsw/Sys/Os/Os_scheduler.o
                0x000000002000294c                task50ms_cnt
 .bss.Os_Task100ms_0_cnt
                0x0000000020002950        0x4 ./Bsw/Sys/Os/Os_scheduler.o
                0x0000000020002950                Os_Task100ms_0_cnt
 .bss.task100ms_cnt
                0x0000000020002954        0x4 ./Bsw/Sys/Os/Os_scheduler.o
                0x0000000020002954                task100ms_cnt
 .bss.Os_Task500ms_0_cnt
                0x0000000020002958        0x4 ./Bsw/Sys/Os/Os_scheduler.o
                0x0000000020002958                Os_Task500ms_0_cnt
 .bss.task500ms_cnt
                0x000000002000295c        0x4 ./Bsw/Sys/Os/Os_scheduler.o
                0x000000002000295c                task500ms_cnt
 .bss.Int_ButtonState
                0x0000000020002960        0x1 ./Rte/Rte.o
 *fill*         0x0000000020002961        0x3 
 .bss.databuf   0x0000000020002964       0x10 ./Rte/Rte.o
                0x0000000020002964                databuf
 .bss.count     0x0000000020002974        0x2 ./Rte/Rte.o
                0x0000000020002974                count
 *fill*         0x0000000020002976        0x2 
 .bss.__malloc_free_list
                0x0000000020002978        0x4 c:/st/stm32cubeide_1.1.0/stm32cubeide/plugins/com.st.stm32cube.ide.mcu.externaltools.gnu-tools-for-stm32.10.3-2021.10.win32_1.0.0.202111181127/tools/bin/../lib/gcc/arm-none-eabi/10.3.1/../../../../arm-none-eabi/lib/thumb/v7e-m/nofp\libc_nano.a(lib_a-nano-mallocr.o)
                0x0000000020002978                __malloc_free_list
 .bss.__malloc_sbrk_start
                0x000000002000297c        0x4 c:/st/stm32cubeide_1.1.0/stm32cubeide/plugins/com.st.stm32cube.ide.mcu.externaltools.gnu-tools-for-stm32.10.3-2021.10.win32_1.0.0.202111181127/tools/bin/../lib/gcc/arm-none-eabi/10.3.1/../../../../arm-none-eabi/lib/thumb/v7e-m/nofp\libc_nano.a(lib_a-nano-mallocr.o)
                0x000000002000297c                __malloc_sbrk_start
 .bss.errno     0x0000000020002980        0x4 c:/st/stm32cubeide_1.1.0/stm32cubeide/plugins/com.st.stm32cube.ide.mcu.externaltools.gnu-tools-for-stm32.10.3-2021.10.win32_1.0.0.202111181127/tools/bin/../lib/gcc/arm-none-eabi/10.3.1/../../../../arm-none-eabi/lib/thumb/v7e-m/nofp\libc_nano.a(lib_a-reent.o)
                0x0000000020002980                errno
 .bss.__lock___malloc_recursive_mutex
                0x0000000020002984        0x1 c:/st/stm32cubeide_1.1.0/stm32cubeide/plugins/com.st.stm32cube.ide.mcu.externaltools.gnu-tools-for-stm32.10.3-2021.10.win32_1.0.0.202111181127/tools/bin/../lib/gcc/arm-none-eabi/10.3.1/../../../../arm-none-eabi/lib/thumb/v7e-m/nofp\libc_nano.a(lib_a-lock.o)
                0x0000000020002984                __lock___malloc_recursive_mutex
 *(COMMON)
                0x0000000020002988                . = ALIGN (0x4)
 *fill*         0x0000000020002985        0x3 
                0x0000000020002988                _ebss = .
                0x0000000020002988                __bss_end__ = _ebss

._user_heap_stack
                0x0000000020002988      0x600
                0x0000000020002988                . = ALIGN (0x8)
                [!provide]                        PROVIDE (end = .)
                0x0000000020002988                PROVIDE (_end = .)
                0x0000000020002b88                . = (. + _Min_Heap_Size)
 *fill*         0x0000000020002988      0x200 
                0x0000000020002f88                . = (. + _Min_Stack_Size)
 *fill*         0x0000000020002b88      0x400 
                0x0000000020002f88                . = ALIGN (0x8)

/DISCARD/
 libc.a(*)
 libm.a(*)
 libgcc.a(*)

.ARM.attributes
                0x0000000000000000       0x2a
 *(.ARM.attributes)
 .ARM.attributes
                0x0000000000000000       0x1e c:/st/stm32cubeide_1.1.0/stm32cubeide/plugins/com.st.stm32cube.ide.mcu.externaltools.gnu-tools-for-stm32.10.3-2021.10.win32_1.0.0.202111181127/tools/bin/../lib/gcc/arm-none-eabi/10.3.1/thumb/v7e-m/nofp/crti.o
 .ARM.attributes
                0x000000000000001e       0x2e c:/st/stm32cubeide_1.1.0/stm32cubeide/plugins/com.st.stm32cube.ide.mcu.externaltools.gnu-tools-for-stm32.10.3-2021.10.win32_1.0.0.202111181127/tools/bin/../lib/gcc/arm-none-eabi/10.3.1/thumb/v7e-m/nofp/crtbegin.o
 .ARM.attributes
                0x000000000000004c       0x2e ./Asw/Access/Access.o
 .ARM.attributes
                0x000000000000007a       0x2e ./Asw/Brakes/Brakes.o
 .ARM.attributes
                0x00000000000000a8       0x2e ./Asw/Engine/Engine.o
 .ARM.attributes
                0x00000000000000d6       0x2e ./Asw/LED/LED.o
 .ARM.attributes
                0x0000000000000104       0x2e ./Asw/Steering/Steering.o
 .ARM.attributes
                0x0000000000000132       0x2e ./Bsw/Cdd/Cdd_Servo/Cdd_Servo.o
 .ARM.attributes
                0x0000000000000160       0x2e ./Bsw/MCal/Adc/stm32f3xx_hal_adc.o
 .ARM.attributes
                0x000000000000018e       0x2e ./Bsw/MCal/Adc/stm32f3xx_hal_adc_ex.o
 .ARM.attributes
                0x00000000000001bc       0x2e ./Bsw/MCal/Dio/stm32f3xx_hal_gpio.o
 .ARM.attributes
                0x00000000000001ea       0x2e ./Bsw/MCal/Dma/stm32f3xx_hal_dma.o
 .ARM.attributes
                0x0000000000000218       0x2e ./Bsw/MCal/Gpt/Gpt.o
 .ARM.attributes
                0x0000000000000246       0x2e ./Bsw/MCal/Gpt/stm32f3xx_hal_tim.o
 .ARM.attributes
                0x0000000000000274       0x2e ./Bsw/MCal/Gpt/stm32f3xx_hal_tim_ex.o
 .ARM.attributes
                0x00000000000002a2       0x2e ./Bsw/MCal/I2c/stm32f3xx_hal_i2c.o
 .ARM.attributes
                0x00000000000002d0       0x2e ./Bsw/MCal/I2c/stm32f3xx_hal_i2c_ex.o
 .ARM.attributes
                0x00000000000002fe       0x2e ./Bsw/MCal/Int/Int.o
 .ARM.attributes
                0x000000000000032c       0x2e ./Bsw/MCal/Mcu/mcu.o
 .ARM.attributes
                0x000000000000035a       0x2e ./Bsw/MCal/Mcu/stm32f3xx_hal.o
 .ARM.attributes
                0x0000000000000388       0x2e ./Bsw/MCal/Mcu/stm32f3xx_hal_cortex.o
 .ARM.attributes
                0x00000000000003b6       0x2e ./Bsw/MCal/Mcu/stm32f3xx_hal_msp.o
 .ARM.attributes
                0x00000000000003e4       0x2e ./Bsw/MCal/Mcu/stm32f3xx_hal_rcc.o
 .ARM.attributes
                0x0000000000000412       0x2e ./Bsw/MCal/Mcu/stm32f3xx_hal_rcc_ex.o
 .ARM.attributes
                0x0000000000000440       0x2e ./Bsw/MCal/Mcu/stm32f3xx_it.o
 .ARM.attributes
                0x000000000000046e       0x2e ./Bsw/MCal/Mcu/sysmem.o
 .ARM.attributes
                0x000000000000049c       0x2e ./Bsw/MCal/Spi/stm32f3xx_hal_spi.o
 .ARM.attributes
                0x00000000000004ca       0x2e ./Bsw/MCal/Uart/stm32f3xx_hal_uart.o
 .ARM.attributes
                0x00000000000004f8       0x2e ./Bsw/MCal/Uart/stm32f3xx_hal_uart_ex.o
 .ARM.attributes
                0x0000000000000526       0x2e ./Bsw/Sys/BswM/BswM.o
 .ARM.attributes
                0x0000000000000554       0x2e ./Bsw/Sys/EcuM/EcuM.o
 .ARM.attributes
                0x0000000000000582       0x2e ./Bsw/Sys/Os/Os.o
 .ARM.attributes
                0x00000000000005b0       0x2e ./Bsw/Sys/Os/Os_scheduler.o
 .ARM.attributes
                0x00000000000005de       0x2e ./Bsw/Sys/Os/Os_task.o
 .ARM.attributes
                0x000000000000060c       0x2e ./Bsw/Sys/Tm/Tm.o
 .ARM.attributes
                0x000000000000063a       0x21 ./Config/startup_stm32f303retx.o
 .ARM.attributes
                0x000000000000065b       0x2e ./Rte/Rte.o
 .ARM.attributes
                0x0000000000000689       0x2e c:/st/stm32cubeide_1.1.0/stm32cubeide/plugins/com.st.stm32cube.ide.mcu.externaltools.gnu-tools-for-stm32.10.3-2021.10.win32_1.0.0.202111181127/tools/bin/../lib/gcc/arm-none-eabi/10.3.1/../../../../arm-none-eabi/lib/thumb/v7e-m/nofp\libc_nano.a(lib_a-errno.o)
 .ARM.attributes
                0x00000000000006b7       0x2e c:/st/stm32cubeide_1.1.0/stm32cubeide/plugins/com.st.stm32cube.ide.mcu.externaltools.gnu-tools-for-stm32.10.3-2021.10.win32_1.0.0.202111181127/tools/bin/../lib/gcc/arm-none-eabi/10.3.1/../../../../arm-none-eabi/lib/thumb/v7e-m/nofp\libc_nano.a(lib_a-impure.o)
 .ARM.attributes
                0x00000000000006e5       0x2e c:/st/stm32cubeide_1.1.0/stm32cubeide/plugins/com.st.stm32cube.ide.mcu.externaltools.gnu-tools-for-stm32.10.3-2021.10.win32_1.0.0.202111181127/tools/bin/../lib/gcc/arm-none-eabi/10.3.1/../../../../arm-none-eabi/lib/thumb/v7e-m/nofp\libc_nano.a(lib_a-init.o)
 .ARM.attributes
                0x0000000000000713       0x2e c:/st/stm32cubeide_1.1.0/stm32cubeide/plugins/com.st.stm32cube.ide.mcu.externaltools.gnu-tools-for-stm32.10.3-2021.10.win32_1.0.0.202111181127/tools/bin/../lib/gcc/arm-none-eabi/10.3.1/../../../../arm-none-eabi/lib/thumb/v7e-m/nofp\libc_nano.a(lib_a-memset.o)
 .ARM.attributes
                0x0000000000000741       0x2e c:/st/stm32cubeide_1.1.0/stm32cubeide/plugins/com.st.stm32cube.ide.mcu.externaltools.gnu-tools-for-stm32.10.3-2021.10.win32_1.0.0.202111181127/tools/bin/../lib/gcc/arm-none-eabi/10.3.1/../../../../arm-none-eabi/lib/thumb/v7e-m/nofp\libc_nano.a(lib_a-sprintf.o)
 .ARM.attributes
                0x000000000000076f       0x17 c:/st/stm32cubeide_1.1.0/stm32cubeide/plugins/com.st.stm32cube.ide.mcu.externaltools.gnu-tools-for-stm32.10.3-2021.10.win32_1.0.0.202111181127/tools/bin/../lib/gcc/arm-none-eabi/10.3.1/../../../../arm-none-eabi/lib/thumb/v7e-m/nofp\libc_nano.a(lib_a-strlen.o)
 .ARM.attributes
                0x0000000000000786       0x2e c:/st/stm32cubeide_1.1.0/stm32cubeide/plugins/com.st.stm32cube.ide.mcu.externaltools.gnu-tools-for-stm32.10.3-2021.10.win32_1.0.0.202111181127/tools/bin/../lib/gcc/arm-none-eabi/10.3.1/../../../../arm-none-eabi/lib/thumb/v7e-m/nofp\libc_nano.a(lib_a-nano-svfprintf.o)
 .ARM.attributes
                0x00000000000007b4       0x2e c:/st/stm32cubeide_1.1.0/stm32cubeide/plugins/com.st.stm32cube.ide.mcu.externaltools.gnu-tools-for-stm32.10.3-2021.10.win32_1.0.0.202111181127/tools/bin/../lib/gcc/arm-none-eabi/10.3.1/../../../../arm-none-eabi/lib/thumb/v7e-m/nofp\libc_nano.a(lib_a-nano-vfprintf_i.o)
 .ARM.attributes
                0x00000000000007e2       0x1c c:/st/stm32cubeide_1.1.0/stm32cubeide/plugins/com.st.stm32cube.ide.mcu.externaltools.gnu-tools-for-stm32.10.3-2021.10.win32_1.0.0.202111181127/tools/bin/../lib/gcc/arm-none-eabi/10.3.1/../../../../arm-none-eabi/lib/thumb/v7e-m/nofp\libc_nano.a(lib_a-memchr.o)
 .ARM.attributes
                0x00000000000007fe       0x2e c:/st/stm32cubeide_1.1.0/stm32cubeide/plugins/com.st.stm32cube.ide.mcu.externaltools.gnu-tools-for-stm32.10.3-2021.10.win32_1.0.0.202111181127/tools/bin/../lib/gcc/arm-none-eabi/10.3.1/../../../../arm-none-eabi/lib/thumb/v7e-m/nofp\libc_nano.a(lib_a-memcpy-stub.o)
 .ARM.attributes
                0x000000000000082c       0x2e c:/st/stm32cubeide_1.1.0/stm32cubeide/plugins/com.st.stm32cube.ide.mcu.externaltools.gnu-tools-for-stm32.10.3-2021.10.win32_1.0.0.202111181127/tools/bin/../lib/gcc/arm-none-eabi/10.3.1/../../../../arm-none-eabi/lib/thumb/v7e-m/nofp\libc_nano.a(lib_a-memmove.o)
 .ARM.attributes
                0x000000000000085a       0x2e c:/st/stm32cubeide_1.1.0/stm32cubeide/plugins/com.st.stm32cube.ide.mcu.externaltools.gnu-tools-for-stm32.10.3-2021.10.win32_1.0.0.202111181127/tools/bin/../lib/gcc/arm-none-eabi/10.3.1/../../../../arm-none-eabi/lib/thumb/v7e-m/nofp\libc_nano.a(lib_a-nano-freer.o)
 .ARM.attributes
                0x0000000000000888       0x2e c:/st/stm32cubeide_1.1.0/stm32cubeide/plugins/com.st.stm32cube.ide.mcu.externaltools.gnu-tools-for-stm32.10.3-2021.10.win32_1.0.0.202111181127/tools/bin/../lib/gcc/arm-none-eabi/10.3.1/../../../../arm-none-eabi/lib/thumb/v7e-m/nofp\libc_nano.a(lib_a-nano-mallocr.o)
 .ARM.attributes
                0x00000000000008b6       0x2e c:/st/stm32cubeide_1.1.0/stm32cubeide/plugins/com.st.stm32cube.ide.mcu.externaltools.gnu-tools-for-stm32.10.3-2021.10.win32_1.0.0.202111181127/tools/bin/../lib/gcc/arm-none-eabi/10.3.1/../../../../arm-none-eabi/lib/thumb/v7e-m/nofp\libc_nano.a(lib_a-nano-reallocr.o)
 .ARM.attributes
                0x00000000000008e4       0x2e c:/st/stm32cubeide_1.1.0/stm32cubeide/plugins/com.st.stm32cube.ide.mcu.externaltools.gnu-tools-for-stm32.10.3-2021.10.win32_1.0.0.202111181127/tools/bin/../lib/gcc/arm-none-eabi/10.3.1/../../../../arm-none-eabi/lib/thumb/v7e-m/nofp\libc_nano.a(lib_a-sbrkr.o)
 .ARM.attributes
                0x0000000000000912       0x2e c:/st/stm32cubeide_1.1.0/stm32cubeide/plugins/com.st.stm32cube.ide.mcu.externaltools.gnu-tools-for-stm32.10.3-2021.10.win32_1.0.0.202111181127/tools/bin/../lib/gcc/arm-none-eabi/10.3.1/../../../../arm-none-eabi/lib/thumb/v7e-m/nofp\libc_nano.a(lib_a-mlock.o)
 .ARM.attributes
                0x0000000000000940       0x2e c:/st/stm32cubeide_1.1.0/stm32cubeide/plugins/com.st.stm32cube.ide.mcu.externaltools.gnu-tools-for-stm32.10.3-2021.10.win32_1.0.0.202111181127/tools/bin/../lib/gcc/arm-none-eabi/10.3.1/../../../../arm-none-eabi/lib/thumb/v7e-m/nofp\libc_nano.a(lib_a-nano-msizer.o)
 .ARM.attributes
                0x000000000000096e       0x2e c:/st/stm32cubeide_1.1.0/stm32cubeide/plugins/com.st.stm32cube.ide.mcu.externaltools.gnu-tools-for-stm32.10.3-2021.10.win32_1.0.0.202111181127/tools/bin/../lib/gcc/arm-none-eabi/10.3.1/../../../../arm-none-eabi/lib/thumb/v7e-m/nofp\libc_nano.a(lib_a-reent.o)
 .ARM.attributes
                0x000000000000099c       0x2e c:/st/stm32cubeide_1.1.0/stm32cubeide/plugins/com.st.stm32cube.ide.mcu.externaltools.gnu-tools-for-stm32.10.3-2021.10.win32_1.0.0.202111181127/tools/bin/../lib/gcc/arm-none-eabi/10.3.1/../../../../arm-none-eabi/lib/thumb/v7e-m/nofp\libc_nano.a(lib_a-lock.o)
 .ARM.attributes
                0x00000000000009ca       0x1e c:/st/stm32cubeide_1.1.0/stm32cubeide/plugins/com.st.stm32cube.ide.mcu.externaltools.gnu-tools-for-stm32.10.3-2021.10.win32_1.0.0.202111181127/tools/bin/../lib/gcc/arm-none-eabi/10.3.1/thumb/v7e-m/nofp\libgcc.a(_arm_addsubdf3.o)
 .ARM.attributes
                0x00000000000009e8       0x1e c:/st/stm32cubeide_1.1.0/stm32cubeide/plugins/com.st.stm32cube.ide.mcu.externaltools.gnu-tools-for-stm32.10.3-2021.10.win32_1.0.0.202111181127/tools/bin/../lib/gcc/arm-none-eabi/10.3.1/thumb/v7e-m/nofp\libgcc.a(_arm_muldivdf3.o)
 .ARM.attributes
                0x0000000000000a06       0x1e c:/st/stm32cubeide_1.1.0/stm32cubeide/plugins/com.st.stm32cube.ide.mcu.externaltools.gnu-tools-for-stm32.10.3-2021.10.win32_1.0.0.202111181127/tools/bin/../lib/gcc/arm-none-eabi/10.3.1/thumb/v7e-m/nofp\libgcc.a(_arm_fixunsdfsi.o)
 .ARM.attributes
                0x0000000000000a24       0x1e c:/st/stm32cubeide_1.1.0/stm32cubeide/plugins/com.st.stm32cube.ide.mcu.externaltools.gnu-tools-for-stm32.10.3-2021.10.win32_1.0.0.202111181127/tools/bin/../lib/gcc/arm-none-eabi/10.3.1/thumb/v7e-m/nofp/crtn.o
OUTPUT(avProj.elf elf32-littlearm)
LOAD linker stubs
LOAD c:/st/stm32cubeide_1.1.0/stm32cubeide/plugins/com.st.stm32cube.ide.mcu.externaltools.gnu-tools-for-stm32.10.3-2021.10.win32_1.0.0.202111181127/tools/bin/../lib/gcc/arm-none-eabi/10.3.1/../../../../arm-none-eabi/lib/thumb/v7e-m/nofp\libc.a
LOAD c:/st/stm32cubeide_1.1.0/stm32cubeide/plugins/com.st.stm32cube.ide.mcu.externaltools.gnu-tools-for-stm32.10.3-2021.10.win32_1.0.0.202111181127/tools/bin/../lib/gcc/arm-none-eabi/10.3.1/../../../../arm-none-eabi/lib/thumb/v7e-m/nofp\libm.a
LOAD c:/st/stm32cubeide_1.1.0/stm32cubeide/plugins/com.st.stm32cube.ide.mcu.externaltools.gnu-tools-for-stm32.10.3-2021.10.win32_1.0.0.202111181127/tools/bin/../lib/gcc/arm-none-eabi/10.3.1/thumb/v7e-m/nofp\libgcc.a

.debug_info     0x0000000000000000    0x1b629
 .debug_info    0x0000000000000000       0xc7 ./Asw/Access/Access.o
 .debug_info    0x00000000000000c7       0xc7 ./Asw/Brakes/Brakes.o
 .debug_info    0x000000000000018e       0xc7 ./Asw/Engine/Engine.o
 .debug_info    0x0000000000000255      0x163 ./Asw/LED/LED.o
 .debug_info    0x00000000000003b8       0xc7 ./Asw/Steering/Steering.o
 .debug_info    0x000000000000047f      0xdcd ./Bsw/Cdd/Cdd_Servo/Cdd_Servo.o
 .debug_info    0x000000000000124c      0xb9e ./Bsw/MCal/Adc/stm32f3xx_hal_adc.o
 .debug_info    0x0000000000001dea     0x16b2 ./Bsw/MCal/Adc/stm32f3xx_hal_adc_ex.o
 .debug_info    0x000000000000349c      0x74e ./Bsw/MCal/Dio/stm32f3xx_hal_gpio.o
 .debug_info    0x0000000000003bea      0x757 ./Bsw/MCal/Dma/stm32f3xx_hal_dma.o
 .debug_info    0x0000000000004341      0x917 ./Bsw/MCal/Gpt/Gpt.o
 .debug_info    0x0000000000004c58     0x2ca3 ./Bsw/MCal/Gpt/stm32f3xx_hal_tim.o
 .debug_info    0x00000000000078fb     0x1679 ./Bsw/MCal/Gpt/stm32f3xx_hal_tim_ex.o
 .debug_info    0x0000000000008f74     0x23eb ./Bsw/MCal/I2c/stm32f3xx_hal_i2c.o
 .debug_info    0x000000000000b35f      0xa1d ./Bsw/MCal/I2c/stm32f3xx_hal_i2c_ex.o
 .debug_info    0x000000000000bd7c      0x1fc ./Bsw/MCal/Int/Int.o
 .debug_info    0x000000000000bf78      0x254 ./Bsw/MCal/Mcu/mcu.o
 .debug_info    0x000000000000c1cc      0x837 ./Bsw/MCal/Mcu/stm32f3xx_hal.o
 .debug_info    0x000000000000ca03      0xdb5 ./Bsw/MCal/Mcu/stm32f3xx_hal_cortex.o
 .debug_info    0x000000000000d7b8     0x1c26 ./Bsw/MCal/Mcu/stm32f3xx_hal_msp.o
 .debug_info    0x000000000000f3de     0x1597 ./Bsw/MCal/Mcu/stm32f3xx_hal_rcc.o
 .debug_info    0x0000000000010975      0x67f ./Bsw/MCal/Mcu/stm32f3xx_hal_rcc_ex.o
 .debug_info    0x0000000000010ff4     0x164b ./Bsw/MCal/Mcu/stm32f3xx_it.o
 .debug_info    0x000000000001263f      0x171 ./Bsw/MCal/Mcu/sysmem.o
 .debug_info    0x00000000000127b0     0x192a ./Bsw/MCal/Spi/stm32f3xx_hal_spi.o
 .debug_info    0x00000000000140da     0x3ad3 ./Bsw/MCal/Uart/stm32f3xx_hal_uart.o
 .debug_info    0x0000000000017bad      0xcce ./Bsw/MCal/Uart/stm32f3xx_hal_uart_ex.o
 .debug_info    0x000000000001887b     0x1c65 ./Bsw/Sys/BswM/BswM.o
 .debug_info    0x000000000001a4e0       0xf7 ./Bsw/Sys/EcuM/EcuM.o
 .debug_info    0x000000000001a5d7       0xbb ./Bsw/Sys/Os/Os.o
 .debug_info    0x000000000001a692      0x36b ./Bsw/Sys/Os/Os_scheduler.o
 .debug_info    0x000000000001a9fd      0x13b ./Bsw/Sys/Os/Os_task.o
 .debug_info    0x000000000001ab38       0x91 ./Bsw/Sys/Tm/Tm.o
 .debug_info    0x000000000001abc9       0x22 ./Config/startup_stm32f303retx.o
 .debug_info    0x000000000001abeb      0xa3e ./Rte/Rte.o

.debug_abbrev   0x0000000000000000     0x378b
 .debug_abbrev  0x0000000000000000       0x67 ./Asw/Access/Access.o
 .debug_abbrev  0x0000000000000067       0x67 ./Asw/Brakes/Brakes.o
 .debug_abbrev  0x00000000000000ce       0x67 ./Asw/Engine/Engine.o
 .debug_abbrev  0x0000000000000135       0xbc ./Asw/LED/LED.o
 .debug_abbrev  0x00000000000001f1       0x67 ./Asw/Steering/Steering.o
 .debug_abbrev  0x0000000000000258      0x22a ./Bsw/Cdd/Cdd_Servo/Cdd_Servo.o
 .debug_abbrev  0x0000000000000482      0x17a ./Bsw/MCal/Adc/stm32f3xx_hal_adc.o
 .debug_abbrev  0x00000000000005fc      0x27a ./Bsw/MCal/Adc/stm32f3xx_hal_adc_ex.o
 .debug_abbrev  0x0000000000000876      0x1bb ./Bsw/MCal/Dio/stm32f3xx_hal_gpio.o
 .debug_abbrev  0x0000000000000a31      0x1fe ./Bsw/MCal/Dma/stm32f3xx_hal_dma.o
 .debug_abbrev  0x0000000000000c2f      0x1ed ./Bsw/MCal/Gpt/Gpt.o
 .debug_abbrev  0x0000000000000e1c      0x25d ./Bsw/MCal/Gpt/stm32f3xx_hal_tim.o
 .debug_abbrev  0x0000000000001079      0x265 ./Bsw/MCal/Gpt/stm32f3xx_hal_tim_ex.o
 .debug_abbrev  0x00000000000012de      0x256 ./Bsw/MCal/I2c/stm32f3xx_hal_i2c.o
 .debug_abbrev  0x0000000000001534      0x1b0 ./Bsw/MCal/I2c/stm32f3xx_hal_i2c_ex.o
 .debug_abbrev  0x00000000000016e4      0x118 ./Bsw/MCal/Int/Int.o
 .debug_abbrev  0x00000000000017fc      0x116 ./Bsw/MCal/Mcu/mcu.o
 .debug_abbrev  0x0000000000001912      0x20e ./Bsw/MCal/Mcu/stm32f3xx_hal.o
 .debug_abbrev  0x0000000000001b20      0x316 ./Bsw/MCal/Mcu/stm32f3xx_hal_cortex.o
 .debug_abbrev  0x0000000000001e36      0x1f9 ./Bsw/MCal/Mcu/stm32f3xx_hal_msp.o
 .debug_abbrev  0x000000000000202f      0x30c ./Bsw/MCal/Mcu/stm32f3xx_hal_rcc.o
 .debug_abbrev  0x000000000000233b      0x239 ./Bsw/MCal/Mcu/stm32f3xx_hal_rcc_ex.o
 .debug_abbrev  0x0000000000002574      0x1bc ./Bsw/MCal/Mcu/stm32f3xx_it.o
 .debug_abbrev  0x0000000000002730       0xbb ./Bsw/MCal/Mcu/sysmem.o
 .debug_abbrev  0x00000000000027eb      0x254 ./Bsw/MCal/Spi/stm32f3xx_hal_spi.o
 .debug_abbrev  0x0000000000002a3f      0x2bc ./Bsw/MCal/Uart/stm32f3xx_hal_uart.o
 .debug_abbrev  0x0000000000002cfb      0x2a4 ./Bsw/MCal/Uart/stm32f3xx_hal_uart_ex.o
 .debug_abbrev  0x0000000000002f9f      0x2ad ./Bsw/Sys/BswM/BswM.o
 .debug_abbrev  0x000000000000324c       0xb6 ./Bsw/Sys/EcuM/EcuM.o
 .debug_abbrev  0x0000000000003302       0x72 ./Bsw/Sys/Os/Os.o
 .debug_abbrev  0x0000000000003374      0x124 ./Bsw/Sys/Os/Os_scheduler.o
 .debug_abbrev  0x0000000000003498       0x5a ./Bsw/Sys/Os/Os_task.o
 .debug_abbrev  0x00000000000034f2       0x5a ./Bsw/Sys/Tm/Tm.o
 .debug_abbrev  0x000000000000354c       0x12 ./Config/startup_stm32f303retx.o
 .debug_abbrev  0x000000000000355e      0x22d ./Rte/Rte.o

.debug_aranges  0x0000000000000000     0x1798
 .debug_aranges
                0x0000000000000000       0x28 ./Asw/Access/Access.o
 .debug_aranges
                0x0000000000000028       0x28 ./Asw/Brakes/Brakes.o
 .debug_aranges
                0x0000000000000050       0x28 ./Asw/Engine/Engine.o
 .debug_aranges
                0x0000000000000078       0x38 ./Asw/LED/LED.o
 .debug_aranges
                0x00000000000000b0       0x28 ./Asw/Steering/Steering.o
 .debug_aranges
                0x00000000000000d8       0x50 ./Bsw/Cdd/Cdd_Servo/Cdd_Servo.o
 .debug_aranges
                0x0000000000000128       0xc8 ./Bsw/MCal/Adc/stm32f3xx_hal_adc.o
 .debug_aranges
                0x00000000000001f0      0x168 ./Bsw/MCal/Adc/stm32f3xx_hal_adc_ex.o
 .debug_aranges
                0x0000000000000358       0x58 ./Bsw/MCal/Dio/stm32f3xx_hal_gpio.o
 .debug_aranges
                0x00000000000003b0       0x88 ./Bsw/MCal/Dma/stm32f3xx_hal_dma.o
 .debug_aranges
                0x0000000000000438       0x48 ./Bsw/MCal/Gpt/Gpt.o
 .debug_aranges
                0x0000000000000480      0x3e0 ./Bsw/MCal/Gpt/stm32f3xx_hal_tim.o
 .debug_aranges
                0x0000000000000860      0x178 ./Bsw/MCal/Gpt/stm32f3xx_hal_tim_ex.o
 .debug_aranges
                0x00000000000009d8      0x2b0 ./Bsw/MCal/I2c/stm32f3xx_hal_i2c.o
 .debug_aranges
                0x0000000000000c88       0x48 ./Bsw/MCal/I2c/stm32f3xx_hal_i2c_ex.o
 .debug_aranges
                0x0000000000000cd0       0x20 ./Bsw/MCal/Int/Int.o
 .debug_aranges
                0x0000000000000cf0       0x28 ./Bsw/MCal/Mcu/mcu.o
 .debug_aranges
                0x0000000000000d18       0xe0 ./Bsw/MCal/Mcu/stm32f3xx_hal.o
 .debug_aranges
                0x0000000000000df8      0x118 ./Bsw/MCal/Mcu/stm32f3xx_hal_cortex.o
 .debug_aranges
                0x0000000000000f10       0x70 ./Bsw/MCal/Mcu/stm32f3xx_hal_msp.o
 .debug_aranges
                0x0000000000000f80       0x88 ./Bsw/MCal/Mcu/stm32f3xx_hal_rcc.o
 .debug_aranges
                0x0000000000001008       0x38 ./Bsw/MCal/Mcu/stm32f3xx_hal_rcc_ex.o
 .debug_aranges
                0x0000000000001040       0x90 ./Bsw/MCal/Mcu/stm32f3xx_it.o
 .debug_aranges
                0x00000000000010d0       0x20 ./Bsw/MCal/Mcu/sysmem.o
 .debug_aranges
                0x00000000000010f0      0x1e8 ./Bsw/MCal/Spi/stm32f3xx_hal_spi.o
 .debug_aranges
                0x00000000000012d8      0x228 ./Bsw/MCal/Uart/stm32f3xx_hal_uart.o
 .debug_aranges
                0x0000000000001500       0x68 ./Bsw/MCal/Uart/stm32f3xx_hal_uart_ex.o
 .debug_aranges
                0x0000000000001568       0x70 ./Bsw/Sys/BswM/BswM.o
 .debug_aranges
                0x00000000000015d8       0x28 ./Bsw/Sys/EcuM/EcuM.o
 .debug_aranges
                0x0000000000001600       0x20 ./Bsw/Sys/Os/Os.o
 .debug_aranges
                0x0000000000001620       0x68 ./Bsw/Sys/Os/Os_scheduler.o
 .debug_aranges
                0x0000000000001688       0x50 ./Bsw/Sys/Os/Os_task.o
 .debug_aranges
                0x00000000000016d8       0x20 ./Bsw/Sys/Tm/Tm.o
 .debug_aranges
                0x00000000000016f8       0x28 ./Config/startup_stm32f303retx.o
 .debug_aranges
                0x0000000000001720       0x78 ./Rte/Rte.o

.debug_ranges   0x0000000000000000     0x15a0
 .debug_ranges  0x0000000000000000       0x18 ./Asw/Access/Access.o
 .debug_ranges  0x0000000000000018       0x18 ./Asw/Brakes/Brakes.o
 .debug_ranges  0x0000000000000030       0x18 ./Asw/Engine/Engine.o
 .debug_ranges  0x0000000000000048       0x28 ./Asw/LED/LED.o
 .debug_ranges  0x0000000000000070       0x18 ./Asw/Steering/Steering.o
 .debug_ranges  0x0000000000000088       0x40 ./Bsw/Cdd/Cdd_Servo/Cdd_Servo.o
 .debug_ranges  0x00000000000000c8       0xb8 ./Bsw/MCal/Adc/stm32f3xx_hal_adc.o
 .debug_ranges  0x0000000000000180      0x158 ./Bsw/MCal/Adc/stm32f3xx_hal_adc_ex.o
 .debug_ranges  0x00000000000002d8       0x48 ./Bsw/MCal/Dio/stm32f3xx_hal_gpio.o
 .debug_ranges  0x0000000000000320       0x78 ./Bsw/MCal/Dma/stm32f3xx_hal_dma.o
 .debug_ranges  0x0000000000000398       0x38 ./Bsw/MCal/Gpt/Gpt.o
 .debug_ranges  0x00000000000003d0      0x3d0 ./Bsw/MCal/Gpt/stm32f3xx_hal_tim.o
 .debug_ranges  0x00000000000007a0      0x168 ./Bsw/MCal/Gpt/stm32f3xx_hal_tim_ex.o
 .debug_ranges  0x0000000000000908      0x2a0 ./Bsw/MCal/I2c/stm32f3xx_hal_i2c.o
 .debug_ranges  0x0000000000000ba8       0x38 ./Bsw/MCal/I2c/stm32f3xx_hal_i2c_ex.o
 .debug_ranges  0x0000000000000be0       0x10 ./Bsw/MCal/Int/Int.o
 .debug_ranges  0x0000000000000bf0       0x18 ./Bsw/MCal/Mcu/mcu.o
 .debug_ranges  0x0000000000000c08       0xd0 ./Bsw/MCal/Mcu/stm32f3xx_hal.o
 .debug_ranges  0x0000000000000cd8      0x108 ./Bsw/MCal/Mcu/stm32f3xx_hal_cortex.o
 .debug_ranges  0x0000000000000de0       0x60 ./Bsw/MCal/Mcu/stm32f3xx_hal_msp.o
 .debug_ranges  0x0000000000000e40       0x78 ./Bsw/MCal/Mcu/stm32f3xx_hal_rcc.o
 .debug_ranges  0x0000000000000eb8       0x28 ./Bsw/MCal/Mcu/stm32f3xx_hal_rcc_ex.o
 .debug_ranges  0x0000000000000ee0       0x80 ./Bsw/MCal/Mcu/stm32f3xx_it.o
 .debug_ranges  0x0000000000000f60       0x10 ./Bsw/MCal/Mcu/sysmem.o
 .debug_ranges  0x0000000000000f70      0x1d8 ./Bsw/MCal/Spi/stm32f3xx_hal_spi.o
 .debug_ranges  0x0000000000001148      0x248 ./Bsw/MCal/Uart/stm32f3xx_hal_uart.o
 .debug_ranges  0x0000000000001390       0x58 ./Bsw/MCal/Uart/stm32f3xx_hal_uart_ex.o
 .debug_ranges  0x00000000000013e8       0x60 ./Bsw/Sys/BswM/BswM.o
 .debug_ranges  0x0000000000001448       0x18 ./Bsw/Sys/EcuM/EcuM.o