Archive member included to satisfy reference by file (symbol)

c:/st/stm32cubeide_1.1.0/stm32cubeide/plugins/com.st.stm32cube.ide.mcu.externaltools.gnu-tools-for-stm32.10.3-2021.10.win32_1.0.0.202111181127/tools/bin/../lib/gcc/arm-none-eabi/10.3.1/../../../../arm-none-eabi/lib/thumb/v7e-m/nofp\libc_nano.a(lib_a-errno.o)
                              ./Bsw/MCal/Mcu/syscalls.o (__errno)
c:/st/stm32cubeide_1.1.0/stm32cubeide/plugins/com.st.stm32cube.ide.mcu.externaltools.gnu-tools-for-stm32.10.3-2021.10.win32_1.0.0.202111181127/tools/bin/../lib/gcc/arm-none-eabi/10.3.1/../../../../arm-none-eabi/lib/thumb/v7e-m/nofp\libc_nano.a(lib_a-exit.o)
                              c:/st/stm32cubeide_1.1.0/stm32cubeide/plugins/com.st.stm32cube.ide.mcu.externaltools.gnu-tools-for-stm32.10.3-2021.10.win32_1.0.0.202111181127/tools/bin/../lib/gcc/arm-none-eabi/10.3.1/../../../../arm-none-eabi/lib/thumb/v7e-m/nofp/crt0.o (exit)
c:/st/stm32cubeide_1.1.0/stm32cubeide/plugins/com.st.stm32cube.ide.mcu.externaltools.gnu-tools-for-stm32.10.3-2021.10.win32_1.0.0.202111181127/tools/bin/../lib/gcc/arm-none-eabi/10.3.1/../../../../arm-none-eabi/lib/thumb/v7e-m/nofp\libc_nano.a(lib_a-impure.o)
                              c:/st/stm32cubeide_1.1.0/stm32cubeide/plugins/com.st.stm32cube.ide.mcu.externaltools.gnu-tools-for-stm32.10.3-2021.10.win32_1.0.0.202111181127/tools/bin/../lib/gcc/arm-none-eabi/10.3.1/../../../../arm-none-eabi/lib/thumb/v7e-m/nofp\libc_nano.a(lib_a-exit.o) (_global_impure_ptr)
c:/st/stm32cubeide_1.1.0/stm32cubeide/plugins/com.st.stm32cube.ide.mcu.externaltools.gnu-tools-for-stm32.10.3-2021.10.win32_1.0.0.202111181127/tools/bin/../lib/gcc/arm-none-eabi/10.3.1/../../../../arm-none-eabi/lib/thumb/v7e-m/nofp\libc_nano.a(lib_a-init.o)
                              c:/st/stm32cubeide_1.1.0/stm32cubeide/plugins/com.st.stm32cube.ide.mcu.externaltools.gnu-tools-for-stm32.10.3-2021.10.win32_1.0.0.202111181127/tools/bin/../lib/gcc/arm-none-eabi/10.3.1/../../../../arm-none-eabi/lib/thumb/v7e-m/nofp/crt0.o (__libc_init_array)
c:/st/stm32cubeide_1.1.0/stm32cubeide/plugins/com.st.stm32cube.ide.mcu.externaltools.gnu-tools-for-stm32.10.3-2021.10.win32_1.0.0.202111181127/tools/bin/../lib/gcc/arm-none-eabi/10.3.1/../../../../arm-none-eabi/lib/thumb/v7e-m/nofp\libc_nano.a(lib_a-memset.o)
                              c:/st/stm32cubeide_1.1.0/stm32cubeide/plugins/com.st.stm32cube.ide.mcu.externaltools.gnu-tools-for-stm32.10.3-2021.10.win32_1.0.0.202111181127/tools/bin/../lib/gcc/arm-none-eabi/10.3.1/../../../../arm-none-eabi/lib/thumb/v7e-m/nofp/crt0.o (memset)
c:/st/stm32cubeide_1.1.0/stm32cubeide/plugins/com.st.stm32cube.ide.mcu.externaltools.gnu-tools-for-stm32.10.3-2021.10.win32_1.0.0.202111181127/tools/bin/../lib/gcc/arm-none-eabi/10.3.1/../../../../arm-none-eabi/lib/thumb/v7e-m/nofp\libc_nano.a(lib_a-sprintf.o)
                              ./Rte/Rte.o (sprintf)
c:/st/stm32cubeide_1.1.0/stm32cubeide/plugins/com.st.stm32cube.ide.mcu.externaltools.gnu-tools-for-stm32.10.3-2021.10.win32_1.0.0.202111181127/tools/bin/../lib/gcc/arm-none-eabi/10.3.1/../../../../arm-none-eabi/lib/thumb/v7e-m/nofp\libc_nano.a(lib_a-strlen.o)
                              ./Rte/Rte.o (strlen)
c:/st/stm32cubeide_1.1.0/stm32cubeide/plugins/com.st.stm32cube.ide.mcu.externaltools.gnu-tools-for-stm32.10.3-2021.10.win32_1.0.0.202111181127/tools/bin/../lib/gcc/arm-none-eabi/10.3.1/../../../../arm-none-eabi/lib/thumb/v7e-m/nofp\libc_nano.a(lib_a-nano-svfprintf.o)
                              c:/st/stm32cubeide_1.1.0/stm32cubeide/plugins/com.st.stm32cube.ide.mcu.externaltools.gnu-tools-for-stm32.10.3-2021.10.win32_1.0.0.202111181127/tools/bin/../lib/gcc/arm-none-eabi/10.3.1/../../../../arm-none-eabi/lib/thumb/v7e-m/nofp\libc_nano.a(lib_a-sprintf.o) (_svfprintf_r)
c:/st/stm32cubeide_1.1.0/stm32cubeide/plugins/com.st.stm32cube.ide.mcu.externaltools.gnu-tools-for-stm32.10.3-2021.10.win32_1.0.0.202111181127/tools/bin/../lib/gcc/arm-none-eabi/10.3.1/../../../../arm-none-eabi/lib/thumb/v7e-m/nofp\libc_nano.a(lib_a-nano-vfprintf_i.o)
                              c:/st/stm32cubeide_1.1.0/stm32cubeide/plugins/com.st.stm32cube.ide.mcu.externaltools.gnu-tools-for-stm32.10.3-2021.10.win32_1.0.0.202111181127/tools/bin/../lib/gcc/arm-none-eabi/10.3.1/../../../../arm-none-eabi/lib/thumb/v7e-m/nofp\libc_nano.a(lib_a-nano-svfprintf.o) (_printf_i)
c:/st/stm32cubeide_1.1.0/stm32cubeide/plugins/com.st.stm32cube.ide.mcu.externaltools.gnu-tools-for-stm32.10.3-2021.10.win32_1.0.0.202111181127/tools/bin/../lib/gcc/arm-none-eabi/10.3.1/../../../../arm-none-eabi/lib/thumb/v7e-m/nofp\libc_nano.a(lib_a-memchr.o)
                              c:/st/stm32cubeide_1.1.0/stm32cubeide/plugins/com.st.stm32cube.ide.mcu.externaltools.gnu-tools-for-stm32.10.3-2021.10.win32_1.0.0.202111181127/tools/bin/../lib/gcc/arm-none-eabi/10.3.1/../../../../arm-none-eabi/lib/thumb/v7e-m/nofp\libc_nano.a(lib_a-nano-svfprintf.o) (memchr)
[...]
Memory Configuration

Name             Origin             Length             Attributes
CCMRAM           0x0000000010000000 0x0000000000004000 xrw
RAM              0x0000000020000000 0x0000000000010000 xrw
FLASH            0x0000000008000000 0x0000000000080000 xr
*default*        0x0000000000000000 0xffffffffffffffff

Linker script and memory map

LOAD c:/st/stm32cubeide_1.1.0/stm32cubeide/plugins/com.st.stm32cube.ide.mcu.externaltools.gnu-tools-for-stm32.10.3-2021.10.win32_1.0.0.202111181127/tools/bin/../lib/gcc/arm-none-eabi/10.3.1/thumb/v7e-m/nofp/crti.o
LOAD c:/st/stm32cubeide_1.1.0/stm32cubeide/plugins/com.st.stm32cube.ide.mcu.externaltools.gnu-tools-for-stm32.10.3-2021.10.win32_1.0.0.202111181127/tools/bin/../lib/gcc/arm-none-eabi/10.3.1/thumb/v7e-m/nofp/crtbegin.o
LOAD c:/st/stm32cubeide_1.1.0/stm32cubeide/plugins/com.st.stm32cube.ide.mcu.externaltools.gnu-tools-for-stm32.10.3-2021.10.win32_1.0.0.202111181127/tools/bin/../lib/gcc/arm-none-eabi/10.3.1/../../../../arm-none-eabi/lib/thumb/v7e-m/nofp/crt0.o
LOAD ./Asw/Access/Access.o
LOAD ./Asw/Brakes/Brakes.o
LOAD ./Asw/Engine/Engine.o
LOAD ./Asw/LED/LED.o
LOAD ./Asw/Lights/Blinker/Blinker.o
LOAD ./Asw/Lights/FrontLights/FrontLights.o
LOAD ./Asw/Lights/InteriorLights/InteriorLights.o
LOAD ./Asw/Lights/RearLights/RearLights.o
LOAD ./Asw/Steering/Steering.o
LOAD ./Bsw/Cdd/Cdd_Servo/Cdd_Servo.o
LOAD ./Bsw/Cdd/Cdd_Ultrasonic/Cdd_Ultrasonic.o
LOAD ./Bsw/MCal/Adc/stm32f3xx_hal_adc.o
LOAD ./Bsw/MCal/Adc/stm32f3xx_hal_adc_ex.o
LOAD ./Bsw/MCal/Dio/stm32f3xx_hal_gpio.o
LOAD ./Bsw/MCal/Dma/stm32f3xx_hal_dma.o
LOAD ./Bsw/MCal/Fls/stm32f3xx_hal_flash.o
LOAD ./Bsw/MCal/Fls/stm32f3xx_hal_flash_ex.o
LOAD ./Bsw/MCal/Gpt/Gpt.o
LOAD ./Bsw/MCal/Gpt/stm32f3xx_hal_tim.o
LOAD ./Bsw/MCal/Gpt/stm32f3xx_hal_tim_ex.o
LOAD ./Bsw/MCal/I2c/stm32f3xx_hal_i2c.o
LOAD ./Bsw/MCal/I2c/stm32f3xx_hal_i2c_ex.o
LOAD ./Bsw/MCal/Int/Int.o
LOAD ./Bsw/MCal/Mcu/mcu.o
LOAD ./Bsw/MCal/Mcu/stm32f3xx_hal.o
LOAD ./Bsw/MCal/Mcu/stm32f3xx_hal_cortex.o
LOAD ./Bsw/MCal/Mcu/stm32f3xx_hal_exti.o
LOAD ./Bsw/MCal/Mcu/stm32f3xx_hal_msp.o
LOAD ./Bsw/MCal/Mcu/stm32f3xx_hal_rcc.o
LOAD ./Bsw/MCal/Mcu/stm32f3xx_hal_rcc_ex.o
LOAD ./Bsw/MCal/Mcu/stm32f3xx_it.o
LOAD ./Bsw/MCal/Mcu/syscalls.o
LOAD ./Bsw/MCal/Mcu/sysmem.o
LOAD ./Bsw/MCal/Pwr/stm32f3xx_hal_pwr.o
LOAD ./Bsw/MCal/Pwr/stm32f3xx_hal_pwr_ex.o
LOAD ./Bsw/MCal/Spi/stm32f3xx_hal_spi.o
LOAD ./Bsw/MCal/Spi/stm32f3xx_hal_spi_ex.o
LOAD ./Bsw/MCal/Uart/stm32f3xx_hal_uart.o
LOAD ./Bsw/MCal/Uart/stm32f3xx_hal_uart_ex.o
LOAD ./Bsw/Mem/Ea/Ea.o
LOAD ./Bsw/Mem/NvM/NvM.o
LOAD ./Bsw/Sys/BswM/BswM.o
LOAD ./Bsw/Sys/EcuM/EcuM.o
LOAD ./Bsw/Sys/Os/Os.o
LOAD ./Bsw/Sys/Os/Os_scheduler.o
LOAD ./Bsw/Sys/Os/Os_task.o
LOAD ./Bsw/Sys/Tm/Tm.o
LOAD ./Config/startup_stm32f303retx.o
LOAD ./Rte/Rte.o
START GROUP
LOAD c:/st/stm32cubeide_1.1.0/stm32cubeide/plugins/com.st.stm32cube.ide.mcu.externaltools.gnu-tools-for-stm32.10.3-2021.10.win32_1.0.0.202111181127/tools/bin/../lib/gcc/arm-none-eabi/10.3.1/../../../../arm-none-eabi/lib/thumb/v7e-m/nofp\libc_nano.a
LOAD c:/st/stm32cubeide_1.1.0/stm32cubeide/plugins/com.st.stm32cube.ide.mcu.externaltools.gnu-tools-for-stm32.10.3-2021.10.win32_1.0.0.202111181127/tools/bin/../lib/gcc/arm-none-eabi/10.3.1/../../../../arm-none-eabi/lib/thumb/v7e-m/nofp\libm.a
END GROUP
START GROUP
LOAD c:/st/stm32cubeide_1.1.0/stm32cubeide/plugins/com.st.stm32cube.ide.mcu.externaltools.gnu-tools-for-stm32.10.3-2021.10.win32_1.0.0.202111181127/tools/bin/../lib/gcc/arm-none-eabi/10.3.1/thumb/v7e-m/nofp\libgcc.a
LOAD c:/st/stm32cubeide_1.1.0/stm32cubeide/plugins/com.st.stm32cube.ide.mcu.externaltools.gnu-tools-for-stm32.10.3-2021.10.win32_1.0.0.202111181127/tools/bin/../lib/gcc/arm-none-eabi/10.3.1/../../../../arm-none-eabi/lib/thumb/v7e-m/nofp\libc_nano.a
END GROUP
START GROUP
LOAD c:/st/stm32cubeide_1.1.0/stm32cubeide/plugins/com.st.stm32cube.ide.mcu.externaltools.gnu-tools-for-stm32.10.3-2021.10.win32_1.0.0.202111181127/tools/bin/../lib/gcc/arm-none-eabi/10.3.1/thumb/v7e-m/nofp\libgcc.a
LOAD c:/st/stm32cubeide_1.1.0/stm32cubeide/plugins/com.st.stm32cube.ide.mcu.externaltools.gnu-tools-for-stm32.10.3-2021.10.win32_1.0.0.202111181127/tools/bin/../lib/gcc/arm-none-eabi/10.3.1/../../../../arm-none-eabi/lib/thumb/v7e-m/nofp\libc_nano.a
LOAD c:/st/stm32cubeide_1.1.0/stm32cubeide/plugins/com.st.stm32cube.ide.mcu.externaltools.gnu-tools-for-stm32.10.3-2021.10.win32_1.0.0.202111181127/tools/bin/../lib/gcc/arm-none-eabi/10.3.1/../../../../arm-none-eabi/lib/thumb/v7e-m/nofp\libnosys.a
END GROUP
START GROUP
LOAD c:/st/stm32cubeide_1.1.0/stm32cubeide/plugins/com.st.stm32cube.ide.mcu.externaltools.gnu-tools-for-stm32.10.3-2021.10.win32_1.0.0.202111181127/tools/bin/../lib/gcc/arm-none-eabi/10.3.1/thumb/v7e-m/nofp\libgcc.a
LOAD c:/st/stm32cubeide_1.1.0/stm32cubeide/plugins/com.st.stm32cube.ide.mcu.externaltools.gnu-tools-for-stm32.10.3-2021.10.win32_1.0.0.202111181127/tools/bin/../lib/gcc/arm-none-eabi/10.3.1/../../../../arm-none-eabi/lib/thumb/v7e-m/nofp\libc_nano.a
LOAD c:/st/stm32cubeide_1.1.0/stm32cubeide/plugins/com.st.stm32cube.ide.mcu.externaltools.gnu-tools-for-stm32.10.3-2021.10.win32_1.0.0.202111181127/tools/bin/../lib/gcc/arm-none-eabi/10.3.1/../../../../arm-none-eabi/lib/thumb/v7e-m/nofp\libnosys.a
END GROUP
LOAD c:/st/stm32cubeide_1.1.0/stm32cubeide/plugins/com.st.stm32cube.ide.mcu.externaltools.gnu-tools-for-stm32.10.3-2021.10.win32_1.0.0.202111181127/tools/bin/../lib/gcc/arm-none-eabi/10.3.1/thumb/v7e-m/nofp/crtend.o
LOAD c:/st/stm32cubeide_1.1.0/stm32cubeide/plugins/com.st.stm32cube.ide.mcu.externaltools.gnu-tools-for-stm32.10.3-2021.10.win32_1.0.0.202111181127/tools/bin/../lib/gcc/arm-none-eabi/10.3.1/thumb/v7e-m/nofp/crtn.o
                0x0000000020010000                _estack = (ORIGIN (RAM) + LENGTH (RAM))
                0x0000000000000200                _Min_Heap_Size = 0x200
                0x0000000000000400                _Min_Stack_Size = 0x400

.isr_vector     0x0000000008000000      0x194
                0x0000000008000000                . = ALIGN (0x4)
 *(.isr_vector)
 .isr_vector    0x0000000008000000      0x194 ./Config/startup_stm32f303retx.o
                0x0000000008000000                g_pfnVectors
                0x0000000008000194                . = ALIGN (0x4)

.text           0x00000000080001a0     0xbba8
                0x00000000080001a0                . = ALIGN (0x4)
 *(.text)
 .text          0x00000000080001a0       0x40 c:/st/stm32cubeide_1.1.0/stm32cubeide/plugins/com.st.stm32cube.ide.mcu.externaltools.gnu-tools-for-stm32.10.3-2021.10.win32_1.0.0.202111181127/tools/bin/../lib/gcc/arm-none-eabi/10.3.1/thumb/v7e-m/nofp/crtbegin.o
 .text          0x00000000080001e0       0x10 c:/st/stm32cubeide_1.1.0/stm32cubeide/plugins/com.st.stm32cube.ide.mcu.externaltools.gnu-tools-for-stm32.10.3-2021.10.win32_1.0.0.202111181127/tools/bin/../lib/gcc/arm-none-eabi/10.3.1/../../../../arm-none-eabi/lib/thumb/v7e-m/nofp\libc_nano.a(lib_a-strlen.o)
                0x00000000080001e0                strlen
 .text          0x00000000080001f0       0xa0 c:/st/stm32cubeide_1.1.0/stm32cubeide/plugins/com.st.stm32cube.ide.mcu.externaltools.gnu-tools-for-stm32.10.3-2021.10.win32_1.0.0.202111181127/tools/bin/../lib/gcc/arm-none-eabi/10.3.1/../../../../arm-none-eabi/lib/thumb/v7e-m/nofp\libc_nano.a(lib_a-memchr.o)
                0x00000000080001f0                memchr
 .text          0x0000000008000290      0x378 c:/st/stm32cubeide_1.1.0/stm32cubeide/plugins/com.st.stm32cube.ide.mcu.externaltools.gnu-tools-for-stm32.10.3-2021.10.win32_1.0.0.202111181127/tools/bin/../lib/gcc/arm-none-eabi/10.3.1/thumb/v7e-m/nofp\libgcc.a(_arm_addsubdf3.o)
                0x0000000008000290                __aeabi_drsub
                0x0000000008000298                __aeabi_dsub
                0x0000000008000298                __subdf3
                0x000000000800029c                __aeabi_dadd
                0x000000000800029c                __adddf3
                0x0000000008000514                __floatunsidf
                0x0000000008000514                __aeabi_ui2d
                0x0000000008000534                __floatsidf
                0x0000000008000534                __aeabi_i2d
                0x0000000008000558                __aeabi_f2d
                0x0000000008000558                __extendsfdf2
                0x000000000800059c                __floatundidf
                0x000000000800059c                __aeabi_ul2d
                0x00000000080005ac                __floatdidf
                0x00000000080005ac                __aeabi_l2d
 .text          0x0000000008000608      0x424 c:/st/stm32cubeide_1.1.0/stm32cubeide/plugins/com.st.stm32cube.ide.mcu.externaltools.gnu-tools-for-stm32.10.3-2021.10.win32_1.0.0.202111181127/tools/bin/../lib/gcc/arm-none-eabi/10.3.1/thumb/v7e-m/nofp\libgcc.a(_arm_muldivdf3.o)
                0x0000000008000608                __aeabi_dmul
                0x0000000008000608                __muldf3
                0x000000000800085c                __divdf3
                0x000000000800085c                __aeabi_ddiv
 .text          0x0000000008000a2c       0x40 c:/st/stm32cubeide_1.1.0/stm32cubeide/plugins/com.st.stm32cube.ide.mcu.externaltools.gnu-tools-for-stm32.10.3-2021.10.win32_1.0.0.202111181127/tools/bin/../lib/gcc/arm-none-eabi/10.3.1/thumb/v7e-m/nofp\libgcc.a(_arm_fixunsdfsi.o)
                0x0000000008000a2c                __aeabi_d2uiz
                0x0000000008000a2c                __fixunsdfsi
 .text          0x0000000008000a6c      0x21c c:/st/stm32cubeide_1.1.0/stm32cubeide/plugins/com.st.stm32cube.ide.mcu.externaltools.gnu-tools-for-stm32.10.3-2021.10.win32_1.0.0.202111181127/tools/bin/../lib/gcc/arm-none-eabi/10.3.1/thumb/v7e-m/nofp\libgcc.a(_arm_addsubsf3.o)
                0x0000000008000a6c                __aeabi_frsub
                0x0000000008000a74                __subsf3
                0x0000000008000a74                __aeabi_fsub
                0x0000000008000a78                __aeabi_fadd
                0x0000000008000a78                __addsf3
                0x0000000008000bd8                __aeabi_ui2f
                0x0000000008000bd8                __floatunsisf
                0x0000000008000be0                __aeabi_i2f
                0x0000000008000be0                __floatsisf
                0x0000000008000bfc                __aeabi_ul2f
                0x0000000008000bfc                __floatundisf
                0x0000000008000c0c                __aeabi_l2f
                0x0000000008000c0c                __floatdisf
 .text          0x0000000008000c88      0x2a0 c:/st/stm32cubeide_1.1.0/stm32cubeide/plugins/com.st.stm32cube.ide.mcu.externaltools.gnu-tools-for-stm32.10.3-2021.10.win32_1.0.0.202111181127/tools/bin/../lib/gcc/arm-none-eabi/10.3.1/thumb/v7e-m/nofp\libgcc.a(_arm_muldivsf3.o)
                0x0000000008000c88                __mulsf3
                0x0000000008000c88                __aeabi_fmul
                0x0000000008000df0                __aeabi_fdiv
                0x0000000008000df0                __divsf3
 .text          0x0000000008000f28       0xec c:/st/stm32cubeide_1.1.0/stm32cubeide/plugins/com.st.stm32cube.ide.mcu.externaltools.gnu-tools-for-stm32.10.3-2021.10.win32_1.0.0.202111181127/tools/bin/../lib/gcc/arm-none-eabi/10.3.1/thumb/v7e-m/nofp\libgcc.a(_arm_cmpsf2.o)
                0x0000000008000f28                __gesf2
                0x0000000008000f28                __gtsf2
                0x0000000008000f30                __lesf2
                0x0000000008000f30                __ltsf2
                0x0000000008000f38                __nesf2
                0x0000000008000f38                __eqsf2
                0x0000000008000f38                __cmpsf2
                0x0000000008000f98                __aeabi_cfrcmple
                0x0000000008000fa0                __aeabi_cfcmpeq
                0x0000000008000fa0                __aeabi_cfcmple
                0x0000000008000fb0                __aeabi_fcmpeq
                0x0000000008000fc4                __aeabi_fcmplt
                0x0000000008000fd8                __aeabi_fcmple
                0x0000000008000fec                __aeabi_fcmpge
                0x0000000008001000                __aeabi_fcmpgt
 *(.text*)
 .text.Access_Init
                0x0000000008001014       0x18 ./Asw/Access/Access.o
                0x0000000008001014                Access_Init
 .text.Access_MainFunction
                0x000000000800102c        0xc ./Asw/Access/Access.o
                0x000000000800102c                Access_MainFunction
 .text.Brakes_OnAutobrakesEnabled
                0x0000000008001038       0x70 ./Asw/Brakes/Brakes.o
 .text.Brakes_OnAutobrakesDisabled
                0x00000000080010a8       0x70 ./Asw/Brakes/Brakes.o
 .text.Brakes_Init
                0x0000000008001118       0x54 ./Asw/Brakes/Brakes.o
                0x0000000008001118                Brakes_Init
 .text.Brakes_MainFunction
                0x000000000800116c       0x40 ./Asw/Brakes/Brakes.o
                0x000000000800116c                Brakes_MainFunction
 .text.Brakes_Shutdown
                0x00000000080011ac       0x20 ./Asw/Brakes/Brakes.o
                0x00000000080011ac                Brakes_Shutdown
 .text.Engine_Init
                0x00000000080011cc       0x18 ./Asw/Engine/Engine.o
                0x00000000080011cc                Engine_Init
 .text.Engine_MainFunction
                0x00000000080011e4        0xc ./Asw/Engine/Engine.o
                0x00000000080011e4                Engine_MainFunction
 .text.LED_UpdatePulseDirection
                0x00000000080011f0       0x38 ./Asw/LED/LED.o
 .text.LED_UpdatePulseWidth
                0x0000000008001228       0x50 ./Asw/LED/LED.o
 .text.LED_Init
                0x0000000008001278       0x48 ./Asw/LED/LED.o
                0x0000000008001278                LED_Init
 .text.LED_MainFunction
                0x00000000080012c0       0x4c ./Asw/LED/LED.o
                0x00000000080012c0                LED_MainFunction
 .text.LED_Shutdown
                0x000000000800130c       0x20 ./Asw/LED/LED.o
                0x000000000800130c                LED_Shutdown
 .text.Blinker_Init
                0x000000000800132c       0x18 ./Asw/Lights/Blinker/Blinker.o
                0x000000000800132c                Blinker_Init
 .text.Blinker_MainFunction
                0x0000000008001344        0xc ./Asw/Lights/Blinker/Blinker.o
                0x0000000008001344                Blinker_MainFunction
 .text.FrontLights_Init
                0x0000000008001350       0x18 ./Asw/Lights/FrontLights/FrontLights.o
                0x0000000008001350                FrontLights_Init
 .text.FrontLights_MainFunction
                0x0000000008001368        0xc ./Asw/Lights/FrontLights/FrontLights.o
                0x0000000008001368                FrontLights_MainFunction
 .text.InteriorLights_Init
                0x0000000008001374       0x18 ./Asw/Lights/InteriorLights/InteriorLights.o
                0x0000000008001374                InteriorLights_Init
 .text.InteriorLights_MainFunction
                0x000000000800138c        0xc ./Asw/Lights/InteriorLights/InteriorLights.o
                0x000000000800138c                InteriorLights_MainFunction
 .text.RearLights_Init
                0x0000000008001398       0x18 ./Asw/Lights/RearLights/RearLights.o
                0x0000000008001398                RearLights_Init
 .text.RearLights_MainFunction
                0x00000000080013b0        0xc ./Asw/Lights/RearLights/RearLights.o
                0x00000000080013b0                RearLights_MainFunction
 .text.Steering_Init
                0x00000000080013bc       0x18 ./Asw/Steering/Steering.o
                0x00000000080013bc                Steering_Init
 .text.Steering_MainFunction
                0x00000000080013d4        0xc ./Asw/Steering/Steering.o
                0x00000000080013d4                Steering_MainFunction
 .text.Cdd_Servo_Driver_Init
                0x00000000080013e0      0x368 ./Bsw/Cdd/Cdd_Servo/Cdd_Servo.o
                0x00000000080013e0                Cdd_Servo_Driver_Init
 .text.Cdd_Servo_Init
                0x0000000008001748       0x18 ./Bsw/Cdd/Cdd_Servo/Cdd_Servo.o
                0x0000000008001748                Cdd_Servo_Init
 .text.Cdd_Servo_RawMove
                0x0000000008001760       0x38 ./Bsw/Cdd/Cdd_Servo/Cdd_Servo.o
                0x0000000008001760                Cdd_Servo_RawMove
 .text.Cdd_Servo_MainFunction
                0x0000000008001798        0xc ./Bsw/Cdd/Cdd_Servo/Cdd_Servo.o
                0x0000000008001798                Cdd_Servo_MainFunction
 .text.Cdd_Ultrasonic_Trigger
                0x00000000080017a4        0xc ./Bsw/Cdd/Cdd_Ultrasonic/Cdd_Ultrasonic.o
 .text.Cdd_Ultrasonic_ISR_CaptureCallback
                0x00000000080017b0      0x244 ./Bsw/Cdd/Cdd_Ultrasonic/Cdd_Ultrasonic.o
 .text.Cdd_Ultrasonic_ISR_PeriodElapsedCallback
                0x00000000080019f4       0x30 ./Bsw/Cdd/Cdd_Ultrasonic/Cdd_Ultrasonic.o
 .text.Cdd_Ultrasonic_Init
                0x0000000008001a24       0x34 ./Bsw/Cdd/Cdd_Ultrasonic/Cdd_Ultrasonic.o
                0x0000000008001a24                Cdd_Ultrasonic_Init
 .text.Cdd_Ultrasonic_Driver_Init
                0x0000000008001a58      0x21c ./Bsw/Cdd/Cdd_Ultrasonic/Cdd_Ultrasonic.o
                0x0000000008001a58                Cdd_Ultrasonic_Driver_Init
 .text.Cdd_Ultrasonic_MainFunction
                0x0000000008001c74       0x34 ./Bsw/Cdd/Cdd_Ultrasonic/Cdd_Ultrasonic.o
                0x0000000008001c74                Cdd_Ultrasonic_MainFunction
 .text.Cdd_Ultrasonic_ReadDistance
                0x0000000008001ca8       0x24 ./Bsw/Cdd/Cdd_Ultrasonic/Cdd_Ultrasonic.o
                0x0000000008001ca8                Cdd_Ultrasonic_ReadDistance
 .text.HAL_TIM_IC_CaptureCallback
                0x0000000008001ccc       0x16 ./Bsw/Cdd/Cdd_Ultrasonic/Cdd_Ultrasonic.o
                0x0000000008001ccc                HAL_TIM_IC_CaptureCallback
 .text.HAL_TIM_PeriodElapsedCallback
                0x0000000008001ce2       0x16 ./Bsw/Cdd/Cdd_Ultrasonic/Cdd_Ultrasonic.o
                0x0000000008001ce2                HAL_TIM_PeriodElapsedCallback
 .text.HAL_ADC_ConvHalfCpltCallback
                0x0000000008001cf8       0x12 ./Bsw/MCal/Adc/stm32f3xx_hal_adc.o
                0x0000000008001cf8                HAL_ADC_ConvHalfCpltCallback
 .text.HAL_ADC_ErrorCallback
                0x0000000008001d0a       0x12 ./Bsw/MCal/Adc/stm32f3xx_hal_adc.o
                0x0000000008001d0a                HAL_ADC_ErrorCallback
 .text.HAL_ADC_Init
                0x0000000008001d1c      0x3f4 ./Bsw/MCal/Adc/stm32f3xx_hal_adc_ex.o
                0x0000000008001d1c                HAL_ADC_Init
 .text.HAL_ADC_Start_DMA
                0x0000000008002110      0x238 ./Bsw/MCal/Adc/stm32f3xx_hal_adc_ex.o
                0x0000000008002110                HAL_ADC_Start_DMA
 .text.HAL_ADC_ConfigChannel
                0x0000000008002348      0x5d8 ./Bsw/MCal/Adc/stm32f3xx_hal_adc_ex.o
                0x0000000008002348                HAL_ADC_ConfigChannel
 .text.HAL_ADCEx_MultiModeConfigChannel
                0x0000000008002920      0x1e0 ./Bsw/MCal/Adc/stm32f3xx_hal_adc_ex.o
                0x0000000008002920                HAL_ADCEx_MultiModeConfigChannel
 .text.ADC_DMAConvCplt
                0x0000000008002b00       0x7a ./Bsw/MCal/Adc/stm32f3xx_hal_adc_ex.o
 .text.ADC_DMAHalfConvCplt
                0x0000000008002b7a       0x1c ./Bsw/MCal/Adc/stm32f3xx_hal_adc_ex.o
 .text.ADC_DMAError
                0x0000000008002b96       0x34 ./Bsw/MCal/Adc/stm32f3xx_hal_adc_ex.o
 *fill*         0x0000000008002bca        0x2 
 .text.ADC_Enable
                0x0000000008002bcc       0xc8 ./Bsw/MCal/Adc/stm32f3xx_hal_adc_ex.o
 .text.ADC_Disable
                0x0000000008002c94       0xcc ./Bsw/MCal/Adc/stm32f3xx_hal_adc_ex.o
 .text.HAL_GPIO_Init
                0x0000000008002d60      0x314 ./Bsw/MCal/Dio/stm32f3xx_hal_gpio.o
                0x0000000008002d60                HAL_GPIO_Init
 .text.HAL_GPIO_ReadPin
                0x0000000008003074       0x2e ./Bsw/MCal/Dio/stm32f3xx_hal_gpio.o
                0x0000000008003074                HAL_GPIO_ReadPin
 .text.HAL_GPIO_WritePin
                0x00000000080030a2       0x2e ./Bsw/MCal/Dio/stm32f3xx_hal_gpio.o
                0x00000000080030a2                HAL_GPIO_WritePin
 .text.HAL_GPIO_EXTI_IRQHandler
                0x00000000080030d0       0x30 ./Bsw/MCal/Dio/stm32f3xx_hal_gpio.o
                0x00000000080030d0                HAL_GPIO_EXTI_IRQHandler
 .text.HAL_DMA_Init
                0x0000000008003100       0x8e ./Bsw/MCal/Dma/stm32f3xx_hal_dma.o
                0x0000000008003100                HAL_DMA_Init
 .text.HAL_DMA_Start_IT
                0x000000000800318e       0xbe ./Bsw/MCal/Dma/stm32f3xx_hal_dma.o
                0x000000000800318e                HAL_DMA_Start_IT
 .text.HAL_DMA_Abort
                0x000000000800324c       0x70 ./Bsw/MCal/Dma/stm32f3xx_hal_dma.o
                0x000000000800324c                HAL_DMA_Abort
 .text.HAL_DMA_Abort_IT
                0x00000000080032bc       0x7c ./Bsw/MCal/Dma/stm32f3xx_hal_dma.o
                0x00000000080032bc                HAL_DMA_Abort_IT
 .text.HAL_DMA_IRQHandler
                0x0000000008003338      0x146 ./Bsw/MCal/Dma/stm32f3xx_hal_dma.o
                0x0000000008003338                HAL_DMA_IRQHandler
 .text.HAL_DMA_GetState
                0x000000000800347e       0x18 ./Bsw/MCal/Dma/stm32f3xx_hal_dma.o
                0x000000000800347e                HAL_DMA_GetState
 .text.DMA_SetConfig
                0x0000000008003496       0x5a ./Bsw/MCal/Dma/stm32f3xx_hal_dma.o
 .text.DMA_CalcBaseAndBitshift
                0x00000000080034f0       0x74 ./Bsw/MCal/Dma/stm32f3xx_hal_dma.o
 .text.Gpt_Init
                0x0000000008003564       0x18 ./Bsw/MCal/Gpt/Gpt.o
                0x0000000008003564                Gpt_Init
 .text.HAL_TIM_Base_Init
                0x000000000800357c       0xae ./Bsw/MCal/Gpt/stm32f3xx_hal_tim.o
                0x000000000800357c                HAL_TIM_Base_Init
 *fill*         0x000000000800362a        0x2 
 .text.HAL_TIM_Base_Start_IT
                0x000000000800362c       0xe0 ./Bsw/MCal/Gpt/stm32f3xx_hal_tim.o
                0x000000000800362c                HAL_TIM_Base_Start_IT
 .text.HAL_TIM_PWM_Init
                0x000000000800370c       0xae ./Bsw/MCal/Gpt/stm32f3xx_hal_tim.o
                0x000000000800370c                HAL_TIM_PWM_Init
 .text.HAL_TIM_PWM_MspInit
                0x00000000080037ba       0x12 ./Bsw/MCal/Gpt/stm32f3xx_hal_tim.o
                0x00000000080037ba                HAL_TIM_PWM_MspInit
 .text.HAL_TIM_PWM_Start
                0x00000000080037cc      0x218 ./Bsw/MCal/Gpt/stm32f3xx_hal_tim.o
                0x00000000080037cc                HAL_TIM_PWM_Start
 .text.HAL_TIM_IC_Init
                0x00000000080039e4       0xae ./Bsw/MCal/Gpt/stm32f3xx_hal_tim.o
                0x00000000080039e4                HAL_TIM_IC_Init
 .text.HAL_TIM_IC_MspInit
                0x0000000008003a92       0x12 ./Bsw/MCal/Gpt/stm32f3xx_hal_tim.o
                0x0000000008003a92                HAL_TIM_IC_MspInit
 .text.HAL_TIM_IC_Start_IT
                0x0000000008003aa4      0x294 ./Bsw/MCal/Gpt/stm32f3xx_hal_tim.o
                0x0000000008003aa4                HAL_TIM_IC_Start_IT
 .text.HAL_TIM_IRQHandler
                0x0000000008003d38      0x23e ./Bsw/MCal/Gpt/stm32f3xx_hal_tim.o
                0x0000000008003d38                HAL_TIM_IRQHandler
 .text.HAL_TIM_IC_ConfigChannel
                0x0000000008003f76      0x138 ./Bsw/MCal/Gpt/stm32f3xx_hal_tim.o
                0x0000000008003f76                HAL_TIM_IC_ConfigChannel
 *fill*         0x00000000080040ae        0x2 
 .text.HAL_TIM_PWM_ConfigChannel
                0x00000000080040b0      0x228 ./Bsw/MCal/Gpt/stm32f3xx_hal_tim.o
                0x00000000080040b0                HAL_TIM_PWM_ConfigChannel
 .text.HAL_TIM_ConfigClockSource
                0x00000000080042d8      0x192 ./Bsw/MCal/Gpt/stm32f3xx_hal_tim.o
                0x00000000080042d8                HAL_TIM_ConfigClockSource
 *fill*         0x000000000800446a        0x2 
 .text.HAL_TIM_ReadCapturedValue
                0x000000000800446c       0x88 ./Bsw/MCal/Gpt/stm32f3xx_hal_tim.o
                0x000000000800446c                HAL_TIM_ReadCapturedValue
 .text.HAL_TIM_OC_DelayElapsedCallback
                0x00000000080044f4       0x12 ./Bsw/MCal/Gpt/stm32f3xx_hal_tim.o
                0x00000000080044f4                HAL_TIM_OC_DelayElapsedCallback
 .text.HAL_TIM_PWM_PulseFinishedCallback
                0x0000000008004506       0x12 ./Bsw/MCal/Gpt/stm32f3xx_hal_tim.o
                0x0000000008004506                HAL_TIM_PWM_PulseFinishedCallback
 .text.HAL_TIM_TriggerCallback
                0x0000000008004518       0x12 ./Bsw/MCal/Gpt/stm32f3xx_hal_tim.o
                0x0000000008004518                HAL_TIM_TriggerCallback
 *fill*         0x000000000800452a        0x2 
 .text.TIM_Base_SetConfig
                0x000000000800452c      0x138 ./Bsw/MCal/Gpt/stm32f3xx_hal_tim.o
                0x000000000800452c                TIM_Base_SetConfig
 .text.TIM_OC1_SetConfig
                0x0000000008004664      0x134 ./Bsw/MCal/Gpt/stm32f3xx_hal_tim.o
 .text.TIM_OC2_SetConfig
                0x0000000008004798      0x124 ./Bsw/MCal/Gpt/stm32f3xx_hal_tim.o
                0x0000000008004798                TIM_OC2_SetConfig
 .text.TIM_OC3_SetConfig
                0x00000000080048bc      0x124 ./Bsw/MCal/Gpt/stm32f3xx_hal_tim.o
 .text.TIM_OC4_SetConfig
                0x00000000080049e0       0xdc ./Bsw/MCal/Gpt/stm32f3xx_hal_tim.o
 .text.TIM_OC5_SetConfig
                0x0000000008004abc       0xd4 ./Bsw/MCal/Gpt/stm32f3xx_hal_tim.o
 .text.TIM_OC6_SetConfig
                0x0000000008004b90       0xd4 ./Bsw/MCal/Gpt/stm32f3xx_hal_tim.o
 .text.TIM_TI1_SetConfig
                0x0000000008004c64       0xd8 ./Bsw/MCal/Gpt/stm32f3xx_hal_tim.o
                0x0000000008004c64                TIM_TI1_SetConfig
 .text.TIM_TI1_ConfigInputStage
                0x0000000008004d3c       0x5c ./Bsw/MCal/Gpt/stm32f3xx_hal_tim.o
 .text.TIM_TI2_SetConfig
                0x0000000008004d98       0x78 ./Bsw/MCal/Gpt/stm32f3xx_hal_tim.o
 .text.TIM_TI2_ConfigInputStage
                0x0000000008004e10       0x5e ./Bsw/MCal/Gpt/stm32f3xx_hal_tim.o
 .text.TIM_TI3_SetConfig
                0x0000000008004e6e       0x76 ./Bsw/MCal/Gpt/stm32f3xx_hal_tim.o
 .text.TIM_TI4_SetConfig
                0x0000000008004ee4       0x78 ./Bsw/MCal/Gpt/stm32f3xx_hal_tim.o
 .text.TIM_ITRx_SetConfig
                0x0000000008004f5c       0x34 ./Bsw/MCal/Gpt/stm32f3xx_hal_tim.o
 .text.TIM_ETR_SetConfig
                0x0000000008004f90       0x3e ./Bsw/MCal/Gpt/stm32f3xx_hal_tim.o
                0x0000000008004f90                TIM_ETR_SetConfig
 .text.TIM_CCxChannelCmd
                0x0000000008004fce       0x48 ./Bsw/MCal/Gpt/stm32f3xx_hal_tim.o
                0x0000000008004fce                TIM_CCxChannelCmd
 *fill*         0x0000000008005016        0x2 
 .text.HAL_TIMEx_MasterConfigSynchronization
                0x0000000008005018      0x118 ./Bsw/MCal/Gpt/stm32f3xx_hal_tim_ex.o
                0x0000000008005018                HAL_TIMEx_MasterConfigSynchronization
 .text.HAL_TIMEx_CommutCallback
                0x0000000008005130       0x12 ./Bsw/MCal/Gpt/stm32f3xx_hal_tim_ex.o
                0x0000000008005130                HAL_TIMEx_CommutCallback
 .text.HAL_TIMEx_BreakCallback
                0x0000000008005142       0x12 ./Bsw/MCal/Gpt/stm32f3xx_hal_tim_ex.o
                0x0000000008005142                HAL_TIMEx_BreakCallback
 .text.HAL_TIMEx_Break2Callback
                0x0000000008005154       0x12 ./Bsw/MCal/Gpt/stm32f3xx_hal_tim_ex.o
                0x0000000008005154                HAL_TIMEx_Break2Callback
 *fill*         0x0000000008005166        0x2 
 .text.HAL_I2C_Init
                0x0000000008005168      0x198 ./Bsw/MCal/I2c/stm32f3xx_hal_i2c.o
                0x0000000008005168                HAL_I2C_Init
 .text.HAL_I2C_Mem_Write_DMA
                0x0000000008005300      0x1ec ./Bsw/MCal/I2c/stm32f3xx_hal_i2c.o
                0x0000000008005300                HAL_I2C_Mem_Write_DMA
 .text.HAL_I2C_Mem_Read_DMA
                0x00000000080054ec      0x1f0 ./Bsw/MCal/I2c/stm32f3xx_hal_i2c.o
                0x00000000080054ec                HAL_I2C_Mem_Read_DMA
 .text.HAL_I2C_EV_IRQHandler
                0x00000000080056dc       0x34 ./Bsw/MCal/I2c/stm32f3xx_hal_i2c.o
                0x00000000080056dc                HAL_I2C_EV_IRQHandler
 .text.HAL_I2C_MasterTxCpltCallback
                0x0000000008005710       0x12 ./Bsw/MCal/I2c/stm32f3xx_hal_i2c.o
                0x0000000008005710                HAL_I2C_MasterTxCpltCallback
 .text.HAL_I2C_MasterRxCpltCallback
                0x0000000008005722       0x12 ./Bsw/MCal/I2c/stm32f3xx_hal_i2c.o
                0x0000000008005722                HAL_I2C_MasterRxCpltCallback
 .text.HAL_I2C_SlaveTxCpltCallback
                0x0000000008005734       0x12 ./Bsw/MCal/I2c/stm32f3xx_hal_i2c.o
                0x0000000008005734                HAL_I2C_SlaveTxCpltCallback
 .text.HAL_I2C_SlaveRxCpltCallback
                0x0000000008005746       0x12 ./Bsw/MCal/I2c/stm32f3xx_hal_i2c.o
                0x0000000008005746                HAL_I2C_SlaveRxCpltCallback
 .text.HAL_I2C_AddrCallback
                0x0000000008005758       0x1a ./Bsw/MCal/I2c/stm32f3xx_hal_i2c.o
                0x0000000008005758                HAL_I2C_AddrCallback
 .text.HAL_I2C_ListenCpltCallback
                0x0000000008005772       0x12 ./Bsw/MCal/I2c/stm32f3xx_hal_i2c.o
                0x0000000008005772                HAL_I2C_ListenCpltCallback
 .text.HAL_I2C_AbortCpltCallback
                0x0000000008005784       0x12 ./Bsw/MCal/I2c/stm32f3xx_hal_i2c.o
                0x0000000008005784                HAL_I2C_AbortCpltCallback
 .text.HAL_I2C_GetError
                0x0000000008005796       0x16 ./Bsw/MCal/I2c/stm32f3xx_hal_i2c.o
                0x0000000008005796                HAL_I2C_GetError
 .text.I2C_Slave_ISR_IT
                0x00000000080057ac      0x206 ./Bsw/MCal/I2c/stm32f3xx_hal_i2c.o
 .text.I2C_Master_ISR_DMA
                0x00000000080059b2      0x1e6 ./Bsw/MCal/I2c/stm32f3xx_hal_i2c.o
 .text.I2C_Slave_ISR_DMA
                0x0000000008005b98      0x1c0 ./Bsw/MCal/I2c/stm32f3xx_hal_i2c.o
 .text.I2C_RequestMemoryWrite
                0x0000000008005d58       0xa8 ./Bsw/MCal/I2c/stm32f3xx_hal_i2c.o
 .text.I2C_RequestMemoryRead
                0x0000000008005e00       0xa8 ./Bsw/MCal/I2c/stm32f3xx_hal_i2c.o
 .text.I2C_ITAddrCplt
                0x0000000008005ea8      0x108 ./Bsw/MCal/I2c/stm32f3xx_hal_i2c.o
 .text.I2C_ITMasterSeqCplt
                0x0000000008005fb0       0x7e ./Bsw/MCal/I2c/stm32f3xx_hal_i2c.o
 .text.I2C_ITSlaveSeqCplt
                0x000000000800602e       0xc0 ./Bsw/MCal/I2c/stm32f3xx_hal_i2c.o
 *fill*         0x00000000080060ee        0x2 
 .text.I2C_ITMasterCplt
                0x00000000080060f0      0x19c ./Bsw/MCal/I2c/stm32f3xx_hal_i2c.o
 .text.I2C_ITSlaveCplt
                0x000000000800628c      0x218 ./Bsw/MCal/I2c/stm32f3xx_hal_i2c.o
 .text.I2C_ITListenCplt
                0x00000000080064a4       0xac ./Bsw/MCal/I2c/stm32f3xx_hal_i2c.o
 .text.I2C_ITError
                0x0000000008006550      0x1a0 ./Bsw/MCal/I2c/stm32f3xx_hal_i2c.o
 .text.I2C_TreatErrorCallback
                0x00000000080066f0       0x52 ./Bsw/MCal/I2c/stm32f3xx_hal_i2c.o
 .text.I2C_Flush_TXDR
                0x0000000008006742       0x46 ./Bsw/MCal/I2c/stm32f3xx_hal_i2c.o
 .text.I2C_DMAMasterTransmitCplt
                0x0000000008006788       0x96 ./Bsw/MCal/I2c/stm32f3xx_hal_i2c.o
 .text.I2C_DMAMasterReceiveCplt
                0x000000000800681e       0x96 ./Bsw/MCal/I2c/stm32f3xx_hal_i2c.o
 .text.I2C_DMAError
                0x00000000080068b4       0x2e ./Bsw/MCal/I2c/stm32f3xx_hal_i2c.o
 .text.I2C_DMAAbort
                0x00000000080068e2       0x3c ./Bsw/MCal/I2c/stm32f3xx_hal_i2c.o
 .text.I2C_WaitOnFlagUntilTimeout
                0x000000000800691e       0x80 ./Bsw/MCal/I2c/stm32f3xx_hal_i2c.o
 .text.I2C_WaitOnTXISFlagUntilTimeout
                0x000000000800699e       0x80 ./Bsw/MCal/I2c/stm32f3xx_hal_i2c.o
 *fill*         0x0000000008006a1e        0x2 
 .text.I2C_IsAcknowledgeFailed
                0x0000000008006a20       0xec ./Bsw/MCal/I2c/stm32f3xx_hal_i2c.o
 .text.I2C_TransferConfig
                0x0000000008006b0c       0x58 ./Bsw/MCal/I2c/stm32f3xx_hal_i2c.o
 .text.I2C_Enable_IRQ
                0x0000000008006b64       0xc4 ./Bsw/MCal/I2c/stm32f3xx_hal_i2c.o
 .text.I2C_Disable_IRQ
                0x0000000008006c28       0xba ./Bsw/MCal/I2c/stm32f3xx_hal_i2c.o
 .text.HAL_I2CEx_ConfigAnalogFilter
                0x0000000008006ce2       0x94 ./Bsw/MCal/I2c/stm32f3xx_hal_i2c_ex.o
                0x0000000008006ce2                HAL_I2CEx_ConfigAnalogFilter
 .text.HAL_I2CEx_ConfigDigitalFilter
                0x0000000008006d76       0x96 ./Bsw/MCal/I2c/stm32f3xx_hal_i2c_ex.o
                0x0000000008006d76                HAL_I2CEx_ConfigDigitalFilter
 .text.HAL_GPIO_EXTI_Callback
                0x0000000008006e0c       0x3c ./Bsw/MCal/Int/Int.o
                0x0000000008006e0c                HAL_GPIO_EXTI_Callback
 .text.SystemInit
                0x0000000008006e48        0xc ./Bsw/MCal/Mcu/mcu.o
                0x0000000008006e48                SystemInit
 .text.HAL_Init
                0x0000000008006e54       0x2c ./Bsw/MCal/Mcu/stm32f3xx_hal.o
                0x0000000008006e54                HAL_Init
 .text.HAL_InitTick
                0x0000000008006e80       0x6c ./Bsw/MCal/Mcu/stm32f3xx_hal.o
                0x0000000008006e80                HAL_InitTick
 .text.HAL_IncTick
                0x0000000008006eec       0x24 ./Bsw/MCal/Mcu/stm32f3xx_hal.o
                0x0000000008006eec                HAL_IncTick
 .text.HAL_GetTick
                0x0000000008006f10       0x14 ./Bsw/MCal/Mcu/stm32f3xx_hal.o
                0x0000000008006f10                HAL_GetTick
 .text.__NVIC_SetPriorityGrouping
                0x0000000008006f24       0x48 ./Bsw/MCal/Mcu/stm32f3xx_hal_cortex.o
 .text.__NVIC_GetPriorityGrouping
                0x0000000008006f6c       0x1c ./Bsw/MCal/Mcu/stm32f3xx_hal_cortex.o
 .text.__NVIC_EnableIRQ
                0x0000000008006f88       0x38 ./Bsw/MCal/Mcu/stm32f3xx_hal_cortex.o
 .text.__NVIC_SetPriority
                0x0000000008006fc0       0x54 ./Bsw/MCal/Mcu/stm32f3xx_hal_cortex.o
 .text.NVIC_EncodePriority
                0x0000000008007014       0x64 ./Bsw/MCal/Mcu/stm32f3xx_hal_cortex.o
 .text.SysTick_Config
                0x0000000008007078       0x44 ./Bsw/MCal/Mcu/stm32f3xx_hal_cortex.o
 .text.HAL_NVIC_SetPriorityGrouping
                0x00000000080070bc       0x16 ./Bsw/MCal/Mcu/stm32f3xx_hal_cortex.o
                0x00000000080070bc                HAL_NVIC_SetPriorityGrouping
 .text.HAL_NVIC_SetPriority
                0x00000000080070d2       0x38 ./Bsw/MCal/Mcu/stm32f3xx_hal_cortex.o
                0x00000000080070d2                HAL_NVIC_SetPriority
 .text.HAL_NVIC_EnableIRQ
                0x000000000800710a       0x1c ./Bsw/MCal/Mcu/stm32f3xx_hal_cortex.o
                0x000000000800710a                HAL_NVIC_EnableIRQ
 .text.HAL_SYSTICK_Config
                0x0000000008007126       0x18 ./Bsw/MCal/Mcu/stm32f3xx_hal_cortex.o
                0x0000000008007126                HAL_SYSTICK_Config
 *fill*         0x000000000800713e        0x2 
 .text.HAL_MspInit
                0x0000000008007140       0x44 ./Bsw/MCal/Mcu/stm32f3xx_hal_msp.o
                0x0000000008007140                HAL_MspInit
 .text.HAL_ADC_MspInit
                0x0000000008007184       0xd0 ./Bsw/MCal/Mcu/stm32f3xx_hal_msp.o
                0x0000000008007184                HAL_ADC_MspInit
 .text.HAL_I2C_MspInit
                0x0000000008007254      0x140 ./Bsw/MCal/Mcu/stm32f3xx_hal_msp.o
                0x0000000008007254                HAL_I2C_MspInit
 .text.HAL_SPI_MspInit
                0x0000000008007394       0x98 ./Bsw/MCal/Mcu/stm32f3xx_hal_msp.o
                0x0000000008007394                HAL_SPI_MspInit
 .text.HAL_TIM_Base_MspInit
                0x000000000800742c       0x94 ./Bsw/MCal/Mcu/stm32f3xx_hal_msp.o
                0x000000000800742c                HAL_TIM_Base_MspInit
 .text.HAL_UART_MspInit
                0x00000000080074c0      0x108 ./Bsw/MCal/Mcu/stm32f3xx_hal_msp.o
                0x00000000080074c0                HAL_UART_MspInit
 .text.Msp_Error_Handler
                0x00000000080075c8        0xa ./Bsw/MCal/Mcu/stm32f3xx_hal_msp.o
 *fill*         0x00000000080075d2        0x2 
 .text.HAL_RCC_OscConfig
                0x00000000080075d4     0x10a8 ./Bsw/MCal/Mcu/stm32f3xx_hal_rcc.o
                0x00000000080075d4                HAL_RCC_OscConfig
 .text.HAL_RCC_ClockConfig
                0x000000000800867c      0x2f8 ./Bsw/MCal/Mcu/stm32f3xx_hal_rcc.o
                0x000000000800867c                HAL_RCC_ClockConfig
 .text.HAL_RCC_GetSysClockFreq
                0x0000000008008974       0xd4 ./Bsw/MCal/Mcu/stm32f3xx_hal_rcc.o
                0x0000000008008974                HAL_RCC_GetSysClockFreq
 .text.HAL_RCC_GetHCLKFreq
                0x0000000008008a48       0x14 ./Bsw/MCal/Mcu/stm32f3xx_hal_rcc.o
                0x0000000008008a48                HAL_RCC_GetHCLKFreq
 .text.HAL_RCC_GetPCLK1Freq
                0x0000000008008a5c       0x44 ./Bsw/MCal/Mcu/stm32f3xx_hal_rcc.o
                0x0000000008008a5c                HAL_RCC_GetPCLK1Freq
 .text.HAL_RCC_GetPCLK2Freq
                0x0000000008008aa0       0x44 ./Bsw/MCal/Mcu/stm32f3xx_hal_rcc.o
                0x0000000008008aa0                HAL_RCC_GetPCLK2Freq
 .text.HAL_RCCEx_PeriphCLKConfig
                0x0000000008008ae4      0x43c ./Bsw/MCal/Mcu/stm32f3xx_hal_rcc_ex.o
                0x0000000008008ae4                HAL_RCCEx_PeriphCLKConfig
 .text.NMI_Handler
                0x0000000008008f20        0x6 ./Bsw/MCal/Mcu/stm32f3xx_it.o
                0x0000000008008f20                NMI_Handler
 .text.HardFault_Handler
                0x0000000008008f26        0x6 ./Bsw/MCal/Mcu/stm32f3xx_it.o
                0x0000000008008f26                HardFault_Handler
 .text.MemManage_Handler
                0x0000000008008f2c        0x6 ./Bsw/MCal/Mcu/stm32f3xx_it.o
                0x0000000008008f2c                MemManage_Handler
 .text.BusFault_Handler
                0x0000000008008f32        0x6 ./Bsw/MCal/Mcu/stm32f3xx_it.o
                0x0000000008008f32                BusFault_Handler
 .text.UsageFault_Handler
                0x0000000008008f38        0x6 ./Bsw/MCal/Mcu/stm32f3xx_it.o
                0x0000000008008f38                UsageFault_Handler
 .text.SVC_Handler
                0x0000000008008f3e        0xc ./Bsw/MCal/Mcu/stm32f3xx_it.o
                0x0000000008008f3e                SVC_Handler
 .text.DebugMon_Handler
                0x0000000008008f4a        0xc ./Bsw/MCal/Mcu/stm32f3xx_it.o
                0x0000000008008f4a                DebugMon_Handler
 *fill*         0x0000000008008f56        0x2 
 .text.DMA1_Channel1_IRQHandler
                0x0000000008008f58       0x14 ./Bsw/MCal/Mcu/stm32f3xx_it.o
                0x0000000008008f58                DMA1_Channel1_IRQHandler
 .text.DMA1_Channel6_IRQHandler
                0x0000000008008f6c       0x14 ./Bsw/MCal/Mcu/stm32f3xx_it.o
                0x0000000008008f6c                DMA1_Channel6_IRQHandler
 .text.DMA1_Channel7_IRQHandler
                0x0000000008008f80       0x14 ./Bsw/MCal/Mcu/stm32f3xx_it.o
                0x0000000008008f80                DMA1_Channel7_IRQHandler
 .text.TIM3_IRQHandler
                0x0000000008008f94       0x14 ./Bsw/MCal/Mcu/stm32f3xx_it.o
                0x0000000008008f94                TIM3_IRQHandler
 .text.I2C1_EV_IRQHandler
                0x0000000008008fa8       0x14 ./Bsw/MCal/Mcu/stm32f3xx_it.o
                0x0000000008008fa8                I2C1_EV_IRQHandler
 .text.USART1_IRQHandler
                0x0000000008008fbc       0x14 ./Bsw/MCal/Mcu/stm32f3xx_it.o
                0x0000000008008fbc                USART1_IRQHandler
 .text.USART2_IRQHandler
                0x0000000008008fd0       0x14 ./Bsw/MCal/Mcu/stm32f3xx_it.o
                0x0000000008008fd0                USART2_IRQHandler
 .text.EXTI15_10_IRQHandler
                0x0000000008008fe4       0x10 ./Bsw/MCal/Mcu/stm32f3xx_it.o
                0x0000000008008fe4                EXTI15_10_IRQHandler
 .text.SPI3_IRQHandler
                0x0000000008008ff4       0x14 ./Bsw/MCal/Mcu/stm32f3xx_it.o
                0x0000000008008ff4                SPI3_IRQHandler
 .text._sbrk    0x0000000008009008       0x6c ./Bsw/MCal/Mcu/sysmem.o
                0x0000000008009008                _sbrk
 .text.HAL_SPI_Init
                0x0000000008009074      0x1c4 ./Bsw/MCal/Spi/stm32f3xx_hal_spi.o
                0x0000000008009074                HAL_SPI_Init
 .text.HAL_SPI_IRQHandler
                0x0000000008009238      0x200 ./Bsw/MCal/Spi/stm32f3xx_hal_spi.o
                0x0000000008009238                HAL_SPI_IRQHandler
 .text.HAL_SPI_TxCpltCallback
                0x0000000008009438       0x12 ./Bsw/MCal/Spi/stm32f3xx_hal_spi.o
                0x0000000008009438                HAL_SPI_TxCpltCallback
 .text.HAL_SPI_RxCpltCallback
                0x000000000800944a       0x12 ./Bsw/MCal/Spi/stm32f3xx_hal_spi.o
                0x000000000800944a                HAL_SPI_RxCpltCallback
 .text.HAL_SPI_TxRxCpltCallback
                0x000000000800945c       0x12 ./Bsw/MCal/Spi/stm32f3xx_hal_spi.o
                0x000000000800945c                HAL_SPI_TxRxCpltCallback
 .text.HAL_SPI_TxHalfCpltCallback
                0x000000000800946e       0x12 ./Bsw/MCal/Spi/stm32f3xx_hal_spi.o
                0x000000000800946e                HAL_SPI_TxHalfCpltCallback
 .text.HAL_SPI_RxHalfCpltCallback
                0x0000000008009480       0x12 ./Bsw/MCal/Spi/stm32f3xx_hal_spi.o
                0x0000000008009480                HAL_SPI_RxHalfCpltCallback
 .text.HAL_SPI_TxRxHalfCpltCallback
                0x0000000008009492       0x12 ./Bsw/MCal/Spi/stm32f3xx_hal_spi.o
                0x0000000008009492                HAL_SPI_TxRxHalfCpltCallback
 .text.HAL_SPI_ErrorCallback
                0x00000000080094a4       0x12 ./Bsw/MCal/Spi/stm32f3xx_hal_spi.o
                0x00000000080094a4                HAL_SPI_ErrorCallback
 .text.HAL_SPI_AbortCpltCallback
                0x00000000080094b6       0x12 ./Bsw/MCal/Spi/stm32f3xx_hal_spi.o
                0x00000000080094b6                HAL_SPI_AbortCpltCallback
 .text.SPI_DMAAbortOnError
                0x00000000080094c8       0x2c ./Bsw/MCal/Spi/stm32f3xx_hal_spi.o
 .text.HAL_UART_Init
                0x00000000080094f4       0x9c ./Bsw/MCal/Uart/stm32f3xx_hal_uart.o
                0x00000000080094f4                HAL_UART_Init
 .text.HAL_UART_Transmit
                0x0000000008009590      0x128 ./Bsw/MCal/Uart/stm32f3xx_hal_uart.o
                0x0000000008009590                HAL_UART_Transmit
 .text.HAL_UART_IRQHandler
                0x00000000080096b8      0x5bc ./Bsw/MCal/Uart/stm32f3xx_hal_uart.o
                0x00000000080096b8                HAL_UART_IRQHandler
 .text.HAL_UART_TxCpltCallback
                0x0000000008009c74       0x12 ./Bsw/MCal/Uart/stm32f3xx_hal_uart.o
                0x0000000008009c74                HAL_UART_TxCpltCallback
 .text.HAL_UART_ErrorCallback
                0x0000000008009c86       0x12 ./Bsw/MCal/Uart/stm32f3xx_hal_uart.o
                0x0000000008009c86                HAL_UART_ErrorCallback
 .text.HAL_UARTEx_RxEventCallback
                0x0000000008009c98       0x16 ./Bsw/MCal/Uart/stm32f3xx_hal_uart.o
                0x0000000008009c98                HAL_UARTEx_RxEventCallback
 *fill*         0x0000000008009cae        0x2 
 .text.UART_SetConfig
                0x0000000008009cb0      0x3ac ./Bsw/MCal/Uart/stm32f3xx_hal_uart.o
                0x0000000008009cb0                UART_SetConfig
 .text.UART_AdvFeatureConfig
                0x000000000800a05c      0x142 ./Bsw/MCal/Uart/stm32f3xx_hal_uart.o
                0x000000000800a05c                UART_AdvFeatureConfig
 .text.UART_CheckIdleState
                0x000000000800a19e       0x92 ./Bsw/MCal/Uart/stm32f3xx_hal_uart.o
                0x000000000800a19e                UART_CheckIdleState
 .text.UART_WaitOnFlagUntilTimeout
                0x000000000800a230      0x188 ./Bsw/MCal/Uart/stm32f3xx_hal_uart.o
                0x000000000800a230                UART_WaitOnFlagUntilTimeout
 .text.UART_EndRxTransfer
                0x000000000800a3b8       0xc4 ./Bsw/MCal/Uart/stm32f3xx_hal_uart.o
 .text.UART_DMAAbortOnError
                0x000000000800a47c       0x2c ./Bsw/MCal/Uart/stm32f3xx_hal_uart.o
 .text.UART_EndTransmit_IT
                0x000000000800a4a8       0x54 ./Bsw/MCal/Uart/stm32f3xx_hal_uart.o
 .text.HAL_UARTEx_WakeupCallback
                0x000000000800a4fc       0x12 ./Bsw/MCal/Uart/stm32f3xx_hal_uart_ex.o
                0x000000000800a4fc                HAL_UARTEx_WakeupCallback
 *fill*         0x000000000800a50e        0x2 
 .text.Ea_Init  0x000000000800a510       0x18 ./Bsw/Mem/Ea/Ea.o
                0x000000000800a510                Ea_Init
 .text.Ea_Read  0x000000000800a528       0x38 ./Bsw/Mem/Ea/Ea.o
                0x000000000800a528                Ea_Read
 .text.Ea_Write
                0x000000000800a560       0x38 ./Bsw/Mem/Ea/Ea.o
                0x000000000800a560                Ea_Write
 .text.NvM_Init
                0x000000000800a598       0x20 ./Bsw/Mem/NvM/NvM.o
                0x000000000800a598                NvM_Init
 .text.NvM_MainFunction
                0x000000000800a5b8       0x4c ./Bsw/Mem/NvM/NvM.o
                0x000000000800a5b8                NvM_MainFunction
 .text.NvM_WriteBlock
                0x000000000800a604       0x1e ./Bsw/Mem/NvM/NvM.o
                0x000000000800a604                NvM_WriteBlock
 .text.NvM_ReadBlock
                0x000000000800a622       0x1e ./Bsw/Mem/NvM/NvM.o
                0x000000000800a622                NvM_ReadBlock
 .text.BswM_Init
                0x000000000800a640       0x38 ./Bsw/Sys/BswM/BswM.o
                0x000000000800a640                BswM_Init
 .text.BswM_MainFunction
                0x000000000800a678       0x24 ./Bsw/Sys/BswM/BswM.o
                0x000000000800a678                BswM_MainFunction
 .text.HAL_ADC_ConvCpltCallback
                0x000000000800a69c       0x4c ./Bsw/Sys/BswM/BswM.o
                0x000000000800a69c                HAL_ADC_ConvCpltCallback
 .text.HAL_I2C_MemTxCpltCallback
                0x000000000800a6e8       0x20 ./Bsw/Sys/BswM/BswM.o
                0x000000000800a6e8                HAL_I2C_MemTxCpltCallback
 .text.HAL_I2C_MemRxCpltCallback
                0x000000000800a708       0x20 ./Bsw/Sys/BswM/BswM.o
                0x000000000800a708                HAL_I2C_MemRxCpltCallback
 .text.HAL_I2C_ErrorCallback
                0x000000000800a728       0x20 ./Bsw/Sys/BswM/BswM.o
                0x000000000800a728                HAL_I2C_ErrorCallback
 .text.SystemClock_Config
                0x000000000800a748       0xca ./Bsw/Sys/BswM/BswM.o
 *fill*         0x000000000800a812        0x2 
 .text.MX_DMA_Init
                0x000000000800a814       0x5c ./Bsw/Sys/BswM/BswM.o
 .text.MX_ADC1_Init
                0x000000000800a870       0xe0 ./Bsw/Sys/BswM/BswM.o
 .text.MX_I2C1_Init
                0x000000000800a950       0x80 ./Bsw/Sys/BswM/BswM.o
 .text.MX_SPI3_Init
                0x000000000800a9d0       0x7c ./Bsw/Sys/BswM/BswM.o
 .text.MX_USART1_UART_Init
                0x000000000800aa4c       0x60 ./Bsw/Sys/BswM/BswM.o
 .text.MX_USART2_UART_Init
                0x000000000800aaac       0x60 ./Bsw/Sys/BswM/BswM.o
 .text.MX_GPIO_Init
                0x000000000800ab0c       0xdc ./Bsw/Sys/BswM/BswM.o
 .text.Error_Handler
                0x000000000800abe8        0xa ./Bsw/Sys/BswM/BswM.o
 .text.EcuM_StartUp_One
                0x000000000800abf2       0x10 ./Bsw/Sys/EcuM/EcuM.o
                0x000000000800abf2                EcuM_StartUp_One
 .text.EcuM_StartUp_Two
                0x000000000800ac02        0xc ./Bsw/Sys/EcuM/EcuM.o
                0x000000000800ac02                EcuM_StartUp_Two
 .text.EcuM_Init
                0x000000000800ac0e       0x12 ./Bsw/Sys/EcuM/EcuM.o
                0x000000000800ac0e                EcuM_Init
 .text.Os_Start
                0x000000000800ac20        0xe ./Bsw/Sys/Os/Os.o
                0x000000000800ac20                Os_Start
 *fill*         0x000000000800ac2e        0x2 
 .text.SysTick_Handler
                0x000000000800ac30      0x138 ./Bsw/Sys/Os/Os_scheduler.o
                0x000000000800ac30                SysTick_Handler
 .text.PendSV_Handler
                0x000000000800ad68       0x34 ./Bsw/Sys/Os/Os_scheduler.o
                0x000000000800ad68                PendSV_Handler
 .text.Os_Scheduler_Init
                0x000000000800ad9c       0xf0 ./Bsw/Sys/Os/Os_scheduler.o
                0x000000000800ad9c                Os_Scheduler_Init
 .text.Os_Scheduler_Start
                0x000000000800ae8c       0x2c ./Bsw/Sys/Os/Os_scheduler.o
                0x000000000800ae8c                Os_Scheduler_Start
 .text.Os_Scheduler_TaskMaster_0
                0x000000000800aeb8       0x88 ./Bsw/Sys/Os/Os_scheduler.o
 .text.Os_Scheduler_Task10ms_0
                0x000000000800af40       0x50 ./Bsw/Sys/Os/Os_scheduler.o
 .text.Os_Scheduler_Task50ms_0
                0x000000000800af90       0x50 ./Bsw/Sys/Os/Os_scheduler.o
 .text.Os_Scheduler_Task100ms_0
                0x000000000800afe0       0x50 ./Bsw/Sys/Os/Os_scheduler.o
 .text.Os_Scheduler_Task500ms_0
                0x000000000800b030       0x50 ./Bsw/Sys/Os/Os_scheduler.o
 .text.Os_Task_Master
                0x000000000800b080        0xc ./Bsw/Sys/Os/Os_task.o
                0x000000000800b080                Os_Task_Master
 .text.Os_Task_10ms
                0x000000000800b08c        0xc ./Bsw/Sys/Os/Os_task.o
                0x000000000800b08c                Os_Task_10ms
 .text.Os_Task_50ms
                0x000000000800b098        0xc ./Bsw/Sys/Os/Os_task.o
                0x000000000800b098                Os_Task_50ms
 .text.Os_Task_100ms
                0x000000000800b0a4        0xc ./Bsw/Sys/Os/Os_task.o
                0x000000000800b0a4                Os_Task_100ms
 .text.Os_Task_500ms
                0x000000000800b0b0        0xc ./Bsw/Sys/Os/Os_task.o
                0x000000000800b0b0                Os_Task_500ms
 .text.Os_Task_Shutdown
                0x000000000800b0bc        0xc ./Bsw/Sys/Os/Os_task.o
                0x000000000800b0bc                Os_Task_Shutdown
 .text.Tm_Init  0x000000000800b0c8        0xc ./Bsw/Sys/Tm/Tm.o
                0x000000000800b0c8                Tm_Init
 .text.Reset_Handler
                0x000000000800b0d4       0x50 ./Config/startup_stm32f303retx.o
                0x000000000800b0d4                Reset_Handler
 .text.Default_Handler
                0x000000000800b124        0x2 ./Config/startup_stm32f303retx.o
                0x000000000800b124                RTC_Alarm_IRQHandler
                0x000000000800b124                TIM8_TRG_COM_IRQHandler
                0x000000000800b124                TIM8_CC_IRQHandler
                0x000000000800b124                SPI4_IRQHandler
                0x000000000800b124                TIM1_CC_IRQHandler
                0x000000000800b124                USB_HP_IRQHandler
                0x000000000800b124                PVD_IRQHandler
                0x000000000800b124                TAMP_STAMP_IRQHandler
                0x000000000800b124                EXTI3_IRQHandler
                0x000000000800b124                I2C3_ER_IRQHandler
                0x000000000800b124                USB_HP_CAN_TX_IRQHandler
                0x000000000800b124                EXTI0_IRQHandler
                0x000000000800b124                I2C2_EV_IRQHandler
                0x000000000800b124                FPU_IRQHandler
                0x000000000800b124                TIM1_UP_TIM16_IRQHandler
                0x000000000800b124                ADC1_2_IRQHandler
                0x000000000800b124                SPI1_IRQHandler
                0x000000000800b124                CAN_SCE_IRQHandler
                0x000000000800b124                TIM6_DAC_IRQHandler
                0x000000000800b124                TIM8_UP_IRQHandler
                0x000000000800b124                DMA2_Channel2_IRQHandler
                0x000000000800b124                DMA1_Channel4_IRQHandler
                0x000000000800b124                TIM20_TRG_COM_IRQHandler
                0x000000000800b124                USART3_IRQHandler
                0x000000000800b124                UART5_IRQHandler
                0x000000000800b124                ADC3_IRQHandler
                0x000000000800b124                TIM4_IRQHandler
                0x000000000800b124                CAN_RX1_IRQHandler
                0x000000000800b124                DMA2_Channel1_IRQHandler
                0x000000000800b124                UART4_IRQHandler
                0x000000000800b124                DMA2_Channel4_IRQHandler
                0x000000000800b124                RCC_IRQHandler
                0x000000000800b124                TIM20_UP_IRQHandler
                0x000000000800b124                Default_Handler
                0x000000000800b124                USBWakeUp_RMP_IRQHandler
                0x000000000800b124                TIM7_IRQHandler
                0x000000000800b124                I2C3_EV_IRQHandler
                0x000000000800b124                EXTI9_5_IRQHandler
                0x000000000800b124                RTC_WKUP_IRQHandler
                0x000000000800b124                SPI2_IRQHandler
                0x000000000800b124                USB_LP_CAN_RX0_IRQHandler
                0x000000000800b124                DMA2_Channel5_IRQHandler
                0x000000000800b124                DMA1_Channel5_IRQHandler
                0x000000000800b124                USB_LP_IRQHandler
                0x000000000800b124                EXTI4_IRQHandler
                0x000000000800b124                TIM1_TRG_COM_TIM17_IRQHandler
                0x000000000800b124                DMA1_Channel3_IRQHandler
                0x000000000800b124                ADC4_IRQHandler
                0x000000000800b124                WWDG_IRQHandler
                0x000000000800b124                TIM2_IRQHandler
                0x000000000800b124                COMP7_IRQHandler
                0x000000000800b124                COMP1_2_3_IRQHandler
                0x000000000800b124                EXTI1_IRQHandler
                0x000000000800b124                COMP4_5_6_IRQHandler
                0x000000000800b124                TIM20_BRK_IRQHandler
                0x000000000800b124                I2C2_ER_IRQHandler
                0x000000000800b124                DMA1_Channel2_IRQHandler
                0x000000000800b124                TIM8_BRK_IRQHandler
                0x000000000800b124                FLASH_IRQHandler
                0x000000000800b124                TIM20_CC_IRQHandler
                0x000000000800b124                I2C1_ER_IRQHandler
                0x000000000800b124                FMC_IRQHandler
                0x000000000800b124                USBWakeUp_IRQHandler
                0x000000000800b124                DMA2_Channel3_IRQHandler
                0x000000000800b124                EXTI2_TSC_IRQHandler
                0x000000000800b124                TIM1_BRK_TIM15_IRQHandler
 .text.Rte_Call_EnterProtectedSection
                0x000000000800b126       0x10 ./Rte/Rte.o
 .text.Rte_Call_LeaveProtectedSection
                0x000000000800b136       0x10 ./Rte/Rte.o
 *fill*         0x000000000800b146        0x2 
 .text.Rte_Init
                0x000000000800b148       0x24 ./Rte/Rte.o
                0x000000000800b148                Rte_Init
 .text.Rte_Task_Master
                0x000000000800b16c       0x44 ./Rte/Rte.o
                0x000000000800b16c                Rte_Task_Master
 .text.Rte_Task_10ms
                0x000000000800b1b0       0x28 ./Rte/Rte.o
                0x000000000800b1b0                Rte_Task_10ms
 .text.Rte_Task_50ms
                0x000000000800b1d8        0xc ./Rte/Rte.o
                0x000000000800b1d8                Rte_Task_50ms
 .text.Rte_Task_100ms
                0x000000000800b1e4       0x18 ./Rte/Rte.o
                0x000000000800b1e4                Rte_Task_100ms
 .text.Rte_Task_500ms
                0x000000000800b1fc       0x68 ./Rte/Rte.o
                0x000000000800b1fc                Rte_Task_500ms
 .text.Rte_Task_Shutdown
                0x000000000800b264       0x10 ./Rte/Rte.o
                0x000000000800b264                Rte_Task_Shutdown
 .text.Rte_Call_Cdd_Ultrasonic_TriggerMeasurement
                0x000000000800b274       0x38 ./Rte/Rte.o
                0x000000000800b274                Rte_Call_Cdd_Ultrasonic_TriggerMeasurement
 .text.Rte_Read_Cdd_Ultrasonic_Distance_f32
                0x000000000800b2ac       0x1a ./Rte/Rte.o
                0x000000000800b2ac                Rte_Read_Cdd_Ultrasonic_Distance_f32
 *fill*         0x000000000800b2c6        0x2 
 .text.Rte_Read_PC13_Pin_State
                0x000000000800b2c8       0x20 ./Rte/Rte.o
                0x000000000800b2c8                Rte_Read_PC13_Pin_State
 .text.Rte_Write_PC13_Pin_State
                0x000000000800b2e8       0x20 ./Rte/Rte.o
                0x000000000800b2e8                Rte_Write_PC13_Pin_State
 .text.Rte_Write_DIO_Autobrakes_State_b
                0x000000000800b308       0x34 ./Rte/Rte.o
                0x000000000800b308                Rte_Write_DIO_Autobrakes_State_b
 .text.Rte_Cdd_Servo_RawMove
                0x000000000800b33c       0x1a ./Rte/Rte.o
                0x000000000800b33c                Rte_Cdd_Servo_RawMove
 *fill*         0x000000000800b356        0x2 
 .text.Rte_Read_NvM_Block
                0x000000000800b358       0x34 ./Rte/Rte.o
                0x000000000800b358                Rte_Read_NvM_Block
 .text.Rte_Write_NvM_Block
                0x000000000800b38c       0x1e ./Rte/Rte.o
                0x000000000800b38c                Rte_Write_NvM_Block
 *fill*         0x000000000800b3aa        0x2 
 .text.Rte_Write_AN0_Voltage_u16
                0x000000000800b3ac       0x20 ./Rte/Rte.o
                0x000000000800b3ac                Rte_Write_AN0_Voltage_u16
 .text.Rte_Read_AN0_Voltage_u16
                0x000000000800b3cc       0x28 ./Rte/Rte.o
                0x000000000800b3cc                Rte_Read_AN0_Voltage_u16
 .text.__errno  0x000000000800b3f4        0xc c:/st/stm32cubeide_1.1.0/stm32cubeide/plugins/com.st.stm32cube.ide.mcu.externaltools.gnu-tools-for-stm32.10.3-2021.10.win32_1.0.0.202111181127/tools/bin/../lib/gcc/arm-none-eabi/10.3.1/../../../../arm-none-eabi/lib/thumb/v7e-m/nofp\libc_nano.a(lib_a-errno.o)
                0x000000000800b3f4                __errno
 .text.__libc_init_array
                0x000000000800b400       0x48 c:/st/stm32cubeide_1.1.0/stm32cubeide/plugins/com.st.stm32cube.ide.mcu.externaltools.gnu-tools-for-stm32.10.3-2021.10.win32_1.0.0.202111181127/tools/bin/../lib/gcc/arm-none-eabi/10.3.1/../../../../arm-none-eabi/lib/thumb/v7e-m/nofp\libc_nano.a(lib_a-init.o)
                0x000000000800b400                __libc_init_array
 .text.memset   0x000000000800b448       0x10 c:/st/stm32cubeide_1.1.0/stm32cubeide/plugins/com.st.stm32cube.ide.mcu.externaltools.gnu-tools-for-stm32.10.3-2021.10.win32_1.0.0.202111181127/tools/bin/../lib/gcc/arm-none-eabi/10.3.1/../../../../arm-none-eabi/lib/thumb/v7e-m/nofp\libc_nano.a(lib_a-memset.o)
                0x000000000800b448                memset
 .text.sprintf  0x000000000800b458       0x40 c:/st/stm32cubeide_1.1.0/stm32cubeide/plugins/com.st.stm32cube.ide.mcu.externaltools.gnu-tools-for-stm32.10.3-2021.10.win32_1.0.0.202111181127/tools/bin/../lib/gcc/arm-none-eabi/10.3.1/../../../../arm-none-eabi/lib/thumb/v7e-m/nofp\libc_nano.a(lib_a-sprintf.o)
                0x000000000800b458                siprintf
                0x000000000800b458                sprintf
 .text.__ssputs_r
                0x000000000800b498       0xb6 c:/st/stm32cubeide_1.1.0/stm32cubeide/plugins/com.st.stm32cube.ide.mcu.externaltools.gnu-tools-for-stm32.10.3-2021.10.win32_1.0.0.202111181127/tools/bin/../lib/gcc/arm-none-eabi/10.3.1/../../../../arm-none-eabi/lib/thumb/v7e-m/nofp\libc_nano.a(lib_a-nano-svfprintf.o)
                0x000000000800b498                __ssputs_r
 *fill*         0x000000000800b54e        0x2 
 .text._svfprintf_r
                0x000000000800b550      0x200 c:/st/stm32cubeide_1.1.0/stm32cubeide/plugins/com.st.stm32cube.ide.mcu.externaltools.gnu-tools-for-stm32.10.3-2021.10.win32_1.0.0.202111181127/tools/bin/../lib/gcc/arm-none-eabi/10.3.1/../../../../arm-none-eabi/lib/thumb/v7e-m/nofp\libc_nano.a(lib_a-nano-svfprintf.o)
                0x000000000800b550                _svfiprintf_r
                0x000000000800b550                _svfprintf_r
 .text._printf_common
                0x000000000800b750       0xda c:/st/stm32cubeide_1.1.0/stm32cubeide/plugins/com.st.stm32cube.ide.mcu.externaltools.gnu-tools-for-stm32.10.3-2021.10.win32_1.0.0.202111181127/tools/bin/../lib/gcc/arm-none-eabi/10.3.1/../../../../arm-none-eabi/lib/thumb/v7e-m/nofp\libc_nano.a(lib_a-nano-vfprintf_i.o)
                0x000000000800b750                _printf_common
 *fill*         0x000000000800b82a        0x2 
 .text._printf_i
                0x000000000800b82c      0x24c c:/st/stm32cubeide_1.1.0/stm32cubeide/plugins/com.st.stm32cube.ide.mcu.externaltools.gnu-tools-for-stm32.10.3-2021.10.win32_1.0.0.202111181127/tools/bin/../lib/gcc/arm-none-eabi/10.3.1/../../../../arm-none-eabi/lib/thumb/v7e-m/nofp\libc_nano.a(lib_a-nano-vfprintf_i.o)
                0x000000000800b82c                _printf_i
 .text.memcpy   0x000000000800ba78       0x1c c:/st/stm32cubeide_1.1.0/stm32cubeide/plugins/com.st.stm32cube.ide.mcu.externaltools.gnu-tools-for-stm32.10.3-2021.10.win32_1.0.0.202111181127/tools/bin/../lib/gcc/arm-none-eabi/10.3.1/../../../../arm-none-eabi/lib/thumb/v7e-m/nofp\libc_nano.a(lib_a-memcpy-stub.o)
                0x000000000800ba78                memcpy
 .text.memmove  0x000000000800ba94       0x34 c:/st/stm32cubeide_1.1.0/stm32cubeide/plugins/com.st.stm32cube.ide.mcu.externaltools.gnu-tools-for-stm32.10.3-2021.10.win32_1.0.0.202111181127/tools/bin/../lib/gcc/arm-none-eabi/10.3.1/../../../../arm-none-eabi/lib/thumb/v7e-m/nofp\libc_nano.a(lib_a-memmove.o)
                0x000000000800ba94                memmove
 .text._free_r  0x000000000800bac8       0x94 c:/st/stm32cubeide_1.1.0/stm32cubeide/plugins/com.st.stm32cube.ide.mcu.externaltools.gnu-tools-for-stm32.10.3-2021.10.win32_1.0.0.202111181127/tools/bin/../lib/gcc/arm-none-eabi/10.3.1/../../../../arm-none-eabi/lib/thumb/v7e-m/nofp\libc_nano.a(lib_a-nano-freer.o)
                0x000000000800bac8                _free_r
 .text.sbrk_aligned
                0x000000000800bb5c       0x40 c:/st/stm32cubeide_1.1.0/stm32cubeide/plugins/com.st.stm32cube.ide.mcu.externaltools.gnu-tools-for-stm32.10.3-2021.10.win32_1.0.0.202111181127/tools/bin/../lib/gcc/arm-none-eabi/10.3.1/../../../../arm-none-eabi/lib/thumb/v7e-m/nofp\libc_nano.a(lib_a-nano-mallocr.o)
 .text._malloc_r
                0x000000000800bb9c       0xe8 c:/st/stm32cubeide_1.1.0/stm32cubeide/plugins/com.st.stm32cube.ide.mcu.externaltools.gnu-tools-for-stm32.10.3-2021.10.win32_1.0.0.202111181127/tools/bin/../lib/gcc/arm-none-eabi/10.3.1/../../../../arm-none-eabi/lib/thumb/v7e-m/nofp\libc_nano.a(lib_a-nano-mallocr.o)
                0x000000000800bb9c                _malloc_r
 .text._realloc_r
                0x000000000800bc84       0x5e c:/st/stm32cubeide_1.1.0/stm32cubeide/plugins/com.st.stm32cube.ide.mcu.externaltools.gnu-tools-for-stm32.10.3-2021.10.win32_1.0.0.202111181127/tools/bin/../lib/gcc/arm-none-eabi/10.3.1/../../../../arm-none-eabi/lib/thumb/v7e-m/nofp\libc_nano.a(lib_a-nano-reallocr.o)
                0x000000000800bc84                _realloc_r
 *fill*         0x000000000800bce2        0x2 
 .text._sbrk_r  0x000000000800bce4       0x20 c:/st/stm32cubeide_1.1.0/stm32cubeide/plugins/com.st.stm32cube.ide.mcu.externaltools.gnu-tools-for-stm32.10.3-2021.10.win32_1.0.0.202111181127/tools/bin/../lib/gcc/arm-none-eabi/10.3.1/../../../../arm-none-eabi/lib/thumb/v7e-m/nofp\libc_nano.a(lib_a-sbrkr.o)
                0x000000000800bce4                _sbrk_r
 .text.__malloc_lock
                0x000000000800bd04        0xc c:/st/stm32cubeide_1.1.0/stm32cubeide/plugins/com.st.stm32cube.ide.mcu.externaltools.gnu-tools-for-stm32.10.3-2021.10.win32_1.0.0.202111181127/tools/bin/../lib/gcc/arm-none-eabi/10.3.1/../../../../arm-none-eabi/lib/thumb/v7e-m/nofp\libc_nano.a(lib_a-mlock.o)
                0x000000000800bd04                __malloc_lock
 .text.__malloc_unlock
                0x000000000800bd10        0xc c:/st/stm32cubeide_1.1.0/stm32cubeide/plugins/com.st.stm32cube.ide.mcu.externaltools.gnu-tools-for-stm32.10.3-2021.10.win32_1.0.0.202111181127/tools/bin/../lib/gcc/arm-none-eabi/10.3.1/../../../../arm-none-eabi/lib/thumb/v7e-m/nofp\libc_nano.a(lib_a-mlock.o)
                0x000000000800bd10                __malloc_unlock
 .text._malloc_usable_size_r
                0x000000000800bd1c       0x10 c:/st/stm32cubeide_1.1.0/stm32cubeide/plugins/com.st.stm32cube.ide.mcu.externaltools.gnu-tools-for-stm32.10.3-2021.10.win32_1.0.0.202111181127/tools/bin/../lib/gcc/arm-none-eabi/10.3.1/../../../../arm-none-eabi/lib/thumb/v7e-m/nofp\libc_nano.a(lib_a-nano-msizer.o)
                0x000000000800bd1c                _malloc_usable_size_r
 .text.__retarget_lock_acquire_recursive
                0x000000000800bd2c        0x2 c:/st/stm32cubeide_1.1.0/stm32cubeide/plugins/com.st.stm32cube.ide.mcu.externaltools.gnu-tools-for-stm32.10.3-2021.10.win32_1.0.0.202111181127/tools/bin/../lib/gcc/arm-none-eabi/10.3.1/../../../../arm-none-eabi/lib/thumb/v7e-m/nofp\libc_nano.a(lib_a-lock.o)
                0x000000000800bd2c                __retarget_lock_acquire_recursive
 .text.__retarget_lock_release_recursive
                0x000000000800bd2e        0x2 c:/st/stm32cubeide_1.1.0/stm32cubeide/plugins/com.st.stm32cube.ide.mcu.externaltools.gnu-tools-for-stm32.10.3-2021.10.win32_1.0.0.202111181127/tools/bin/../lib/gcc/arm-none-eabi/10.3.1/../../../../arm-none-eabi/lib/thumb/v7e-m/nofp\libc_nano.a(lib_a-lock.o)
                0x000000000800bd2e                __retarget_lock_release_recursive
 *(.glue_7)
 .glue_7        0x000000000800bd30        0x0 linker stubs
 *(.glue_7t)
 .glue_7t       0x000000000800bd30        0x0 linker stubs
 *(.eh_frame)
 .eh_frame      0x000000000800bd30        0x0 c:/st/stm32cubeide_1.1.0/stm32cubeide/plugins/com.st.stm32cube.ide.mcu.externaltools.gnu-tools-for-stm32.10.3-2021.10.win32_1.0.0.202111181127/tools/bin/../lib/gcc/arm-none-eabi/10.3.1/thumb/v7e-m/nofp/crtbegin.o
 *(.init)
 .init          0x000000000800bd30        0x4 c:/st/stm32cubeide_1.1.0/stm32cubeide/plugins/com.st.stm32cube.ide.mcu.externaltools.gnu-tools-for-stm32.10.3-2021.10.win32_1.0.0.202111181127/tools/bin/../lib/gcc/arm-none-eabi/10.3.1/thumb/v7e-m/nofp/crti.o
                0x000000000800bd30                _init
 .init          0x000000000800bd34        0x8 c:/st/stm32cubeide_1.1.0/stm32cubeide/plugins/com.st.stm32cube.ide.mcu.externaltools.gnu-tools-for-stm32.10.3-2021.10.win32_1.0.0.202111181127/tools/bin/../lib/gcc/arm-none-eabi/10.3.1/thumb/v7e-m/nofp/crtn.o
 *(.fini)
 .fini          0x000000000800bd3c        0x4 c:/st/stm32cubeide_1.1.0/stm32cubeide/plugins/com.st.stm32cube.ide.mcu.externaltools.gnu-tools-for-stm32.10.3-2021.10.win32_1.0.0.202111181127/tools/bin/../lib/gcc/arm-none-eabi/10.3.1/thumb/v7e-m/nofp/crti.o
                0x000000000800bd3c                _fini
 .fini          0x000000000800bd40        0x8 c:/st/stm32cubeide_1.1.0/stm32cubeide/plugins/com.st.stm32cube.ide.mcu.externaltools.gnu-tools-for-stm32.10.3-2021.10.win32_1.0.0.202111181127/tools/bin/../lib/gcc/arm-none-eabi/10.3.1/thumb/v7e-m/nofp/crtn.o
                0x000000000800bd48                . = ALIGN (0x4)
                0x000000000800bd48                _etext = .

.vfp11_veneer   0x000000000800bd48        0x0
 .vfp11_veneer  0x000000000800bd48        0x0 linker stubs

.v4_bx          0x000000000800bd48        0x0
 .v4_bx         0x000000000800bd48        0x0 linker stubs

.iplt           0x000000000800bd48        0x0
 .iplt          0x000000000800bd48        0x0 c:/st/stm32cubeide_1.1.0/stm32cubeide/plugins/com.st.stm32cube.ide.mcu.externaltools.gnu-tools-for-stm32.10.3-2021.10.win32_1.0.0.202111181127/tools/bin/../lib/gcc/arm-none-eabi/10.3.1/thumb/v7e-m/nofp/crtbegin.o

.rodata         0x000000000800bd48       0x88
                0x000000000800bd48                . = ALIGN (0x4)
 *(.rodata)
 .rodata        0x000000000800bd48        0x6 ./Rte/Rte.o
 *(.rodata*)
 *fill*         0x000000000800bd4e        0x2 
 .rodata.c_Cdd_Ultrasonic_CfgType_s
                0x000000000800bd50       0x14 ./Bsw/Cdd/Cdd_Ultrasonic/Cdd_Ultrasonic.o
                0x000000000800bd50                c_Cdd_Ultrasonic_CfgType_s
 .rodata.AHBPrescTable
                0x000000000800bd64       0x10 ./Bsw/MCal/Mcu/mcu.o
                0x000000000800bd64                AHBPrescTable
 .rodata.APBPrescTable
                0x000000000800bd74        0x8 ./Bsw/MCal/Mcu/mcu.o
                0x000000000800bd74                APBPrescTable
 .rodata.aPLLMULFactorTable
                0x000000000800bd7c       0x10 ./Bsw/MCal/Mcu/stm32f3xx_hal_rcc.o
                0x000000000800bd7c                aPLLMULFactorTable
 .rodata.aPredivFactorTable
                0x000000000800bd8c       0x10 ./Bsw/MCal/Mcu/stm32f3xx_hal_rcc.o
                0x000000000800bd8c                aPredivFactorTable
 .rodata._svfprintf_r.str1.1
                0x000000000800bd9c       0x11 c:/st/stm32cubeide_1.1.0/stm32cubeide/plugins/com.st.stm32cube.ide.mcu.externaltools.gnu-tools-for-stm32.10.3-2021.10.win32_1.0.0.202111181127/tools/bin/../lib/gcc/arm-none-eabi/10.3.1/../../../../arm-none-eabi/lib/thumb/v7e-m/nofp\libc_nano.a(lib_a-nano-svfprintf.o)
 .rodata._printf_i.str1.1
                0x000000000800bdad       0x22 c:/st/stm32cubeide_1.1.0/stm32cubeide/plugins/com.st.stm32cube.ide.mcu.externaltools.gnu-tools-for-stm32.10.3-2021.10.win32_1.0.0.202111181127/tools/bin/../lib/gcc/arm-none-eabi/10.3.1/../../../../arm-none-eabi/lib/thumb/v7e-m/nofp\libc_nano.a(lib_a-nano-vfprintf_i.o)
                0x000000000800bdd0                . = ALIGN (0x4)
 *fill*         0x000000000800bdcf        0x1 

.rel.dyn        0x000000000800bdd0        0x0
 .rel.iplt      0x000000000800bdd0        0x0 c:/st/stm32cubeide_1.1.0/stm32cubeide/plugins/com.st.stm32cube.ide.mcu.externaltools.gnu-tools-for-stm32.10.3-2021.10.win32_1.0.0.202111181127/tools/bin/../lib/gcc/arm-none-eabi/10.3.1/thumb/v7e-m/nofp/crtbegin.o

.ARM.extab      0x000000000800bdd0        0x0
                0x000000000800bdd0                . = ALIGN (0x4)
 *(.ARM.extab* .gnu.linkonce.armextab.*)
                0x000000000800bdd0                . = ALIGN (0x4)

.ARM            0x000000000800bdd0        0x0
                0x000000000800bdd0                . = ALIGN (0x4)
                0x000000000800bdd0                __exidx_start = .
 *(.ARM.exidx*)
                0x000000000800bdd0                __exidx_end = .
                0x000000000800bdd0                . = ALIGN (0x4)

.preinit_array  0x000000000800bdd0        0x0
                0x000000000800bdd0                . = ALIGN (0x4)
                0x000000000800bdd0                PROVIDE (__preinit_array_start = .)
 *(.preinit_array*)
                0x000000000800bdd0                PROVIDE (__preinit_array_end = .)
                0x000000000800bdd0                . = ALIGN (0x4)

.init_array     0x000000000800bdd0        0x4
                0x000000000800bdd0                . = ALIGN (0x4)
                0x000000000800bdd0                PROVIDE (__init_array_start = .)
 *(SORT_BY_NAME(.init_array.*))
 *(.init_array*)
 .init_array    0x000000000800bdd0        0x4 c:/st/stm32cubeide_1.1.0/stm32cubeide/plugins/com.st.stm32cube.ide.mcu.externaltools.gnu-tools-for-stm32.10.3-2021.10.win32_1.0.0.202111181127/tools/bin/../lib/gcc/arm-none-eabi/10.3.1/thumb/v7e-m/nofp/crtbegin.o
                0x000000000800bdd4                PROVIDE (__init_array_end = .)
                0x000000000800bdd4                . = ALIGN (0x4)

.fini_array     0x000000000800bdd4        0x4
                0x000000000800bdd4                . = ALIGN (0x4)
                [!provide]                        PROVIDE (__fini_array_start = .)
 *(SORT_BY_NAME(.fini_array.*))
 *(.fini_array*)
 .fini_array    0x000000000800bdd4        0x4 c:/st/stm32cubeide_1.1.0/stm32cubeide/plugins/com.st.stm32cube.ide.mcu.externaltools.gnu-tools-for-stm32.10.3-2021.10.win32_1.0.0.202111181127/tools/bin/../lib/gcc/arm-none-eabi/10.3.1/thumb/v7e-m/nofp/crtbegin.o
                [!provide]                        PROVIDE (__fini_array_end = .)
                0x000000000800bdd8                . = ALIGN (0x4)
                0x000000000800bdd8                _sidata = LOADADDR (.data)

.data           0x0000000020000000       0x78 load address 0x000000000800bdd8
                0x0000000020000000                . = ALIGN (0x4)
                0x0000000020000000                _sdata = .
 *(.data)
 *(.data*)
 .data.SystemCoreClock
                0x0000000020000000        0x4 ./Bsw/MCal/Mcu/mcu.o
                0x0000000020000000                SystemCoreClock
 .data.uwTickPrio
                0x0000000020000004        0x4 ./Bsw/MCal/Mcu/stm32f3xx_hal.o
                0x0000000020000004                uwTickPrio
 .data.uwTickFreq
                0x0000000020000008        0x1 ./Bsw/MCal/Mcu/stm32f3xx_hal.o
                0x0000000020000008                uwTickFreq
 *fill*         0x0000000020000009        0x3 
 .data.adc_len  0x000000002000000c        0x4 ./Bsw/Sys/BswM/BswM.o
                0x000000002000000c                adc_len
 .data.crlf     0x0000000020000010        0x1 ./Rte/Rte.o
                0x0000000020000010                crlf
 *fill*         0x0000000020000011        0x3 
 .data._impure_ptr
                0x0000000020000014        0x4 c:/st/stm32cubeide_1.1.0/stm32cubeide/plugins/com.st.stm32cube.ide.mcu.externaltools.gnu-tools-for-stm32.10.3-2021.10.win32_1.0.0.202111181127/tools/bin/../lib/gcc/arm-none-eabi/10.3.1/../../../../arm-none-eabi/lib/thumb/v7e-m/nofp\libc_nano.a(lib_a-impure.o)
                0x0000000020000014                _impure_ptr
 .data.impure_data
                0x0000000020000018       0x60 c:/st/stm32cubeide_1.1.0/stm32cubeide/plugins/com.st.stm32cube.ide.mcu.externaltools.gnu-tools-for-stm32.10.3-2021.10.win32_1.0.0.202111181127/tools/bin/../lib/gcc/arm-none-eabi/10.3.1/../../../../arm-none-eabi/lib/thumb/v7e-m/nofp\libc_nano.a(lib_a-impure.o)
 *(.RamFunc)
 *(.RamFunc*)
                0x0000000020000078                . = ALIGN (0x4)
                0x0000000020000078                _edata = .
                0x000000000800be50                _siccmram = LOADADDR (.ccmram)

.igot.plt       0x0000000020000078        0x0 load address 0x000000000800be50
 .igot.plt      0x0000000020000078        0x0 c:/st/stm32cubeide_1.1.0/stm32cubeide/plugins/com.st.stm32cube.ide.mcu.externaltools.gnu-tools-for-stm32.10.3-2021.10.win32_1.0.0.202111181127/tools/bin/../lib/gcc/arm-none-eabi/10.3.1/thumb/v7e-m/nofp/crtbegin.o

.ccmram         0x0000000010000000        0x0 load address 0x000000000800be50
                0x0000000010000000                . = ALIGN (0x4)
                0x0000000010000000                _sccmram = .
 *(.ccmram)
 *(.ccmram*)
                0x0000000010000000                . = ALIGN (0x4)
                0x0000000010000000                _eccmram = .
                0x0000000010000000                . = ALIGN (0x4)

.bss            0x0000000020000078     0x1574
                0x0000000020000078                _sbss = .
                0x0000000020000078                __bss_start__ = _sbss
 *(.bss)
 .bss           0x0000000020000078       0x1c c:/st/stm32cubeide_1.1.0/stm32cubeide/plugins/com.st.stm32cube.ide.mcu.externaltools.gnu-tools-for-stm32.10.3-2021.10.win32_1.0.0.202111181127/tools/bin/../lib/gcc/arm-none-eabi/10.3.1/thumb/v7e-m/nofp/crtbegin.o
 *(.bss*)
 .bss.g_Access_InitDone_b
                0x0000000020000094        0x1 ./Asw/Access/Access.o
 .bss.g_Brakes_InitDone_b
                0x0000000020000095        0x1 ./Asw/Brakes/Brakes.o
 .bss.g_Brakes_AN0_Voltage_mV_u16
                0x0000000020000096        0x2 ./Asw/Brakes/Brakes.o
 .bss.g_Brakes_Ultrasonic_Distance_cm_f32
                0x0000000020000098        0x4 ./Asw/Brakes/Brakes.o
 .bss.g_Brakes_Autobrakes_Status_b
                0x000000002000009c        0x1 ./Asw/Brakes/Brakes.o
 .bss.g_Brakes_Autobrakes_Disable_Cnt_u8
                0x000000002000009d        0x1 ./Asw/Brakes/Brakes.o
 .bss.g_Brakes_Autobrakes_Enable_Cnt_u8
                0x000000002000009e        0x1 ./Asw/Brakes/Brakes.o
 *fill*         0x000000002000009f        0x1 
 .bss.g_Brakes_NvMBlock_a
                0x00000000200000a0       0x20 ./Asw/Brakes/Brakes.o
 .bss.g_Engine_InitDone_b
                0x00000000200000c0        0x1 ./Asw/Engine/Engine.o
 .bss.g_LED_InitDone_b
                0x00000000200000c1        0x1 ./Asw/LED/LED.o
 .bss.g_LED_ButtonState_b
                0x00000000200000c2        0x1 ./Asw/LED/LED.o
 *fill*         0x00000000200000c3        0x1 
 .bss.g_LED_Pulse_u16
                0x00000000200000c4        0x2 ./Asw/LED/LED.o
 .bss.g_LED_Pulse_Direction_u8
                0x00000000200000c6        0x1 ./Asw/LED/LED.o
 *fill*         0x00000000200000c7        0x1 
 .bss.g_LED_NvMBlock_a
                0x00000000200000c8       0x20 ./Asw/LED/LED.o
 .bss.g_Blinker_InitDone_b
                0x00000000200000e8        0x1 ./Asw/Lights/Blinker/Blinker.o
 .bss.g_FrontLights_InitDone_b
                0x00000000200000e9        0x1 ./Asw/Lights/FrontLights/FrontLights.o
 .bss.g_InteriorLights_InitDone_b
                0x00000000200000ea        0x1 ./Asw/Lights/InteriorLights/InteriorLights.o
 .bss.g_RearLights_InitDone_b
                0x00000000200000eb        0x1 ./Asw/Lights/RearLights/RearLights.o
 .bss.g_Steering_InitDone_b
                0x00000000200000ec        0x1 ./Asw/Steering/Steering.o
 *fill*         0x00000000200000ed        0x3 
 .bss.g_TimerHandler_s
                0x00000000200000f0       0x4c ./Bsw/Cdd/Cdd_Servo/Cdd_Servo.o
                0x00000000200000f0                g_TimerHandler_s
 .bss.g_SERVO_info_s
                0x000000002000013c        0x4 ./Bsw/Cdd/Cdd_Servo/Cdd_Servo.o
 .bss.htim3     0x0000000020000140       0x4c ./Bsw/Cdd/Cdd_Ultrasonic/Cdd_Ultrasonic.o
                0x0000000020000140                htim3
 .bss.g_Cdd_Ultrasonic_Info_s
                0x000000002000018c       0x24 ./Bsw/Cdd/Cdd_Ultrasonic/Cdd_Ultrasonic.o
 .bss.g_Cdd_Ultrasonic_InitDone_b
                0x00000000200001b0        0x1 ./Bsw/Cdd/Cdd_Ultrasonic/Cdd_Ultrasonic.o
 .bss.g_Cdd_Ultrasonic_DriverInitDone_b
                0x00000000200001b1        0x1 ./Bsw/Cdd/Cdd_Ultrasonic/Cdd_Ultrasonic.o
 .bss.g_Cdd_Ultrasonic_TriggerFlag_b
                0x00000000200001b2        0x1 ./Bsw/Cdd/Cdd_Ultrasonic/Cdd_Ultrasonic.o
 .bss.g_Gpt_InitDone_b
                0x00000000200001b3        0x1 ./Bsw/MCal/Gpt/Gpt.o
 .bss.uwTick    0x00000000200001b4        0x4 ./Bsw/MCal/Mcu/stm32f3xx_hal.o
                0x00000000200001b4                uwTick
 .bss.__sbrk_heap_end
                0x00000000200001b8        0x4 ./Bsw/MCal/Mcu/sysmem.o
 .bss.g_Ea_InitDone_b
                0x00000000200001bc        0x1 ./Bsw/Mem/Ea/Ea.o
 .bss.g_NvM_InitDone_b
                0x00000000200001bd        0x1 ./Bsw/Mem/NvM/NvM.o
 .bss.g_NvM_State_e
                0x00000000200001be        0x1 ./Bsw/Mem/NvM/NvM.o
 *fill*         0x00000000200001bf        0x1 
 .bss.hadc1     0x00000000200001c0       0x50 ./Bsw/Sys/BswM/BswM.o
                0x00000000200001c0                hadc1
 .bss.hdma_adc1
                0x0000000020000210       0x44 ./Bsw/Sys/BswM/BswM.o
                0x0000000020000210                hdma_adc1
 .bss.hi2c1     0x0000000020000254       0x7c ./Bsw/Sys/BswM/BswM.o
                0x0000000020000254                hi2c1
 .bss.hdma_i2c1_rx
                0x00000000200002d0       0x44 ./Bsw/Sys/BswM/BswM.o
                0x00000000200002d0                hdma_i2c1_rx
 .bss.hdma_i2c1_tx
                0x0000000020000314       0x44 ./Bsw/Sys/BswM/BswM.o
                0x0000000020000314                hdma_i2c1_tx
 .bss.hspi3     0x0000000020000358       0x8c ./Bsw/Sys/BswM/BswM.o
                0x0000000020000358                hspi3
 .bss.huart1    0x00000000200003e4       0x84 ./Bsw/Sys/BswM/BswM.o
                0x00000000200003e4                huart1
 .bss.huart2    0x0000000020000468       0x84 ./Bsw/Sys/BswM/BswM.o
                0x0000000020000468                huart2
 .bss.adc_val   0x00000000200004ec        0x2 ./Bsw/Sys/BswM/BswM.o
                0x00000000200004ec                adc_val
 .bss.ADC_AN0_Voltage
                0x00000000200004ee        0x2 ./Bsw/Sys/BswM/BswM.o
                0x00000000200004ee                ADC_AN0_Voltage
 .bss.I2cRxCnt  0x00000000200004f0        0x4 ./Bsw/Sys/BswM/BswM.o
                0x00000000200004f0                I2cRxCnt
 .bss.I2cTxCnt  0x00000000200004f4        0x4 ./Bsw/Sys/BswM/BswM.o
                0x00000000200004f4                I2cTxCnt
 .bss.g_Os_TaskBlock_as
                0x00000000200004f8       0x28 ./Bsw/Sys/Os/Os_scheduler.o
                0x00000000200004f8                g_Os_TaskBlock_as
 .bss.g_Os_CurrentTaskBlock_ps
                0x0000000020000520        0x4 ./Bsw/Sys/Os/Os_scheduler.o
                0x0000000020000520                g_Os_CurrentTaskBlock_ps
 .bss.g_Os_TaskStack_aau32
                0x0000000020000524      0xfa0 ./Bsw/Sys/Os/Os_scheduler.o
                0x0000000020000524                g_Os_TaskStack_aau32
 .bss.g_Os_BaseTimerISR_count_u32
                0x00000000200014c4        0x4 ./Bsw/Sys/Os/Os_scheduler.o
 .bss.g_Os_5msTimerISR_count_u32
                0x00000000200014c8        0x4 ./Bsw/Sys/Os/Os_scheduler.o
 .bss.g_Os_10msTimerISR_count_u32
                0x00000000200014cc        0x4 ./Bsw/Sys/Os/Os_scheduler.o
 .bss.g_Os_50msTimerISR_count_u32
                0x00000000200014d0        0x4 ./Bsw/Sys/Os/Os_scheduler.o
 .bss.g_Os_100msTimerISR_count_u32
                0x00000000200014d4        0x4 ./Bsw/Sys/Os/Os_scheduler.o
 .bss.g_Os_500msTimerISR_count_u32
                0x00000000200014d8        0x4 ./Bsw/Sys/Os/Os_scheduler.o
 .bss.Os_Task5ms_0_cnt
                0x00000000200014dc        0x4 ./Bsw/Sys/Os/Os_scheduler.o
 .bss.g_Os_Task5ms_count_u32
                0x00000000200014e0        0x4 ./Bsw/Sys/Os/Os_scheduler.o
 .bss.Os_Task10ms_0_cnt
                0x00000000200014e4        0x4 ./Bsw/Sys/Os/Os_scheduler.o
 .bss.g_Os_Task10ms_count_u32
                0x00000000200014e8        0x4 ./Bsw/Sys/Os/Os_scheduler.o
 .bss.Os_Task50ms_0_cnt
                0x00000000200014ec        0x4 ./Bsw/Sys/Os/Os_scheduler.o
 .bss.g_Os_Task50ms_count_u32
                0x00000000200014f0        0x4 ./Bsw/Sys/Os/Os_scheduler.o
 .bss.Os_Task100ms_0_cnt
                0x00000000200014f4        0x4 ./Bsw/Sys/Os/Os_scheduler.o
 .bss.g_Os_Task100ms_count_u32
                0x00000000200014f8        0x4 ./Bsw/Sys/Os/Os_scheduler.o
 .bss.Os_Task500ms_0_cnt
                0x00000000200014fc        0x4 ./Bsw/Sys/Os/Os_scheduler.o
 .bss.g_Os_Task500ms_count_u32
                0x0000000020001500        0x4 ./Bsw/Sys/Os/Os_scheduler.o
 .bss.g_OS_State_e
                0x0000000020001504        0x1 ./Bsw/Sys/Os/Os_scheduler.o
 .bss.Int_ButtonState
                0x0000000020001505        0x1 ./Rte/Rte.o
 .bss.Rte_ADC_AN0_Voltage
                0x0000000020001506        0x2 ./Rte/Rte.o
 .bss.databuf   0x0000000020001508       0x10 ./Rte/Rte.o
                0x0000000020001508                databuf
 .bss.count     0x0000000020001518        0x2 ./Rte/Rte.o
                0x0000000020001518                count
 *fill*         0x000000002000151a        0x2 
 .bss.Rte_NvM_RAM_Block
                0x000000002000151c       0xc0 ./Rte/Rte.o
                0x000000002000151c                Rte_NvM_RAM_Block
 .bss.__malloc_free_list
                0x00000000200015dc        0x4 c:/st/stm32cubeide_1.1.0/stm32cubeide/plugins/com.st.stm32cube.ide.mcu.externaltools.gnu-tools-for-stm32.10.3-2021.10.win32_1.0.0.202111181127/tools/bin/../lib/gcc/arm-none-eabi/10.3.1/../../../../arm-none-eabi/lib/thumb/v7e-m/nofp\libc_nano.a(lib_a-nano-mallocr.o)
                0x00000000200015dc                __malloc_free_list
 .bss.__malloc_sbrk_start
                0x00000000200015e0        0x4 c:/st/stm32cubeide_1.1.0/stm32cubeide/plugins/com.st.stm32cube.ide.mcu.externaltools.gnu-tools-for-stm32.10.3-2021.10.win32_1.0.0.202111181127/tools/bin/../lib/gcc/arm-none-eabi/10.3.1/../../../../arm-none-eabi/lib/thumb/v7e-m/nofp\libc_nano.a(lib_a-nano-mallocr.o)
                0x00000000200015e0                __malloc_sbrk_start
 .bss.errno     0x00000000200015e4        0x4 c:/st/stm32cubeide_1.1.0/stm32cubeide/plugins/com.st.stm32cube.ide.mcu.externaltools.gnu-tools-for-stm32.10.3-2021.10.win32_1.0.0.202111181127/tools/bin/../lib/gcc/arm-none-eabi/10.3.1/../../../../arm-none-eabi/lib/thumb/v7e-m/nofp\libc_nano.a(lib_a-reent.o)
                0x00000000200015e4                errno
 .bss.__lock___malloc_recursive_mutex
                0x00000000200015e8        0x1 c:/st/stm32cubeide_1.1.0/stm32cubeide/plugins/com.st.stm32cube.ide.mcu.externaltools.gnu-tools-for-stm32.10.3-2021.10.win32_1.0.0.202111181127/tools/bin/../lib/gcc/arm-none-eabi/10.3.1/../../../../arm-none-eabi/lib/thumb/v7e-m/nofp\libc_nano.a(lib_a-lock.o)
                0x00000000200015e8                __lock___malloc_recursive_mutex
 *(COMMON)
                0x00000000200015ec                . = ALIGN (0x4)
 *fill*         0x00000000200015e9        0x3 
                0x00000000200015ec                _ebss = .
                0x00000000200015ec                __bss_end__ = _ebss

._user_heap_stack
                0x00000000200015ec      0x604
                0x00000000200015f0                . = ALIGN (0x8)
 *fill*         0x00000000200015ec        0x4 
                [!provide]                        PROVIDE (end = .)
                0x00000000200015f0                PROVIDE (_end = .)
                0x00000000200017f0                . = (. + _Min_Heap_Size)
 *fill*         0x00000000200015f0      0x200 
                0x0000000020001bf0                . = (. + _Min_Stack_Size)
 *fill*         0x00000000200017f0      0x400 
                0x0000000020001bf0                . = ALIGN (0x8)

/DISCARD/
 libc.a(*)
 libm.a(*)
 libgcc.a(*)

.ARM.attributes
                0x0000000000000000       0x2a
 *(.ARM.attributes)
 .ARM.attributes
                0x0000000000000000       0x1e c:/st/stm32cubeide_1.1.0/stm32cubeide/plugins/com.st.stm32cube.ide.mcu.externaltools.gnu-tools-for-stm32.10.3-2021.10.win32_1.0.0.202111181127/tools/bin/../lib/gcc/arm-none-eabi/10.3.1/thumb/v7e-m/nofp/crti.o
 .ARM.attributes
                0x000000000000001e       0x2e c:/st/stm32cubeide_1.1.0/stm32cubeide/plugins/com.st.stm32cube.ide.mcu.externaltools.gnu-tools-for-stm32.10.3-2021.10.win32_1.0.0.202111181127/tools/bin/../lib/gcc/arm-none-eabi/10.3.1/thumb/v7e-m/nofp/crtbegin.o
 .ARM.attributes
                0x000000000000004c       0x2e ./Asw/Access/Access.o
 .ARM.attributes
                0x000000000000007a       0x2e ./Asw/Brakes/Brakes.o
 .ARM.attributes
                0x00000000000000a8       0x2e ./Asw/Engine/Engine.o
 .ARM.attributes
                0x00000000000000d6       0x2e ./Asw/LED/LED.o
 .ARM.attributes
                0x0000000000000104       0x2e ./Asw/Lights/Blinker/Blinker.o
 .ARM.attributes
                0x0000000000000132       0x2e ./Asw/Lights/FrontLights/FrontLights.o
 .ARM.attributes
                0x0000000000000160       0x2e ./Asw/Lights/InteriorLights/InteriorLights.o
 .ARM.attributes
                0x000000000000018e       0x2e ./Asw/Lights/RearLights/RearLights.o
 .ARM.attributes
                0x00000000000001bc       0x2e ./Asw/Steering/Steering.o
 .ARM.attributes
                0x00000000000001ea       0x2e ./Bsw/Cdd/Cdd_Servo/Cdd_Servo.o
 .ARM.attributes
                0x0000000000000218       0x2e ./Bsw/Cdd/Cdd_Ultrasonic/Cdd_Ultrasonic.o
 .ARM.attributes
                0x0000000000000246       0x2e ./Bsw/MCal/Adc/stm32f3xx_hal_adc.o
 .ARM.attributes
                0x0000000000000274       0x2e ./Bsw/MCal/Adc/stm32f3xx_hal_adc_ex.o
 .ARM.attributes
                0x00000000000002a2       0x2e ./Bsw/MCal/Dio/stm32f3xx_hal_gpio.o
 .ARM.attributes
                0x00000000000002d0       0x2e ./Bsw/MCal/Dma/stm32f3xx_hal_dma.o
 .ARM.attributes
                0x00000000000002fe       0x2e ./Bsw/MCal/Gpt/Gpt.o
 .ARM.attributes
                0x000000000000032c       0x2e ./Bsw/MCal/Gpt/stm32f3xx_hal_tim.o
 .ARM.attributes
                0x000000000000035a       0x2e ./Bsw/MCal/Gpt/stm32f3xx_hal_tim_ex.o
 .ARM.attributes
                0x0000000000000388       0x2e ./Bsw/MCal/I2c/stm32f3xx_hal_i2c.o
 .ARM.attributes
                0x00000000000003b6       0x2e ./Bsw/MCal/I2c/stm32f3xx_hal_i2c_ex.o
 .ARM.attributes
                0x00000000000003e4       0x2e ./Bsw/MCal/Int/Int.o
 .ARM.attributes
                0x0000000000000412       0x2e ./Bsw/MCal/Mcu/mcu.o
 .ARM.attributes
                0x0000000000000440       0x2e ./Bsw/MCal/Mcu/stm32f3xx_hal.o
 .ARM.attributes
                0x000000000000046e       0x2e ./Bsw/MCal/Mcu/stm32f3xx_hal_cortex.o
 .ARM.attributes
                0x000000000000049c       0x2e ./Bsw/MCal/Mcu/stm32f3xx_hal_msp.o
 .ARM.attributes
                0x00000000000004ca       0x2e ./Bsw/MCal/Mcu/stm32f3xx_hal_rcc.o
 .ARM.attributes
                0x00000000000004f8       0x2e ./Bsw/MCal/Mcu/stm32f3xx_hal_rcc_ex.o
 .ARM.attributes
                0x0000000000000526       0x2e ./Bsw/MCal/Mcu/stm32f3xx_it.o
 .ARM.attributes
                0x0000000000000554       0x2e ./Bsw/MCal/Mcu/sysmem.o
 .ARM.attributes
                0x0000000000000582       0x2e ./Bsw/MCal/Spi/stm32f3xx_hal_spi.o
 .ARM.attributes
                0x00000000000005b0       0x2e ./Bsw/MCal/Uart/stm32f3xx_hal_uart.o
 .ARM.attributes
                0x00000000000005de       0x2e ./Bsw/MCal/Uart/stm32f3xx_hal_uart_ex.o
 .ARM.attributes
                0x000000000000060c       0x2e ./Bsw/Mem/Ea/Ea.o
 .ARM.attributes
                0x000000000000063a       0x2e ./Bsw/Mem/NvM/NvM.o
 .ARM.attributes
                0x0000000000000668       0x2e ./Bsw/Sys/BswM/BswM.o
 .ARM.attributes
                0x0000000000000696       0x2e ./Bsw/Sys/EcuM/EcuM.o
 .ARM.attributes
                0x00000000000006c4       0x2e ./Bsw/Sys/Os/Os.o
 .ARM.attributes
                0x00000000000006f2       0x2e ./Bsw/Sys/Os/Os_scheduler.o
 .ARM.attributes
                0x0000000000000720       0x2e ./Bsw/Sys/Os/Os_task.o
 .ARM.attributes
                0x000000000000074e       0x2e ./Bsw/Sys/Tm/Tm.o
 .ARM.attributes
                0x000000000000077c       0x21 ./Config/startup_stm32f303retx.o
 .ARM.attributes
                0x000000000000079d       0x2e ./Rte/Rte.o
 .ARM.attributes
                0x00000000000007cb       0x2e c:/st/stm32cubeide_1.1.0/stm32cubeide/plugins/com.st.stm32cube.ide.mcu.externaltools.gnu-tools-for-stm32.10.3-2021.10.win32_1.0.0.202111181127/tools/bin/../lib/gcc/arm-none-eabi/10.3.1/../../../../arm-none-eabi/lib/thumb/v7e-m/nofp\libc_nano.a(lib_a-errno.o)
 .ARM.attributes
                0x00000000000007f9       0x2e c:/st/stm32cubeide_1.1.0/stm32cubeide/plugins/com.st.stm32cube.ide.mcu.externaltools.gnu-tools-for-stm32.10.3-2021.10.win32_1.0.0.202111181127/tools/bin/../lib/gcc/arm-none-eabi/10.3.1/../../../../arm-none-eabi/lib/thumb/v7e-m/nofp\libc_nano.a(lib_a-impure.o)
 .ARM.attributes
                0x0000000000000827       0x2e c:/st/stm32cubeide_1.1.0/stm32cubeide/plugins/com.st.stm32cube.ide.mcu.externaltools.gnu-tools-for-stm32.10.3-2021.10.win32_1.0.0.202111181127/tools/bin/../lib/gcc/arm-none-eabi/10.3.1/../../../../arm-none-eabi/lib/thumb/v7e-m/nofp\libc_nano.a(lib_a-init.o)
 .ARM.attributes
                0x0000000000000855       0x2e c:/st/stm32cubeide_1.1.0/stm32cubeide/plugins/com.st.stm32cube.ide.mcu.externaltools.gnu-tools-for-stm32.10.3-2021.10.win32_1.0.0.202111181127/tools/bin/../lib/gcc/arm-none-eabi/10.3.1/../../../../arm-none-eabi/lib/thumb/v7e-m/nofp\libc_nano.a(lib_a-memset.o)
 .ARM.attributes
                0x0000000000000883       0x2e c:/st/stm32cubeide_1.1.0/stm32cubeide/plugins/com.st.stm32cube.ide.mcu.externaltools.gnu-tools-for-stm32.10.3-2021.10.win32_1.0.0.202111181127/tools/bin/../lib/gcc/arm-none-eabi/10.3.1/../../../../arm-none-eabi/lib/thumb/v7e-m/nofp\libc_nano.a(lib_a-sprintf.o)
 .ARM.attributes
                0x00000000000008b1       0x17 c:/st/stm32cubeide_1.1.0/stm32cubeide/plugins/com.st.stm32cube.ide.mcu.externaltools.gnu-tools-for-stm32.10.3-2021.10.win32_1.0.0.202111181127/tools/bin/../lib/gcc/arm-none-eabi/10.3.1/../../../../arm-none-eabi/lib/thumb/v7e-m/nofp\libc_nano.a(lib_a-strlen.o)
 .ARM.attributes
                0x00000000000008c8       0x2e c:/st/stm32cubeide_1.1.0/stm32cubeide/plugins/com.st.stm32cube.ide.mcu.externaltools.gnu-tools-for-stm32.10.3-2021.10.win32_1.0.0.202111181127/tools/bin/../lib/gcc/arm-none-eabi/10.3.1/../../../../arm-none-eabi/lib/thumb/v7e-m/nofp\libc_nano.a(lib_a-nano-svfprintf.o)
 .ARM.attributes
                0x00000000000008f6       0x2e c:/st/stm32cubeide_1.1.0/stm32cubeide/plugins/com.st.stm32cube.ide.mcu.externaltools.gnu-tools-for-stm32.10.3-2021.10.win32_1.0.0.202111181127/tools/bin/../lib/gcc/arm-none-eabi/10.3.1/../../../../arm-none-eabi/lib/thumb/v7e-m/nofp\libc_nano.a(lib_a-nano-vfprintf_i.o)
 .ARM.attributes