../Bsw/Cdd/Cdd_Ultrasonic/Cdd_Ultrasonic.c:57:13:Cdd_Ultrasonic_Trigger	8	static
../Bsw/Cdd/Cdd_Ultrasonic/Cdd_Ultrasonic.c:67:13:Cdd_Ultrasonic_ISR_CaptureCallback	32	static
../Bsw/Cdd/Cdd_Ultrasonic/Cdd_Ultrasonic.c:107:13:Cdd_Ultrasonic_ISR_PeriodElapsedCallback	16	static
../Bsw/Cdd/Cdd_Ultrasonic/Cdd_Ultrasonic.c:120:6:Cdd_Ultrasonic_Init	8	static
../Bsw/Cdd/Cdd_Ultrasonic/Cdd_Ultrasonic.c:136:6:Cdd_Ultrasonic_Driver_Init	96	static
../Bsw/Cdd/Cdd_Ultrasonic/Cdd_Ultrasonic.c:225:6:Cdd_Ultrasonic_MainFunction	8	static
../Bsw/Cdd/Cdd_Ultrasonic/Cdd_Ultrasonic.c:249:9:Cdd_Ultrasonic_ReadDistance	16	static
../Bsw/Cdd/Cdd_Ultrasonic/Cdd_Ultrasonic.c:261:6:HAL_TIM_IC_CaptureCallback	16	static
../Bsw/Cdd/Cdd_Ultrasonic/Cdd_Ultrasonic.c:271:6:HAL_TIM_PeriodElapsedCallback	16	static
