../Bsw/Sys/BswM/BswM.c:38:6:BswM_Init	8	static
../Bsw/Sys/BswM/BswM.c:59:6:BswM_MainFunction	8	static
../Bsw/Sys/BswM/BswM.c:66:6:HAL_ADC_ConvCpltCallback	16	static
../Bsw/Sys/BswM/BswM.c:75:6:HAL_I2C_MemTxCpltCallback	16	static
../Bsw/Sys/BswM/BswM.c:80:6:HAL_I2C_MemRxCpltCallback	16	static
../Bsw/Sys/BswM/BswM.c:85:6:HAL_I2C_ErrorCallback	16	static
../Bsw/Sys/BswM/BswM.c:101:13:SystemClock_Config	160	static
../Bsw/Sys/BswM/BswM.c:150:13:MX_DMA_Init	16	static
../Bsw/Sys/BswM/BswM.c:172:13:MX_ADC1_Init	48	static
../Bsw/Sys/BswM/BswM.c:239:13:MX_I2C1_Init	8	static
../Bsw/Sys/BswM/BswM.c:285:13:MX_SPI3_Init	8	static
../Bsw/Sys/BswM/BswM.c:325:13:MX_USART1_UART_Init	8	static
../Bsw/Sys/BswM/BswM.c:360:13:MX_USART2_UART_Init	8	static
../Bsw/Sys/BswM/BswM.c:395:13:MX_GPIO_Init	40	static
../Bsw/Sys/BswM/BswM.c:452:13:Error_Handler	4	static,ignoring_inline_asm
