../Bsw/Sys/BswM/BswM.c:36:6:BswM_Init	8	static
../Bsw/Sys/BswM/BswM.c:54:6:BswM_MainFunction	8	static
../Bsw/Sys/BswM/BswM.c:61:6:HAL_ADC_ConvCpltCallback	16	static
../Bsw/Sys/BswM/BswM.c:70:6:HAL_I2C_MemTxCpltCallback	16	static
../Bsw/Sys/BswM/BswM.c:75:6:HAL_I2C_MemRxCpltCallback	16	static
../Bsw/Sys/BswM/BswM.c:80:6:HAL_I2C_ErrorCallback	16	static
../Bsw/Sys/BswM/BswM.c:96:13:SystemClock_Config	160	static
../Bsw/Sys/BswM/BswM.c:145:13:MX_DMA_Init	16	static
../Bsw/Sys/BswM/BswM.c:167:13:MX_ADC1_Init	48	static
../Bsw/Sys/BswM/BswM.c:234:13:MX_I2C1_Init	8	static
../Bsw/Sys/BswM/BswM.c:280:13:MX_SPI3_Init	8	static
../Bsw/Sys/BswM/BswM.c:320:13:MX_USART1_UART_Init	8	static
../Bsw/Sys/BswM/BswM.c:355:13:MX_USART2_UART_Init	8	static
../Bsw/Sys/BswM/BswM.c:390:13:MX_GPIO_Init	40	static
../Bsw/Sys/BswM/BswM.c:426:13:Error_Handler	4	static,ignoring_inline_asm
