15:11:25 **** Incremental Build of configuration Debug for project avProj ****
make all 
arm-none-eabi-gcc "../Asw/Brakes/Brakes.c" -mcpu=cortex-m4 -std=gnu11 -g3 -DSTM32F303xE -DDEBUG -DUSE_HAL_DRIVERS -c -I"C:/CristianTirziu/Internship/Project-repository/Project/avProj/Bsw/MCal/Mcu" -I"C:/CristianTirziu/Internship/Project-repository/Project/avProj/Bsw/MCal/Adc" -I"C:/CristianTirziu/Internship/Project-repository/Project/avProj/Bsw/MCal/Fls" -I"C:/CristianTirziu/Internship/Project-repository/Project/avProj/Bsw/MCal/I2c" -I"C:/CristianTirziu/Internship/Project-repository/Project/avProj/Bsw/MCal/Pwr" -I"C:/CristianTirziu/Internship/Project-repository/Project/avProj/Bsw/MCal/Spi" -I"C:/CristianTirziu/Internship/Project-repository/Project/avProj/Bsw/MCal/Uart" -I"C:/CristianTirziu/Internship/Project-repository/Project/avProj/Bsw/MCal/Dio" -I"C:/CristianTirziu/Internship/Project-repository/Project/avProj/Bsw/MCal/Dma" -I"C:/CristianTirziu/Internship/Project-repository/Project/avProj/Bsw/MCal/Gpt" -I"C:/CristianTirziu/Internship/Project-repository/Project/avProj/Bsw/Sys/EcuM" -I"C:/CristianTirziu/Internship/Project-repository/Project/avProj/Bsw/Sys/BswM" -I"C:/CristianTirziu/Internship/Project-repository/Project/avProj/Config" -I"C:/CristianTirziu/Internship/Project-repository/Project/avProj/Bsw/MCal/Int" -I"C:/CristianTirziu/Internship/Project-repository/Project/avProj/Rte" -I"C:/CristianTirziu/Internship/Project-repository/Project/avProj/Bsw/Sys/Tm" -I"C:/CristianTirziu/Internship/Project-repository/Project/avProj/Bsw/Sys/Os" -I"C:/CristianTirziu/Internship/Project-repository/Project/avProj/Bsw/Mem/NvM" -I"C:/CristianTirziu/Internship/Project-repository/Project/avProj/Bsw/Mem/Ea" -I"C:/CristianTirziu/Internship/Project-repository/Project/avProj/Bsw/Cdd/Cdd_Servo" -I"C:/CristianTirziu/Internship/Project-repository/Project/avProj/Bsw/Cdd/Cdd_Ultrasonic" -I"C:/CristianTirziu/Internship/Project-repository/Project/avProj/Asw/LED" -I"C:/CristianTirziu/Internship/Project-repository/Project/avProj/Asw/Access" -I"C:/CristianTirziu/Internship/Project-repository/Project/avProj/Asw/Engine" -I"C:/CristianTirziu/Internship/Project-repository/Project/avProj/Asw/Steering" -I"C:/CristianTirziu/Internship/Project-repository/Project/avProj/Asw/Brakes" -I"C:/CristianTirziu/Internship/Project-repository/Project/avProj/Asw/Lights/Blinker" -I"C:/CristianTirziu/Internship/Project-repository/Project/avProj/Asw/Lights/FrontLights" -I"C:/CristianTirziu/Internship/Project-repository/Project/avProj/Asw/Lights/RearLights" -I"C:/CristianTirziu/Internship/Project-repository/Project/avProj/Asw/Lights/InteriorLights" -O0 -ffunction-sections -fdata-sections -Wall -fstack-usage -fcyclomatic-complexity -MMD -MP -MF"Asw/Brakes/Brakes.d" -MT"Asw/Brakes/Brakes.o" --specs=nano.specs -mfloat-abi=soft -mthumb -o "Asw/Brakes/Brakes.o"
arm-none-eabi-gcc -o "avProj.elf" @"objects.list"   -mcpu=cortex-m4 -T"C:\CristianTirziu\Internship\Project-repository\Project\avProj\Config\STM32F303RETX_FLASH.ld" --specs=nosys.specs -Wl,-Map="avProj.map" -Wl,--gc-sections -static --specs=nano.specs -mfloat-abi=soft -mthumb -Wl,--start-group -lc -lm -Wl,--end-group
Finished building target: avProj.elf
 
arm-none-eabi-size   avProj.elf 
   text	   data	    bss	    dec	    hex	filename
  50532	    112	   7520	  58164	   e334	avProj.elf
Finished building: default.size.stdout
 
arm-none-eabi-objdump -h -S  avProj.elf  > "avProj.list"
Finished building: avProj.list
 

15:11:28 Build Finished. 0 errors, 0 warnings. (took 2s.550ms)

