15:20:01 **** Incremental Build of configuration Debug for project avProj ****
make all 
arm-none-eabi-gcc "../Bsw/Sys/BswM/BswM.c" -mcpu=cortex-m4 -std=gnu11 -g3 -DSTM32F303xE -DDEBUG -DUSE_HAL_DRIVERS -c -I"C:/CristianTirziu/Internship/Project-repository/Project/avProj/Bsw/MCal/Mcu" -I"C:/CristianTirziu/Internship/Project-repository/Project/avProj/Bsw/MCal/Adc" -I"C:/CristianTirziu/Internship/Project-repository/Project/avProj/Bsw/MCal/Fls" -I"C:/CristianTirziu/Internship/Project-repository/Project/avProj/Bsw/MCal/I2c" -I"C:/CristianTirziu/Internship/Project-repository/Project/avProj/Bsw/MCal/Pwr" -I"C:/CristianTirziu/Internship/Project-repository/Project/avProj/Bsw/MCal/Spi" -I"C:/CristianTirziu/Internship/Project-repository/Project/avProj/Bsw/MCal/Uart" -I"C:/CristianTirziu/Internship/Project-repository/Project/avProj/Bsw/MCal/Dio" -I"C:/CristianTirziu/Internship/Project-repository/Project/avProj/Bsw/MCal/Dma" -I"C:/CristianTirziu/Internship/Project-repository/Project/avProj/Bsw/MCal/Gpt" -I"C:/CristianTirziu/Internship/Project-repository/Project/avProj/Bsw/Sys/EcuM" -I"C:/CristianTirziu/Internship/Project-repository/Project/avProj/Bsw/Sys/BswM" -I"C:/CristianTirziu/Internship/Project-repository/Project/avProj/Config" -I"C:/CristianTirziu/Internship/Project-repository/Project/avProj/Bsw/MCal/Int" -I"C:/CristianTirziu/Internship/Project-repository/Project/avProj/Rte" -I"C:/CristianTirziu/Internship/Project-repository/Project/avProj/Bsw/Sys/Tm" -I"C:/CristianTirziu/Internship/Project-repository/Project/avProj/Bsw/Sys/Os" -I"C:/CristianTirziu/Internship/Project-repository/Project/avProj/Bsw/Mem/NvM" -I"C:/CristianTirziu/Internship/Project-repository/Project/avProj/Bsw/Mem/Ea" -I"C:/CristianTirziu/Internship/Project-repository/Project/avProj/Bsw/Cdd/Cdd_Servo" -I"C:/CristianTirziu/Internship/Project-repository/Project/avProj/Bsw/Cdd/Cdd_Ultrasonic" -I"C:/CristianTirziu/Internship/Project-repository/Project/avProj/Bsw/Cdd/Cdd_DCMotor" -I"C:/CristianTirziu/Internship/Project-repository/Project/avProj/Asw/LED" -I"C:/CristianTirziu/Internship/Project-repository/Project/avProj/Asw/Access" -I"C:/CristianTirziu/Internship/Project-repository/Project/avProj/Asw/Engine" -I"C:/CristianTirziu/Internship/Project-repository/Project/avProj/Asw/Steering" -I"C:/CristianTirziu/Internship/Project-repository/Project/avProj/Asw/Brakes" -I"C:/CristianTirziu/Internship/Project-repository/Project/avProj/Asw/Lights/Blinker" -I"C:/CristianTirziu/Internship/Project-repository/Project/avProj/Asw/Lights/FrontLights" -I"C:/CristianTirziu/Internship/Project-repository/Project/avProj/Asw/Lights/RearLights" -I"C:/CristianTirziu/Internship/Project-repository/Project/avProj/Asw/Lights/InteriorLights" -O0 -ffunction-sections -fdata-sections -Wall -fstack-usage -fcyclomatic-complexity -MMD -MP -MF"Bsw/Sys/BswM/BswM.d" -MT"Bsw/Sys/BswM/BswM.o" --specs=nano.specs -mfloat-abi=soft -mthumb -o "Bsw/Sys/BswM/BswM.o"
arm-none-eabi-gcc "../Bsw/MCal/Mcu/stm32f3xx_hal_msp.c" -mcpu=cortex-m4 -std=gnu11 -g3 -DSTM32F303xE -DDEBUG -DUSE_HAL_DRIVERS -c -I"C:/CristianTirziu/Internship/Project-repository/Project/avProj/Bsw/MCal/Mcu" -I"C:/CristianTirziu/Internship/Project-repository/Project/avProj/Bsw/MCal/Adc" -I"C:/CristianTirziu/Internship/Project-repository/Project/avProj/Bsw/MCal/Fls" -I"C:/CristianTirziu/Internship/Project-repository/Project/avProj/Bsw/MCal/I2c" -I"C:/CristianTirziu/Internship/Project-repository/Project/avProj/Bsw/MCal/Pwr" -I"C:/CristianTirziu/Internship/Project-repository/Project/avProj/Bsw/MCal/Spi" -I"C:/CristianTirziu/Internship/Project-repository/Project/avProj/Bsw/MCal/Uart" -I"C:/CristianTirziu/Internship/Project-repository/Project/avProj/Bsw/MCal/Dio" -I"C:/CristianTirziu/Internship/Project-repository/Project/avProj/Bsw/MCal/Dma" -I"C:/CristianTirziu/Internship/Project-repository/Project/avProj/Bsw/MCal/Gpt" -I"C:/CristianTirziu/Internship/Project-repository/Project/avProj/Bsw/Sys/EcuM" -I"C:/CristianTirziu/Internship/Project-repository/Project/avProj/Bsw/Sys/BswM" -I"C:/CristianTirziu/Internship/Project-repository/Project/avProj/Config" -I"C:/CristianTirziu/Internship/Project-repository/Project/avProj/Bsw/MCal/Int" -I"C:/CristianTirziu/Internship/Project-repository/Project/avProj/Rte" -I"C:/CristianTirziu/Internship/Project-repository/Project/avProj/Bsw/Sys/Tm" -I"C:/CristianTirziu/Internship/Project-repository/Project/avProj/Bsw/Sys/Os" -I"C:/CristianTirziu/Internship/Project-repository/Project/avProj/Bsw/Mem/NvM" -I"C:/CristianTirziu/Internship/Project-repository/Project/avProj/Bsw/Mem/Ea" -I"C:/CristianTirziu/Internship/Project-repository/Project/avProj/Bsw/Cdd/Cdd_Servo" -I"C:/CristianTirziu/Internship/Project-repository/Project/avProj/Bsw/Cdd/Cdd_Ultrasonic" -I"C:/CristianTirziu/Internship/Project-repository/Project/avProj/Bsw/Cdd/Cdd_DCMotor" -I"C:/CristianTirziu/Internship/Project-repository/Project/avProj/Asw/LED" -I"C:/CristianTirziu/Internship/Project-repository/Project/avProj/Asw/Access" -I"C:/CristianTirziu/Internship/Project-repository/Project/avProj/Asw/Engine" -I"C:/CristianTirziu/Internship/Project-repository/Project/avProj/Asw/Steering" -I"C:/CristianTirziu/Internship/Project-repository/Project/avProj/Asw/Brakes" -I"C:/CristianTirziu/Internship/Project-repository/Project/avProj/Asw/Lights/Blinker" -I"C:/CristianTirziu/Internship/Project-repository/Project/avProj/Asw/Lights/FrontLights" -I"C:/CristianTirziu/Internship/Project-repository/Project/avProj/Asw/Lights/RearLights" -I"C:/CristianTirziu/Internship/Project-repository/Project/avProj/Asw/Lights/InteriorLights" -O0 -ffunction-sections -fdata-sections -Wall -fstack-usage -fcyclomatic-complexity -MMD -MP -MF"Bsw/MCal/Mcu/stm32f3xx_hal_msp.d" -MT"Bsw/MCal/Mcu/stm32f3xx_hal_msp.o" --specs=nano.specs -mfloat-abi=soft -mthumb -o "Bsw/MCal/Mcu/stm32f3xx_hal_msp.o"
arm-none-eabi-gcc "../Bsw/MCal/Mcu/stm32f3xx_it.c" -mcpu=cortex-m4 -std=gnu11 -g3 -DSTM32F303xE -DDEBUG -DUSE_HAL_DRIVERS -c -I"C:/CristianTirziu/Internship/Project-repository/Project/avProj/Bsw/MCal/Mcu" -I"C:/CristianTirziu/Internship/Project-repository/Project/avProj/Bsw/MCal/Adc" -I"C:/CristianTirziu/Internship/Project-repository/Project/avProj/Bsw/MCal/Fls" -I"C:/CristianTirziu/Internship/Project-repository/Project/avProj/Bsw/MCal/I2c" -I"C:/CristianTirziu/Internship/Project-repository/Project/avProj/Bsw/MCal/Pwr" -I"C:/CristianTirziu/Internship/Project-repository/Project/avProj/Bsw/MCal/Spi" -I"C:/CristianTirziu/Internship/Project-repository/Project/avProj/Bsw/MCal/Uart" -I"C:/CristianTirziu/Internship/Project-repository/Project/avProj/Bsw/MCal/Dio" -I"C:/CristianTirziu/Internship/Project-repository/Project/avProj/Bsw/MCal/Dma" -I"C:/CristianTirziu/Internship/Project-repository/Project/avProj/Bsw/MCal/Gpt" -I"C:/CristianTirziu/Internship/Project-repository/Project/avProj/Bsw/Sys/EcuM" -I"C:/CristianTirziu/Internship/Project-repository/Project/avProj/Bsw/Sys/BswM" -I"C:/CristianTirziu/Internship/Project-repository/Project/avProj/Config" -I"C:/CristianTirziu/Internship/Project-repository/Project/avProj/Bsw/MCal/Int" -I"C:/CristianTirziu/Internship/Project-repository/Project/avProj/Rte" -I"C:/CristianTirziu/Internship/Project-repository/Project/avProj/Bsw/Sys/Tm" -I"C:/CristianTirziu/Internship/Project-repository/Project/avProj/Bsw/Sys/Os" -I"C:/CristianTirziu/Internship/Project-repository/Project/avProj/Bsw/Mem/NvM" -I"C:/CristianTirziu/Internship/Project-repository/Project/avProj/Bsw/Mem/Ea" -I"C:/CristianTirziu/Internship/Project-repository/Project/avProj/Bsw/Cdd/Cdd_Servo" -I"C:/CristianTirziu/Internship/Project-repository/Project/avProj/Bsw/Cdd/Cdd_Ultrasonic" -I"C:/CristianTirziu/Internship/Project-repository/Project/avProj/Bsw/Cdd/Cdd_DCMotor" -I"C:/CristianTirziu/Internship/Project-repository/Project/avProj/Asw/LED" -I"C:/CristianTirziu/Internship/Project-repository/Project/avProj/Asw/Access" -I"C:/CristianTirziu/Internship/Project-repository/Project/avProj/Asw/Engine" -I"C:/CristianTirziu/Internship/Project-repository/Project/avProj/Asw/Steering" -I"C:/CristianTirziu/Internship/Project-repository/Project/avProj/Asw/Brakes" -I"C:/CristianTirziu/Internship/Project-repository/Project/avProj/Asw/Lights/Blinker" -I"C:/CristianTirziu/Internship/Project-repository/Project/avProj/Asw/Lights/FrontLights" -I"C:/CristianTirziu/Internship/Project-repository/Project/avProj/Asw/Lights/RearLights" -I"C:/CristianTirziu/Internship/Project-repository/Project/avProj/Asw/Lights/InteriorLights" -O0 -ffunction-sections -fdata-sections -Wall -fstack-usage -fcyclomatic-complexity -MMD -MP -MF"Bsw/MCal/Mcu/stm32f3xx_it.d" -MT"Bsw/MCal/Mcu/stm32f3xx_it.o" --specs=nano.specs -mfloat-abi=soft -mthumb -o "Bsw/MCal/Mcu/stm32f3xx_it.o"
arm-none-eabi-gcc -o "avProj.elf" @"objects.list"   -mcpu=cortex-m4 -T"C:\CristianTirziu\Internship\Project-repository\Project\avProj\Config\STM32F303RETX_FLASH.ld" --specs=nosys.specs -Wl,-Map="avProj.map" -Wl,--gc-sections -static --specs=nano.specs -mfloat-abi=soft -mthumb -Wl,--start-group -lc -lm -Wl,--end-group
Finished building target: avProj.elf
 
arm-none-eabi-size   avProj.elf 
   text	   data	    bss	    dec	    hex	filename
  51404	     28	   7204	  58636	   e50c	avProj.elf
Finished building: default.size.stdout
 
arm-none-eabi-objdump -h -S  avProj.elf  > "avProj.list"
Finished building: avProj.list
 

15:20:05 Build Finished. 0 errors, 0 warnings. (took 3s.948ms)

