../Core/Src/main.c:80:5:main	8	static
../Core/Src/main.c:134:6:SystemClock_Config	160	static
../Core/Src/main.c:187:13:MX_ADC1_Init	48	static
../Core/Src/main.c:253:13:MX_I2C1_Init	8	static
../Core/Src/main.c:301:13:MX_SPI3_Init	8	static
../Core/Src/main.c:341:13:MX_TIM3_Init	40	static
../Core/Src/main.c:386:13:MX_USART1_UART_Init	8	static
../Core/Src/main.c:421:13:MX_USART2_UART_Init	8	static
../Core/Src/main.c:456:13:MX_GPIO_Init	40	static
../Core/Src/main.c:488:6:HAL_GPIO_EXTI_Callback	16	static
../Core/Src/main.c:503:6:HAL_TIM_PeriodElapsedCallback	16	static
../Core/Src/main.c:513:6:Error_Handler	4	static,ignoring_inline_asm
