../Bsw/Cdd/Cdd_Servo/Cdd_Servo.c:33:6:Cdd_Servo_Driver_Init	136	static
../Bsw/Cdd/Cdd_Servo/Cdd_Servo.c:122:6:Cdd_Servo_Init	8	static
../Bsw/Cdd/Cdd_Servo/Cdd_Servo.c:130:6:Cdd_Servo_MoveTo	32	static
../Bsw/Cdd/Cdd_Servo/Cdd_Servo.c:141:6:Cdd_Servo_RawMove	16	static
../Bsw/Cdd/Cdd_Servo/Cdd_Servo.c:150:8:Cdd_Servo_Get_MaxPulse	4	static
../Bsw/Cdd/Cdd_Servo/Cdd_Servo.c:157:8:Cdd_Servo_Get_MinPulse	4	static
../Bsw/Cdd/Cdd_Servo/Cdd_Servo.c:164:6:Cdd_Servo_Sweep	16	static
../Bsw/Cdd/Cdd_Servo/Cdd_Servo.c:180:6:Cdd_Servo_MainFunction	4	static
