../Bsw/Sys/Os/Os_scheduler.c:158:6:SysTick_Handler	8	static
../Bsw/Sys/Os/Os_scheduler.c:224:29:PendSV_Handler	0	static,ignoring_inline_asm
../Bsw/Sys/Os/Os_scheduler.c:279:6:Os_Scheduler_Init	4	static,ignoring_inline_asm
../Bsw/Sys/Os/Os_scheduler.c:319:29:Os_Scheduler_Start	0	static,ignoring_inline_asm
../Bsw/Sys/Os/Os_scheduler.c:356:19:Os_Scheduler_TaskMaster_0	8	static
../Bsw/Sys/Os/Os_scheduler.c:412:19:Os_Scheduler_Task10ms_0	8	static
../Bsw/Sys/Os/Os_scheduler.c:438:19:Os_Scheduler_Task50ms_0	8	static
../Bsw/Sys/Os/Os_scheduler.c:463:19:Os_Scheduler_Task100ms_0	8	static
../Bsw/Sys/Os/Os_scheduler.c:489:19:Os_Scheduler_Task500ms_0	8	static
