../Bsw/Sys/Os/Os_scheduler.c:78:13:Os_TaskMaster_WaitForContextSwitch	4	static
../Bsw/Sys/Os/Os_scheduler.c:88:6:SysTick_Handler	8	static
../Bsw/Sys/Os/Os_scheduler.c:147:29:PendSV_Handler	0	static,ignoring_inline_asm
../Bsw/Sys/Os/Os_scheduler.c:198:6:Os_Scheduler_Init	4	static,ignoring_inline_asm
../Bsw/Sys/Os/Os_scheduler.c:257:29:Os_Scheduler_Start	0	static,ignoring_inline_asm
../Bsw/Sys/Os/Os_scheduler.c:294:22:Os_Task_Master_0	8	static
../Bsw/Sys/Os/Os_scheduler.c:342:22:Task10ms_0	8	static
../Bsw/Sys/Os/Os_scheduler.c:368:22:Task50ms_0	8	static
../Bsw/Sys/Os/Os_scheduler.c:394:22:Task100ms_0	8	static
../Bsw/Sys/Os/Os_scheduler.c:420:22:Task500ms_0	8	static
