../Rte/Rte.c:54:20:Rte_Call_EnterProtectedSection	4	static,ignoring_inline_asm
../Rte/Rte.c:59:20:Rte_Call_LeaveProtectedSection	4	static,ignoring_inline_asm
../Rte/Rte.c:64:6:Rte_Init	8	static
../Rte/Rte.c:71:6:Rte_Task_Master	8	static
../Rte/Rte.c:100:6:Rte_Task_10ms	8	static
../Rte/Rte.c:116:6:Rte_Task_50ms	8	static
../Rte/Rte.c:123:6:Rte_Task_100ms	8	static
../Rte/Rte.c:131:6:Rte_Task_500ms	4	static
../Rte/Rte.c:138:6:Rte_Task_Shutdown	8	static
../Rte/Rte.c:148:6:Rte_Call_Cdd_Ultrasonic_TriggerMeasurement	8	static,ignoring_inline_asm
../Rte/Rte.c:160:6:Rte_Read_Cdd_Ultrasonic_Distance_f32	16	static
../Rte/Rte.c:166:6:Rte_Switch_PA5_Pin_State	8	static
../Rte/Rte.c:172:6:Rte_Read_PC13_Pin_State	16	static
../Rte/Rte.c:178:6:Rte_Write_PC13_Pin_State	16	static
../Rte/Rte.c:184:6:Rte_Read_PC6_Pin_State	16	static
../Rte/Rte.c:189:6:Rte_Read_g_CollisionWarning_Status	16	static
../Rte/Rte.c:194:6:Rte_Write_g_CollisionWarning_Status	16	static
../Rte/Rte.c:199:6:Rte_Read_DIO_Autobrakes_State_b	16	static
../Rte/Rte.c:205:6:Rte_Write_PC_2	16	static
../Rte/Rte.c:218:6:Rte_Write_PC_3	16	static
../Rte/Rte.c:231:6:Rte_Write_DIO_Autobrakes_State_b	16	static
../Rte/Rte.c:246:6:Rte_Cdd_Servo_RawMove	16	static
../Rte/Rte.c:251:6:Rte_Read_NvM_Block	16	static
../Rte/Rte.c:260:6:Rte_Write_NvM_Block	16	static
../Rte/Rte.c:265:6:Rte_Write_AN0_Voltage_u16	16	static
../Rte/Rte.c:270:6:Rte_Read_AN0_Voltage_u16	16	static
../Rte/Rte.c:280:6:Rte_Write_AN2_Voltage_u16	16	static
../Rte/Rte.c:285:6:Rte_Read_AN2_Voltage_u16	16	static
../Rte/Rte.c:295:6:Rte_Read_Remote_D0	16	static
../Rte/Rte.c:300:6:Rte_Read_Remote_D1	16	static
../Rte/Rte.c:305:6:Rte_Read_Remote_D2	16	static
../Rte/Rte.c:310:6:Rte_Read_Remote_D3	16	static
../Rte/Rte.c:316:6:Rte_Write_PB_13	16	static
../Rte/Rte.c:329:6:Rte_Write_PB_14	16	static
../Rte/Rte.c:342:6:Rte_Write_PB_15	16	static
../Rte/Rte.c:354:6:Rte_Call_DCMotor_Start	16	static
../Rte/Rte.c:359:6:Rte_Call_DCMotor_Set_Speed	16	static
../Rte/Rte.c:364:6:Rte_Call_DCMotor_Set_Dir	16	static
../Rte/Rte.c:369:6:Rte_Call_DCMotor_Stop	16	static
