../Rte/Rte.c:51:20:Rte_Call_EnterProtectedSection	4	static,ignoring_inline_asm
../Rte/Rte.c:56:20:Rte_Call_LeaveProtectedSection	4	static,ignoring_inline_asm
../Rte/Rte.c:61:6:Rte_Init	8	static
../Rte/Rte.c:68:6:Rte_Task_Master	8	static
../Rte/Rte.c:97:6:Rte_Task_10ms	8	static
../Rte/Rte.c:113:6:Rte_Task_50ms	8	static
../Rte/Rte.c:120:6:Rte_Task_100ms	8	static
../Rte/Rte.c:128:6:Rte_Task_500ms	4	static
../Rte/Rte.c:135:6:Rte_Task_Shutdown	8	static
../Rte/Rte.c:145:6:Rte_Call_Cdd_Ultrasonic_TriggerMeasurement	8	static,ignoring_inline_asm
../Rte/Rte.c:161:6:Rte_Read_Cdd_Ultrasonic_Distance_f32	16	static
../Rte/Rte.c:171:6:Rte_Switch_PA5_Pin_State	8	static
../Rte/Rte.c:181:6:Rte_Read_PC13_Pin_State	16	static
../Rte/Rte.c:192:6:Rte_Write_PC13_Pin_State	16	static
../Rte/Rte.c:202:6:Rte_Read_PC6_Pin_State	16	static
../Rte/Rte.c:212:6:Rte_Read_g_CollisionWarning_Status	16	static
../Rte/Rte.c:222:6:Rte_Write_g_CollisionWarning_Status	16	static
../Rte/Rte.c:227:6:Rte_Read_DIO_Autobrakes_State_b	16	static
../Rte/Rte.c:237:6:Rte_Write_PC_2	16	static
../Rte/Rte.c:254:6:Rte_Write_PC_3	16	static
../Rte/Rte.c:271:6:Rte_Write_DIO_Autobrakes_State_b	16	static
../Rte/Rte.c:276:6:Rte_Cdd_Servo_RawMove	16	static
../Rte/Rte.c:281:6:Rte_Read_NvM_Block	16	static
../Rte/Rte.c:290:6:Rte_Write_NvM_Block	16	static
../Rte/Rte.c:300:6:Rte_Write_AN0_Voltage_u16	16	static
../Rte/Rte.c:310:6:Rte_Read_AN0_Voltage_u16	16	static
../Rte/Rte.c:325:6:Rte_Write_AN2_Voltage_u16	16	static
../Rte/Rte.c:335:6:Rte_Read_AN2_Voltage_u16	16	static
../Rte/Rte.c:351:6:Rte_Read_Remote_D0	16	static
../Rte/Rte.c:361:6:Rte_Read_Remote_D1	16	static
../Rte/Rte.c:371:6:Rte_Read_Remote_D2	16	static
../Rte/Rte.c:381:6:Rte_Read_Remote_D3	16	static
../Rte/Rte.c:391:6:Rte_Write_PB_13	16	static
../Rte/Rte.c:408:6:Rte_Write_PB_14	16	static
../Rte/Rte.c:425:6:Rte_Write_PB_15	16	static
../Rte/Rte.c:437:6:Rte_Call_DCMotor_Start	16	static
../Rte/Rte.c:442:6:Rte_Call_DCMotor_Set_Speed	16	static
../Rte/Rte.c:447:6:Rte_Call_DCMotor_Set_Dir	16	static
../Rte/Rte.c:452:6:Rte_Call_DCMotor_Stop	16	static
