../Rte/Rte.c:51:20:Rte_Call_EnterProtectedSection	4	static,ignoring_inline_asm
../Rte/Rte.c:56:20:Rte_Call_LeaveProtectedSection	4	static,ignoring_inline_asm
../Rte/Rte.c:61:6:Rte_Init	8	static
../Rte/Rte.c:68:6:Rte_Task_Master	8	static
../Rte/Rte.c:96:6:Rte_Task_10ms	8	static
../Rte/Rte.c:112:6:Rte_Task_50ms	8	static
../Rte/Rte.c:118:6:Rte_Task_100ms	8	static
../Rte/Rte.c:126:6:Rte_Task_500ms	8	static
../Rte/Rte.c:138:6:Rte_Task_Shutdown	8	static
../Rte/Rte.c:148:6:Rte_Call_Cdd_Ultrasonic_TriggerMeasurement	8	static,ignoring_inline_asm
../Rte/Rte.c:160:6:Rte_Read_Cdd_Ultrasonic_Distance_f32	16	static
../Rte/Rte.c:166:6:Rte_Switch_PA5_Pin_State	8	static
../Rte/Rte.c:172:6:Rte_Read_PC13_Pin_State	16	static
../Rte/Rte.c:178:6:Rte_Write_PC13_Pin_State	16	static
../Rte/Rte.c:183:6:Rte_Read_g_CollisionWarning_Status	16	static
../Rte/Rte.c:188:6:Rte_Write_g_CollisionWarning_Status	16	static
../Rte/Rte.c:193:6:Rte_Read_DIO_Autobrakes_State_b	16	static
../Rte/Rte.c:198:6:Rte_Write_PC_2	16	static
../Rte/Rte.c:210:6:Rte_Write_PC_3	16	static
../Rte/Rte.c:223:6:Rte_Write_DIO_Autobrakes_State_b	16	static
../Rte/Rte.c:236:6:Rte_Cdd_Servo_RawMove	16	static
../Rte/Rte.c:241:6:Rte_Read_NvM_Block	16	static
../Rte/Rte.c:250:6:Rte_Write_NvM_Block	16	static
../Rte/Rte.c:255:6:Rte_Write_AN0_Voltage_u16	16	static
../Rte/Rte.c:260:6:Rte_Read_AN0_Voltage_u16	16	static
