../Rte/Rte.c:52:20:Rte_Call_EnterProtectedSection	4	static,ignoring_inline_asm
../Rte/Rte.c:57:20:Rte_Call_LeaveProtectedSection	4	static,ignoring_inline_asm
../Rte/Rte.c:62:6:Rte_Init	8	static
../Rte/Rte.c:69:6:Rte_Task_Master	8	static
../Rte/Rte.c:97:6:Rte_Task_10ms	8	static
../Rte/Rte.c:113:6:Rte_Task_50ms	8	static
../Rte/Rte.c:119:6:Rte_Task_100ms	8	static
../Rte/Rte.c:127:6:Rte_Task_500ms	8	static
../Rte/Rte.c:139:6:Rte_Task_Shutdown	8	static
../Rte/Rte.c:149:6:Rte_Call_Cdd_Ultrasonic_TriggerMeasurement	8	static,ignoring_inline_asm
../Rte/Rte.c:161:6:Rte_Read_Cdd_Ultrasonic_Distance_f32	16	static
../Rte/Rte.c:167:6:Rte_Switch_PA5_Pin_State	8	static
../Rte/Rte.c:173:6:Rte_Read_PC13_Pin_State	16	static
../Rte/Rte.c:179:6:Rte_Write_PC13_Pin_State	16	static
../Rte/Rte.c:184:6:Rte_Read_g_CollisionWarning_Status	16	static
../Rte/Rte.c:189:6:Rte_Write_g_CollisionWarning_Status	16	static
../Rte/Rte.c:194:6:Rte_Read_DIO_Autobrakes_State_b	16	static
../Rte/Rte.c:200:6:Rte_Write_PC_2	16	static
../Rte/Rte.c:213:6:Rte_Write_PC_3	16	static
../Rte/Rte.c:226:6:Rte_Write_DIO_Autobrakes_State_b	16	static
../Rte/Rte.c:239:6:Rte_Cdd_Servo_RawMove	16	static
../Rte/Rte.c:244:6:Rte_Read_NvM_Block	16	static
../Rte/Rte.c:253:6:Rte_Write_NvM_Block	16	static
../Rte/Rte.c:258:6:Rte_Write_AN0_Voltage_u16	16	static
../Rte/Rte.c:263:6:Rte_Read_AN0_Voltage_u16	16	static
../Rte/Rte.c:273:6:Rte_Write_AN2_Voltage_u16	16	static
../Rte/Rte.c:278:6:Rte_Read_AN2_Voltage_u16	16	static
../Rte/Rte.c:289:6:Rte_Read_Remote_D0	16	static
../Rte/Rte.c:294:6:Rte_Read_Remote_D1	16	static
../Rte/Rte.c:299:6:Rte_Read_Remote_D2	16	static
../Rte/Rte.c:304:6:Rte_Read_Remote_D3	16	static
../Rte/Rte.c:310:6:Rte_Write_PB_13	16	static
../Rte/Rte.c:323:6:Rte_Write_PB_14	16	static
../Rte/Rte.c:336:6:Rte_Write_PB_15	16	static
