../Rte/Rte.c:34:6:Rte_Init	8	static
../Rte/Rte.c:41:6:Rte_Task_StartUp	8	static
../Rte/Rte.c:62:6:Rte_Task_5ms	4	static
../Rte/Rte.c:67:6:Rte_Task_10ms	8	static
../Rte/Rte.c:82:6:Rte_Task_20ms	4	static
../Rte/Rte.c:87:6:Rte_Task_50ms	4	static
../Rte/Rte.c:92:6:Rte_Task_100ms	4	static
../Rte/Rte.c:97:6:Rte_Task_500ms	8	static
../Rte/Rte.c:109:6:Rte_Switch_PA5_Pin_State	8	static
../Rte/Rte.c:115:6:Rte_Read_PC13_Pin_State	16	static
../Rte/Rte.c:121:6:Rte_Write_PC13_Pin_State	16	static
../Rte/Rte.c:126:6:Rte_Cdd_Servo_RawMove	16	static
