../Rte/Rte.c:27:6:Rte_Init	8	static
../Rte/Rte.c:34:6:Rte_Task_StartUp	8	static
../Rte/Rte.c:55:6:Rte_Task_5ms	4	static
../Rte/Rte.c:60:6:Rte_Task_10ms	8	static
../Rte/Rte.c:75:6:Rte_Task_20ms	4	static
../Rte/Rte.c:80:6:Rte_Task_50ms	4	static
../Rte/Rte.c:85:6:Rte_Task_100ms	4	static
../Rte/Rte.c:90:6:Rte_Task_500ms	4	static
../Rte/Rte.c:97:6:Rte_Switch_PA5_Pin_State	8	static
../Rte/Rte.c:103:6:Rte_Read_PC13_Pin_State	16	static
../Rte/Rte.c:109:6:Rte_Write_PC13_Pin_State	16	static
../Rte/Rte.c:114:6:Rte_Cdd_Servo_RawMove	16	static
