../Rte/Rte.c:49:20:Rte_Call_EnterProtectedSection	4	static,ignoring_inline_asm
../Rte/Rte.c:54:20:Rte_Call_LeaveProtectedSection	4	static,ignoring_inline_asm
../Rte/Rte.c:59:6:Rte_Init	8	static
../Rte/Rte.c:66:6:Rte_Task_Master	8	static
../Rte/Rte.c:94:6:Rte_Task_10ms	8	static
../Rte/Rte.c:110:6:Rte_Task_50ms	8	static
../Rte/Rte.c:116:6:Rte_Task_100ms	8	static
../Rte/Rte.c:124:6:Rte_Task_500ms	8	static
../Rte/Rte.c:136:6:Rte_Task_Shutdown	8	static
../Rte/Rte.c:146:6:Rte_Call_Cdd_Ultrasonic_TriggerMeasurement	8	static,ignoring_inline_asm
../Rte/Rte.c:158:6:Rte_Read_Cdd_Ultrasonic_Distance_f32	16	static
../Rte/Rte.c:164:6:Rte_Switch_PA5_Pin_State	8	static
../Rte/Rte.c:170:6:Rte_Read_PC13_Pin_State	16	static
../Rte/Rte.c:176:6:Rte_Write_PC13_Pin_State	16	static
../Rte/Rte.c:182:6:Rte_Write_DIO_Autobrakes_State_b	16	static
../Rte/Rte.c:194:6:Rte_Cdd_Servo_RawMove	16	static
../Rte/Rte.c:199:6:Rte_Read_NvM_Block	16	static
../Rte/Rte.c:208:6:Rte_Write_NvM_Block	16	static
../Rte/Rte.c:213:6:Rte_Write_AN0_Voltage_u16	16	static
../Rte/Rte.c:218:6:Rte_Read_AN0_Voltage_u16	16	static
