../Rte/Rte.c:46:20:Rte_Call_EnterProtectedSection	4	static,ignoring_inline_asm
../Rte/Rte.c:51:20:Rte_Call_LeaveProtectedSection	4	static,ignoring_inline_asm
../Rte/Rte.c:56:6:Rte_Init	8	static
../Rte/Rte.c:63:6:Rte_Task_Master	8	static
../Rte/Rte.c:91:6:Rte_Task_10ms	8	static
../Rte/Rte.c:107:6:Rte_Task_50ms	8	static
../Rte/Rte.c:113:6:Rte_Task_100ms	8	static
../Rte/Rte.c:121:6:Rte_Task_500ms	8	static
../Rte/Rte.c:135:6:Rte_Call_Cdd_Ultrasonic_TriggerMeasurement	8	static,ignoring_inline_asm
../Rte/Rte.c:147:6:Rte_Read_Cdd_Ultrasonic_Distance_f32	16	static
../Rte/Rte.c:153:6:Rte_Switch_PA5_Pin_State	8	static
../Rte/Rte.c:159:6:Rte_Read_PC13_Pin_State	16	static
../Rte/Rte.c:165:6:Rte_Write_PC13_Pin_State	16	static
../Rte/Rte.c:170:6:Rte_Cdd_Servo_RawMove	16	static
../Rte/Rte.c:175:6:Rte_Read_NvM_Block_0	16	static
../Rte/Rte.c:180:6:Rte_Write_AN0_Voltage_u16	16	static
../Rte/Rte.c:185:6:Rte_Read_AN0_Voltage_u16	16	static
