../Rte/Rte.c:51:20:Rte_Call_EnterProtectedSection	4	static,ignoring_inline_asm
../Rte/Rte.c:56:20:Rte_Call_LeaveProtectedSection	4	static,ignoring_inline_asm
../Rte/Rte.c:61:6:Rte_Init	8	static
../Rte/Rte.c:68:6:Rte_Task_Master	8	static
../Rte/Rte.c:97:6:Rte_Task_10ms	8	static
../Rte/Rte.c:113:6:Rte_Task_50ms	8	static
../Rte/Rte.c:120:6:Rte_Task_100ms	8	static
../Rte/Rte.c:128:6:Rte_Task_500ms	4	static
../Rte/Rte.c:135:6:Rte_Task_Shutdown	8	static
../Rte/Rte.c:145:6:Rte_Call_Cdd_Ultrasonic_TriggerMeasurement	8	static,ignoring_inline_asm
../Rte/Rte.c:162:6:Rte_Read_Cdd_Ultrasonic_Distance_f32	16	static
../Rte/Rte.c:173:6:Rte_Switch_PA5_Pin_State	8	static
../Rte/Rte.c:184:6:Rte_Read_PC13_Pin_State	16	static
../Rte/Rte.c:195:6:Rte_Write_PC13_Pin_State	16	static
../Rte/Rte.c:206:6:Rte_Read_PC6_Pin_State	16	static
../Rte/Rte.c:216:6:Rte_Read_g_CollisionWarning_Status	16	static
../Rte/Rte.c:226:6:Rte_Write_g_CollisionWarning_Status	16	static
../Rte/Rte.c:231:6:Rte_Read_DIO_Autobrakes_State_b	16	static
../Rte/Rte.c:242:6:Rte_Write_PC_2	16	static
../Rte/Rte.c:259:6:Rte_Write_PC_3	16	static
../Rte/Rte.c:272:6:Rte_Write_DIO_Autobrakes_State_b	16	static
../Rte/Rte.c:277:6:Rte_Cdd_Servo_RawMove	16	static
../Rte/Rte.c:282:6:Rte_Read_NvM_Block	16	static
../Rte/Rte.c:291:6:Rte_Write_NvM_Block	16	static
../Rte/Rte.c:301:6:Rte_Write_AN0_Voltage_u16	16	static
../Rte/Rte.c:311:6:Rte_Read_AN0_Voltage_u16	16	static
../Rte/Rte.c:326:6:Rte_Write_AN2_Voltage_u16	16	static
../Rte/Rte.c:336:6:Rte_Read_AN2_Voltage_u16	16	static
../Rte/Rte.c:352:6:Rte_Read_Remote_D0	16	static
../Rte/Rte.c:362:6:Rte_Read_Remote_D1	16	static
../Rte/Rte.c:372:6:Rte_Read_Remote_D2	16	static
../Rte/Rte.c:382:6:Rte_Read_Remote_D3	16	static
../Rte/Rte.c:393:6:Rte_Write_PB_13	16	static
../Rte/Rte.c:406:6:Rte_Write_PB_14	16	static
../Rte/Rte.c:419:6:Rte_Write_PB_15	16	static
../Rte/Rte.c:431:6:Rte_Call_DCMotor_Start	16	static
../Rte/Rte.c:436:6:Rte_Call_DCMotor_Set_Speed	16	static
../Rte/Rte.c:441:6:Rte_Call_DCMotor_Set_Dir	16	static
../Rte/Rte.c:446:6:Rte_Call_DCMotor_Stop	16	static
