../Rte/Rte.c:42:20:Rte_Call_EnterProtectedSection	4	static,ignoring_inline_asm
../Rte/Rte.c:47:20:Rte_Call_LeaveProtectedSection	4	static,ignoring_inline_asm
../Rte/Rte.c:52:6:Rte_Init	8	static
../Rte/Rte.c:59:6:Rte_Task_StartUp	8	static
../Rte/Rte.c:84:6:Rte_Task_5ms	4	static
../Rte/Rte.c:89:6:Rte_Task_10ms	8	static
../Rte/Rte.c:104:6:Rte_Task_20ms	4	static
../Rte/Rte.c:109:6:Rte_Task_50ms	4	static
../Rte/Rte.c:114:6:Rte_Task_100ms	8	static
../Rte/Rte.c:122:6:Rte_Task_500ms	8	static
../Rte/Rte.c:135:6:Rte_Switch_PA5_Pin_State	8	static
../Rte/Rte.c:141:6:Rte_Read_PC13_Pin_State	16	static
../Rte/Rte.c:147:6:Rte_Write_PC13_Pin_State	16	static
../Rte/Rte.c:152:6:Rte_Cdd_Servo_RawMove	16	static
../Rte/Rte.c:157:6:Rte_Write_AN0_Voltage_u16	16	static
../Rte/Rte.c:162:6:Rte_Read_AN0_Voltage_u16	16	static
